Archive member included to satisfy reference by file (symbol)

/opt/gcc-arm-none-eabi-7-2018-q2-update/bin/../lib/gcc/arm-none-eabi/7.3.1/../../../../arm-none-eabi/lib/thumb/v6-m/libc_nano.a(lib_a-exit.o)
                              /opt/gcc-arm-none-eabi-7-2018-q2-update/bin/../lib/gcc/arm-none-eabi/7.3.1/../../../../arm-none-eabi/lib/thumb/v6-m/crt0.o (exit)
/opt/gcc-arm-none-eabi-7-2018-q2-update/bin/../lib/gcc/arm-none-eabi/7.3.1/../../../../arm-none-eabi/lib/thumb/v6-m/libc_nano.a(lib_a-impure.o)
                              /opt/gcc-arm-none-eabi-7-2018-q2-update/bin/../lib/gcc/arm-none-eabi/7.3.1/../../../../arm-none-eabi/lib/thumb/v6-m/libc_nano.a(lib_a-exit.o) (_global_impure_ptr)
/opt/gcc-arm-none-eabi-7-2018-q2-update/bin/../lib/gcc/arm-none-eabi/7.3.1/../../../../arm-none-eabi/lib/thumb/v6-m/libc_nano.a(lib_a-init.o)
                              /opt/gcc-arm-none-eabi-7-2018-q2-update/bin/../lib/gcc/arm-none-eabi/7.3.1/../../../../arm-none-eabi/lib/thumb/v6-m/crt0.o (__libc_init_array)
/opt/gcc-arm-none-eabi-7-2018-q2-update/bin/../lib/gcc/arm-none-eabi/7.3.1/../../../../arm-none-eabi/lib/thumb/v6-m/libc_nano.a(lib_a-memset.o)
                              /opt/gcc-arm-none-eabi-7-2018-q2-update/bin/../lib/gcc/arm-none-eabi/7.3.1/../../../../arm-none-eabi/lib/thumb/v6-m/crt0.o (memset)
/opt/gcc-arm-none-eabi-7-2018-q2-update/bin/../lib/gcc/arm-none-eabi/7.3.1/../../../../arm-none-eabi/lib/thumb/v6-m/libnosys.a(_exit.o)
                              /opt/gcc-arm-none-eabi-7-2018-q2-update/bin/../lib/gcc/arm-none-eabi/7.3.1/../../../../arm-none-eabi/lib/thumb/v6-m/libc_nano.a(lib_a-exit.o) (_exit)
/opt/gcc-arm-none-eabi-7-2018-q2-update/bin/../lib/gcc/arm-none-eabi/7.3.1/thumb/v6-m/libgcc.a(_udivsi3.o)
                              CMakeFiles/LED_RTOS_STM32F0.out.dir/Drivers/STM32F0xx_HAL_Driver/Src/stm32f0xx_hal.c.obj (__aeabi_uidiv)
/opt/gcc-arm-none-eabi-7-2018-q2-update/bin/../lib/gcc/arm-none-eabi/7.3.1/thumb/v6-m/libgcc.a(_dvmd_tls.o)
                              /opt/gcc-arm-none-eabi-7-2018-q2-update/bin/../lib/gcc/arm-none-eabi/7.3.1/thumb/v6-m/libgcc.a(_udivsi3.o) (__aeabi_idiv0)
/opt/gcc-arm-none-eabi-7-2018-q2-update/bin/../lib/gcc/arm-none-eabi/7.3.1/../../../../arm-none-eabi/lib/thumb/v6-m/libg_nano.a(lib_a-memcpy-stub.o)
                              CMakeFiles/LED_RTOS_STM32F0.out.dir/Middlewares/Third_Party/FreeRTOS/Source/queue.c.obj (memcpy)

Allocating common symbols
Common symbol       size              file

defaultTaskHandle   0x4               CMakeFiles/LED_RTOS_STM32F0.out.dir/Src/main.c.obj
uwTick              0x4               CMakeFiles/LED_RTOS_STM32F0.out.dir/Drivers/STM32F0xx_HAL_Driver/Src/stm32f0xx_hal.c.obj
xQueueRegistry      0x40              CMakeFiles/LED_RTOS_STM32F0.out.dir/Middlewares/Third_Party/FreeRTOS/Source/queue.c.obj
pFlash              0x20              CMakeFiles/LED_RTOS_STM32F0.out.dir/Drivers/STM32F0xx_HAL_Driver/Src/stm32f0xx_hal_flash.c.obj
htim2               0x48              CMakeFiles/LED_RTOS_STM32F0.out.dir/Src/main.c.obj

Discarded input sections

 .text          0x0000000000000000        0x0 /opt/gcc-arm-none-eabi-7-2018-q2-update/bin/../lib/gcc/arm-none-eabi/7.3.1/thumb/v6-m/crti.o
 .data          0x0000000000000000        0x0 /opt/gcc-arm-none-eabi-7-2018-q2-update/bin/../lib/gcc/arm-none-eabi/7.3.1/thumb/v6-m/crti.o
 .bss           0x0000000000000000        0x0 /opt/gcc-arm-none-eabi-7-2018-q2-update/bin/../lib/gcc/arm-none-eabi/7.3.1/thumb/v6-m/crti.o
 .data          0x0000000000000000        0x4 /opt/gcc-arm-none-eabi-7-2018-q2-update/bin/../lib/gcc/arm-none-eabi/7.3.1/thumb/v6-m/crtbegin.o
 .text          0x0000000000000000       0x78 /opt/gcc-arm-none-eabi-7-2018-q2-update/bin/../lib/gcc/arm-none-eabi/7.3.1/../../../../arm-none-eabi/lib/thumb/v6-m/crt0.o
 .data          0x0000000000000000        0x0 /opt/gcc-arm-none-eabi-7-2018-q2-update/bin/../lib/gcc/arm-none-eabi/7.3.1/../../../../arm-none-eabi/lib/thumb/v6-m/crt0.o
 .bss           0x0000000000000000        0x0 /opt/gcc-arm-none-eabi-7-2018-q2-update/bin/../lib/gcc/arm-none-eabi/7.3.1/../../../../arm-none-eabi/lib/thumb/v6-m/crt0.o
 .ARM.extab     0x0000000000000000        0x0 /opt/gcc-arm-none-eabi-7-2018-q2-update/bin/../lib/gcc/arm-none-eabi/7.3.1/../../../../arm-none-eabi/lib/thumb/v6-m/crt0.o
 .ARM.exidx     0x0000000000000000        0x8 /opt/gcc-arm-none-eabi-7-2018-q2-update/bin/../lib/gcc/arm-none-eabi/7.3.1/../../../../arm-none-eabi/lib/thumb/v6-m/crt0.o
 .ARM.attributes
                0x0000000000000000       0x1b /opt/gcc-arm-none-eabi-7-2018-q2-update/bin/../lib/gcc/arm-none-eabi/7.3.1/../../../../arm-none-eabi/lib/thumb/v6-m/crt0.o
 .text          0x0000000000000000        0x0 /opt/gcc-arm-none-eabi-7-2018-q2-update/bin/../lib/gcc/arm-none-eabi/7.3.1/../../../../arm-none-eabi/lib/thumb/v6-m/libc_nano.a(lib_a-exit.o)
[...]
Memory Configuration

Name             Origin             Length             Attributes
RAM              0x0000000020000000 0x0000000000008000 xrw
FLASH            0x0000000008000000 0x0000000000040000 xr
*default*        0x0000000000000000 0xffffffffffffffff

Linker script and memory map

LOAD /opt/gcc-arm-none-eabi-7-2018-q2-update/bin/../lib/gcc/arm-none-eabi/7.3.1/thumb/v6-m/crti.o
LOAD /opt/gcc-arm-none-eabi-7-2018-q2-update/bin/../lib/gcc/arm-none-eabi/7.3.1/thumb/v6-m/crtbegin.o
LOAD /opt/gcc-arm-none-eabi-7-2018-q2-update/bin/../lib/gcc/arm-none-eabi/7.3.1/../../../../arm-none-eabi/lib/thumb/v6-m/crt0.o
LOAD /opt/gcc-arm-none-eabi-7-2018-q2-update/bin/../lib/gcc/arm-none-eabi/7.3.1/../../../../arm-none-eabi/lib/thumb/v6-m/libc_nano.a
LOAD /opt/gcc-arm-none-eabi-7-2018-q2-update/bin/../lib/gcc/arm-none-eabi/7.3.1/../../../../arm-none-eabi/lib/thumb/v6-m/libm.a
LOAD /opt/gcc-arm-none-eabi-7-2018-q2-update/bin/../lib/gcc/arm-none-eabi/7.3.1/../../../../arm-none-eabi/lib/thumb/v6-m/libnosys.a
LOAD CMakeFiles/LED_RTOS_STM32F0.out.dir/startup_stm32f091xc.s.obj
LOAD CMakeFiles/LED_RTOS_STM32F0.out.dir/Drivers/STM32F0xx_HAL_Driver/Src/stm32f0xx_hal.c.obj
LOAD CMakeFiles/LED_RTOS_STM32F0.out.dir/Drivers/STM32F0xx_HAL_Driver/Src/stm32f0xx_hal_adc.c.obj
LOAD CMakeFiles/LED_RTOS_STM32F0.out.dir/Drivers/STM32F0xx_HAL_Driver/Src/stm32f0xx_hal_adc_ex.c.obj
LOAD CMakeFiles/LED_RTOS_STM32F0.out.dir/Drivers/STM32F0xx_HAL_Driver/Src/stm32f0xx_hal_can.c.obj
LOAD CMakeFiles/LED_RTOS_STM32F0.out.dir/Drivers/STM32F0xx_HAL_Driver/Src/stm32f0xx_hal_cec.c.obj
LOAD CMakeFiles/LED_RTOS_STM32F0.out.dir/Drivers/STM32F0xx_HAL_Driver/Src/stm32f0xx_hal_comp.c.obj
LOAD CMakeFiles/LED_RTOS_STM32F0.out.dir/Drivers/STM32F0xx_HAL_Driver/Src/stm32f0xx_hal_cortex.c.obj
LOAD CMakeFiles/LED_RTOS_STM32F0.out.dir/Drivers/STM32F0xx_HAL_Driver/Src/stm32f0xx_hal_crc.c.obj
LOAD CMakeFiles/LED_RTOS_STM32F0.out.dir/Drivers/STM32F0xx_HAL_Driver/Src/stm32f0xx_hal_crc_ex.c.obj
LOAD CMakeFiles/LED_RTOS_STM32F0.out.dir/Drivers/STM32F0xx_HAL_Driver/Src/stm32f0xx_hal_dac.c.obj
LOAD CMakeFiles/LED_RTOS_STM32F0.out.dir/Drivers/STM32F0xx_HAL_Driver/Src/stm32f0xx_hal_dac_ex.c.obj
LOAD CMakeFiles/LED_RTOS_STM32F0.out.dir/Drivers/STM32F0xx_HAL_Driver/Src/stm32f0xx_hal_dma.c.obj
LOAD CMakeFiles/LED_RTOS_STM32F0.out.dir/Drivers/STM32F0xx_HAL_Driver/Src/stm32f0xx_hal_exti.c.obj
LOAD CMakeFiles/LED_RTOS_STM32F0.out.dir/Drivers/STM32F0xx_HAL_Driver/Src/stm32f0xx_hal_flash.c.obj
LOAD CMakeFiles/LED_RTOS_STM32F0.out.dir/Drivers/STM32F0xx_HAL_Driver/Src/stm32f0xx_hal_flash_ex.c.obj
LOAD CMakeFiles/LED_RTOS_STM32F0.out.dir/Drivers/STM32F0xx_HAL_Driver/Src/stm32f0xx_hal_gpio.c.obj
LOAD CMakeFiles/LED_RTOS_STM32F0.out.dir/Drivers/STM32F0xx_HAL_Driver/Src/stm32f0xx_hal_i2c.c.obj
LOAD CMakeFiles/LED_RTOS_STM32F0.out.dir/Drivers/STM32F0xx_HAL_Driver/Src/stm32f0xx_hal_i2c_ex.c.obj
LOAD CMakeFiles/LED_RTOS_STM32F0.out.dir/Drivers/STM32F0xx_HAL_Driver/Src/stm32f0xx_hal_i2s.c.obj
LOAD CMakeFiles/LED_RTOS_STM32F0.out.dir/Drivers/STM32F0xx_HAL_Driver/Src/stm32f0xx_hal_irda.c.obj
LOAD CMakeFiles/LED_RTOS_STM32F0.out.dir/Drivers/STM32F0xx_HAL_Driver/Src/stm32f0xx_hal_iwdg.c.obj
LOAD CMakeFiles/LED_RTOS_STM32F0.out.dir/Drivers/STM32F0xx_HAL_Driver/Src/stm32f0xx_hal_pcd.c.obj
LOAD CMakeFiles/LED_RTOS_STM32F0.out.dir/Drivers/STM32F0xx_HAL_Driver/Src/stm32f0xx_hal_pcd_ex.c.obj
LOAD CMakeFiles/LED_RTOS_STM32F0.out.dir/Drivers/STM32F0xx_HAL_Driver/Src/stm32f0xx_hal_pwr.c.obj
LOAD CMakeFiles/LED_RTOS_STM32F0.out.dir/Drivers/STM32F0xx_HAL_Driver/Src/stm32f0xx_hal_pwr_ex.c.obj
LOAD CMakeFiles/LED_RTOS_STM32F0.out.dir/Drivers/STM32F0xx_HAL_Driver/Src/stm32f0xx_hal_rcc.c.obj
LOAD CMakeFiles/LED_RTOS_STM32F0.out.dir/Drivers/STM32F0xx_HAL_Driver/Src/stm32f0xx_hal_rcc_ex.c.obj
LOAD CMakeFiles/LED_RTOS_STM32F0.out.dir/Drivers/STM32F0xx_HAL_Driver/Src/stm32f0xx_hal_rtc.c.obj
LOAD CMakeFiles/LED_RTOS_STM32F0.out.dir/Drivers/STM32F0xx_HAL_Driver/Src/stm32f0xx_hal_rtc_ex.c.obj
LOAD CMakeFiles/LED_RTOS_STM32F0.out.dir/Drivers/STM32F0xx_HAL_Driver/Src/stm32f0xx_hal_smartcard.c.obj
LOAD CMakeFiles/LED_RTOS_STM32F0.out.dir/Drivers/STM32F0xx_HAL_Driver/Src/stm32f0xx_hal_smartcard_ex.c.obj
LOAD CMakeFiles/LED_RTOS_STM32F0.out.dir/Drivers/STM32F0xx_HAL_Driver/Src/stm32f0xx_hal_smbus.c.obj
LOAD CMakeFiles/LED_RTOS_STM32F0.out.dir/Drivers/STM32F0xx_HAL_Driver/Src/stm32f0xx_hal_spi.c.obj
LOAD CMakeFiles/LED_RTOS_STM32F0.out.dir/Drivers/STM32F0xx_HAL_Driver/Src/stm32f0xx_hal_spi_ex.c.obj
LOAD CMakeFiles/LED_RTOS_STM32F0.out.dir/Drivers/STM32F0xx_HAL_Driver/Src/stm32f0xx_hal_tim.c.obj
LOAD CMakeFiles/LED_RTOS_STM32F0.out.dir/Drivers/STM32F0xx_HAL_Driver/Src/stm32f0xx_hal_tim_ex.c.obj
LOAD CMakeFiles/LED_RTOS_STM32F0.out.dir/Drivers/STM32F0xx_HAL_Driver/Src/stm32f0xx_hal_tsc.c.obj
LOAD CMakeFiles/LED_RTOS_STM32F0.out.dir/Drivers/STM32F0xx_HAL_Driver/Src/stm32f0xx_hal_uart.c.obj
LOAD CMakeFiles/LED_RTOS_STM32F0.out.dir/Drivers/STM32F0xx_HAL_Driver/Src/stm32f0xx_hal_uart_ex.c.obj
LOAD CMakeFiles/LED_RTOS_STM32F0.out.dir/Drivers/STM32F0xx_HAL_Driver/Src/stm32f0xx_hal_usart.c.obj
LOAD CMakeFiles/LED_RTOS_STM32F0.out.dir/Drivers/STM32F0xx_HAL_Driver/Src/stm32f0xx_hal_usart_ex.c.obj
LOAD CMakeFiles/LED_RTOS_STM32F0.out.dir/Drivers/STM32F0xx_HAL_Driver/Src/stm32f0xx_hal_wwdg.c.obj
LOAD CMakeFiles/LED_RTOS_STM32F0.out.dir/Drivers/STM32F0xx_HAL_Driver/Src/stm32f0xx_ll_adc.c.obj
LOAD CMakeFiles/LED_RTOS_STM32F0.out.dir/Drivers/STM32F0xx_HAL_Driver/Src/stm32f0xx_ll_comp.c.obj
LOAD CMakeFiles/LED_RTOS_STM32F0.out.dir/Drivers/STM32F0xx_HAL_Driver/Src/stm32f0xx_ll_crc.c.obj
LOAD CMakeFiles/LED_RTOS_STM32F0.out.dir/Drivers/STM32F0xx_HAL_Driver/Src/stm32f0xx_ll_crs.c.obj
LOAD CMakeFiles/LED_RTOS_STM32F0.out.dir/Drivers/STM32F0xx_HAL_Driver/Src/stm32f0xx_ll_dac.c.obj
LOAD CMakeFiles/LED_RTOS_STM32F0.out.dir/Drivers/STM32F0xx_HAL_Driver/Src/stm32f0xx_ll_dma.c.obj
LOAD CMakeFiles/LED_RTOS_STM32F0.out.dir/Drivers/STM32F0xx_HAL_Driver/Src/stm32f0xx_ll_exti.c.obj
LOAD CMakeFiles/LED_RTOS_STM32F0.out.dir/Drivers/STM32F0xx_HAL_Driver/Src/stm32f0xx_ll_gpio.c.obj
LOAD CMakeFiles/LED_RTOS_STM32F0.out.dir/Drivers/STM32F0xx_HAL_Driver/Src/stm32f0xx_ll_i2c.c.obj
LOAD CMakeFiles/LED_RTOS_STM32F0.out.dir/Drivers/STM32F0xx_HAL_Driver/Src/stm32f0xx_ll_pwr.c.obj
LOAD CMakeFiles/LED_RTOS_STM32F0.out.dir/Drivers/STM32F0xx_HAL_Driver/Src/stm32f0xx_ll_rcc.c.obj
LOAD CMakeFiles/LED_RTOS_STM32F0.out.dir/Drivers/STM32F0xx_HAL_Driver/Src/stm32f0xx_ll_rtc.c.obj
LOAD CMakeFiles/LED_RTOS_STM32F0.out.dir/Drivers/STM32F0xx_HAL_Driver/Src/stm32f0xx_ll_spi.c.obj
LOAD CMakeFiles/LED_RTOS_STM32F0.out.dir/Drivers/STM32F0xx_HAL_Driver/Src/stm32f0xx_ll_tim.c.obj
LOAD CMakeFiles/LED_RTOS_STM32F0.out.dir/Drivers/STM32F0xx_HAL_Driver/Src/stm32f0xx_ll_usart.c.obj
LOAD CMakeFiles/LED_RTOS_STM32F0.out.dir/Drivers/STM32F0xx_HAL_Driver/Src/stm32f0xx_ll_usb.c.obj
LOAD CMakeFiles/LED_RTOS_STM32F0.out.dir/Drivers/STM32F0xx_HAL_Driver/Src/stm32f0xx_ll_utils.c.obj
LOAD CMakeFiles/LED_RTOS_STM32F0.out.dir/Src/freertos.c.obj
LOAD CMakeFiles/LED_RTOS_STM32F0.out.dir/Src/main.c.obj
LOAD CMakeFiles/LED_RTOS_STM32F0.out.dir/Src/stm32f0xx_hal_msp.c.obj
LOAD CMakeFiles/LED_RTOS_STM32F0.out.dir/Src/stm32f0xx_hal_timebase_tim.c.obj
LOAD CMakeFiles/LED_RTOS_STM32F0.out.dir/Src/stm32f0xx_it.c.obj
LOAD CMakeFiles/LED_RTOS_STM32F0.out.dir/Src/system_stm32f0xx.c.obj
LOAD CMakeFiles/LED_RTOS_STM32F0.out.dir/Middlewares/Third_Party/FreeRTOS/Source/portable/GCC/ARM_CM0/port.c.obj
LOAD CMakeFiles/LED_RTOS_STM32F0.out.dir/Middlewares/Third_Party/FreeRTOS/Source/croutine.c.obj
LOAD CMakeFiles/LED_RTOS_STM32F0.out.dir/Middlewares/Third_Party/FreeRTOS/Source/event_groups.c.obj
LOAD CMakeFiles/LED_RTOS_STM32F0.out.dir/Middlewares/Third_Party/FreeRTOS/Source/list.c.obj
LOAD CMakeFiles/LED_RTOS_STM32F0.out.dir/Middlewares/Third_Party/FreeRTOS/Source/queue.c.obj
LOAD CMakeFiles/LED_RTOS_STM32F0.out.dir/Middlewares/Third_Party/FreeRTOS/Source/stream_buffer.c.obj
LOAD CMakeFiles/LED_RTOS_STM32F0.out.dir/Middlewares/Third_Party/FreeRTOS/Source/tasks.c.obj
LOAD CMakeFiles/LED_RTOS_STM32F0.out.dir/Middlewares/Third_Party/FreeRTOS/Source/timers.c.obj
LOAD CMakeFiles/LED_RTOS_STM32F0.out.dir/Middlewares/Third_Party/FreeRTOS/Source/portable/MemMang/heap_4.c.obj
LOAD CMakeFiles/LED_RTOS_STM32F0.out.dir/Middlewares/Third_Party/FreeRTOS/Source/CMSIS_RTOS_V2/cmsis_os2.c.obj
START GROUP
LOAD /opt/gcc-arm-none-eabi-7-2018-q2-update/bin/../lib/gcc/arm-none-eabi/7.3.1/thumb/v6-m/libgcc.a
LOAD /opt/gcc-arm-none-eabi-7-2018-q2-update/bin/../lib/gcc/arm-none-eabi/7.3.1/../../../../arm-none-eabi/lib/thumb/v6-m/libg_nano.a
LOAD /opt/gcc-arm-none-eabi-7-2018-q2-update/bin/../lib/gcc/arm-none-eabi/7.3.1/../../../../arm-none-eabi/lib/thumb/v6-m/libc_nano.a
END GROUP
START GROUP
LOAD /opt/gcc-arm-none-eabi-7-2018-q2-update/bin/../lib/gcc/arm-none-eabi/7.3.1/thumb/v6-m/libgcc.a
LOAD /opt/gcc-arm-none-eabi-7-2018-q2-update/bin/../lib/gcc/arm-none-eabi/7.3.1/../../../../arm-none-eabi/lib/thumb/v6-m/libc_nano.a
END GROUP
LOAD /opt/gcc-arm-none-eabi-7-2018-q2-update/bin/../lib/gcc/arm-none-eabi/7.3.1/thumb/v6-m/crtend.o
LOAD /opt/gcc-arm-none-eabi-7-2018-q2-update/bin/../lib/gcc/arm-none-eabi/7.3.1/thumb/v6-m/crtn.o
                0x0000000020008000                _estack = 0x20008000
                0x0000000000000200                _Min_Heap_Size = 0x200
                0x0000000000000400                _Min_Stack_Size = 0x400

.isr_vector     0x0000000008000000       0xbc
                0x0000000008000000                . = ALIGN (0x4)
 *(.isr_vector)
 .isr_vector    0x0000000008000000       0xbc CMakeFiles/LED_RTOS_STM32F0.out.dir/startup_stm32f091xc.s.obj
                0x0000000008000000                g_pfnVectors
                0x00000000080000bc                . = ALIGN (0x4)

.text           0x00000000080000c0     0x3004
                0x00000000080000c0                . = ALIGN (0x4)
 *(.text)
 .text          0x00000000080000c0       0x48 /opt/gcc-arm-none-eabi-7-2018-q2-update/bin/../lib/gcc/arm-none-eabi/7.3.1/thumb/v6-m/crtbegin.o
 .text          0x0000000008000108      0x114 /opt/gcc-arm-none-eabi-7-2018-q2-update/bin/../lib/gcc/arm-none-eabi/7.3.1/thumb/v6-m/libgcc.a(_udivsi3.o)
                0x0000000008000108                __udivsi3
                0x0000000008000108                __aeabi_uidiv
                0x0000000008000214                __aeabi_uidivmod
 .text          0x000000000800021c        0x4 /opt/gcc-arm-none-eabi-7-2018-q2-update/bin/../lib/gcc/arm-none-eabi/7.3.1/thumb/v6-m/libgcc.a(_dvmd_tls.o)
                0x000000000800021c                __aeabi_ldiv0
                0x000000000800021c                __aeabi_idiv0
 *(.text*)
 .text.__libc_init_array
                0x0000000008000220       0x48 /opt/gcc-arm-none-eabi-7-2018-q2-update/bin/../lib/gcc/arm-none-eabi/7.3.1/../../../../arm-none-eabi/lib/thumb/v6-m/libc_nano.a(lib_a-init.o)
                0x0000000008000220                __libc_init_array
 .text.memset   0x0000000008000268       0x10 /opt/gcc-arm-none-eabi-7-2018-q2-update/bin/../lib/gcc/arm-none-eabi/7.3.1/../../../../arm-none-eabi/lib/thumb/v6-m/libc_nano.a(lib_a-memset.o)
                0x0000000008000268                memset
 .text.Reset_Handler
                0x0000000008000278       0x50 CMakeFiles/LED_RTOS_STM32F0.out.dir/startup_stm32f091xc.s.obj
                0x0000000008000278                Reset_Handler
 .text.Default_Handler
                0x00000000080002c8        0x2 CMakeFiles/LED_RTOS_STM32F0.out.dir/startup_stm32f091xc.s.obj
                0x00000000080002c8                TIM1_CC_IRQHandler
                0x00000000080002c8                TSC_IRQHandler
                0x00000000080002c8                ADC1_COMP_IRQHandler
                0x00000000080002c8                I2C1_IRQHandler
                0x00000000080002c8                RCC_CRS_IRQHandler
                0x00000000080002c8                SPI1_IRQHandler
                0x00000000080002c8                TIM6_DAC_IRQHandler
                0x00000000080002c8                DMA1_Ch1_IRQHandler
                0x00000000080002c8                EXTI2_3_IRQHandler
                0x00000000080002c8                I2C2_IRQHandler
                0x00000000080002c8                TIM17_IRQHandler
                0x00000000080002c8                CEC_CAN_IRQHandler
                0x00000000080002c8                RTC_IRQHandler
                0x00000000080002c8                PVD_VDDIO2_IRQHandler
                0x00000000080002c8                TIM16_IRQHandler
                0x00000000080002c8                TIM3_IRQHandler
                0x00000000080002c8                EXTI4_15_IRQHandler
                0x00000000080002c8                USART3_8_IRQHandler
                0x00000000080002c8                Default_Handler
                0x00000000080002c8                TIM14_IRQHandler
                0x00000000080002c8                TIM7_IRQHandler
                0x00000000080002c8                TIM15_IRQHandler
                0x00000000080002c8                EXTI0_1_IRQHandler
                0x00000000080002c8                SPI2_IRQHandler
                0x00000000080002c8                DMA1_Ch2_3_DMA2_Ch1_2_IRQHandler
                0x00000000080002c8                DMA1_Ch4_7_DMA2_Ch3_5_IRQHandler
                0x00000000080002c8                WWDG_IRQHandler
                0x00000000080002c8                USART2_IRQHandler
                0x00000000080002c8                FLASH_IRQHandler
                0x00000000080002c8                USART1_IRQHandler
                0x00000000080002c8                TIM1_BRK_UP_TRG_COM_IRQHandler
 *fill*         0x00000000080002ca        0x2 
 .text.HAL_Init
                0x00000000080002cc       0x20 CMakeFiles/LED_RTOS_STM32F0.out.dir/Drivers/STM32F0xx_HAL_Driver/Src/stm32f0xx_hal.c.obj
                0x00000000080002cc                HAL_Init
 .text.HAL_IncTick
                0x00000000080002ec       0x18 CMakeFiles/LED_RTOS_STM32F0.out.dir/Drivers/STM32F0xx_HAL_Driver/Src/stm32f0xx_hal.c.obj
                0x00000000080002ec                HAL_IncTick
 .text.HAL_GetTick
                0x0000000008000304        0xc CMakeFiles/LED_RTOS_STM32F0.out.dir/Drivers/STM32F0xx_HAL_Driver/Src/stm32f0xx_hal.c.obj
                0x0000000008000304                HAL_GetTick
 .text.HAL_NVIC_SetPriority
                0x0000000008000310       0x64 CMakeFiles/LED_RTOS_STM32F0.out.dir/Drivers/STM32F0xx_HAL_Driver/Src/stm32f0xx_hal_cortex.c.obj
                0x0000000008000310                HAL_NVIC_SetPriority
 .text.HAL_NVIC_EnableIRQ
                0x0000000008000374       0x18 CMakeFiles/LED_RTOS_STM32F0.out.dir/Drivers/STM32F0xx_HAL_Driver/Src/stm32f0xx_hal_cortex.c.obj
                0x0000000008000374                HAL_NVIC_EnableIRQ
 .text.HAL_GPIO_Init
                0x000000000800038c      0x198 CMakeFiles/LED_RTOS_STM32F0.out.dir/Drivers/STM32F0xx_HAL_Driver/Src/stm32f0xx_hal_gpio.c.obj
                0x000000000800038c                HAL_GPIO_Init
 .text.HAL_RCC_OscConfig
                0x0000000008000524      0x540 CMakeFiles/LED_RTOS_STM32F0.out.dir/Drivers/STM32F0xx_HAL_Driver/Src/stm32f0xx_hal_rcc.c.obj
                0x0000000008000524                HAL_RCC_OscConfig
 .text.HAL_RCC_GetSysClockFreq
                0x0000000008000a64       0x94 CMakeFiles/LED_RTOS_STM32F0.out.dir/Drivers/STM32F0xx_HAL_Driver/Src/stm32f0xx_hal_rcc.c.obj
                0x0000000008000a64                HAL_RCC_GetSysClockFreq
 .text.HAL_RCC_ClockConfig
                0x0000000008000af8      0x140 CMakeFiles/LED_RTOS_STM32F0.out.dir/Drivers/STM32F0xx_HAL_Driver/Src/stm32f0xx_hal_rcc.c.obj
                0x0000000008000af8                HAL_RCC_ClockConfig
 .text.HAL_RCC_GetHCLKFreq
                0x0000000008000c38        0xc CMakeFiles/LED_RTOS_STM32F0.out.dir/Drivers/STM32F0xx_HAL_Driver/Src/stm32f0xx_hal_rcc.c.obj
                0x0000000008000c38                HAL_RCC_GetHCLKFreq
 .text.HAL_RCC_GetPCLK1Freq
                0x0000000008000c44       0x20 CMakeFiles/LED_RTOS_STM32F0.out.dir/Drivers/STM32F0xx_HAL_Driver/Src/stm32f0xx_hal_rcc.c.obj
                0x0000000008000c44                HAL_RCC_GetPCLK1Freq
 .text.HAL_RCC_GetClockConfig
                0x0000000008000c64       0x38 CMakeFiles/LED_RTOS_STM32F0.out.dir/Drivers/STM32F0xx_HAL_Driver/Src/stm32f0xx_hal_rcc.c.obj
                0x0000000008000c64                HAL_RCC_GetClockConfig
 .text.TIM_OC1_SetConfig
                0x0000000008000c9c       0x88 CMakeFiles/LED_RTOS_STM32F0.out.dir/Drivers/STM32F0xx_HAL_Driver/Src/stm32f0xx_hal_tim.c.obj
 .text.TIM_OC3_SetConfig
                0x0000000008000d24       0x90 CMakeFiles/LED_RTOS_STM32F0.out.dir/Drivers/STM32F0xx_HAL_Driver/Src/stm32f0xx_hal_tim.c.obj
 .text.TIM_OC4_SetConfig
                0x0000000008000db4       0x74 CMakeFiles/LED_RTOS_STM32F0.out.dir/Drivers/STM32F0xx_HAL_Driver/Src/stm32f0xx_hal_tim.c.obj
 .text.TIM_TI1_ConfigInputStage
                0x0000000008000e28       0x22 CMakeFiles/LED_RTOS_STM32F0.out.dir/Drivers/STM32F0xx_HAL_Driver/Src/stm32f0xx_hal_tim.c.obj
 *fill*         0x0000000008000e4a        0x2 
 .text.TIM_TI2_ConfigInputStage
                0x0000000008000e4c       0x28 CMakeFiles/LED_RTOS_STM32F0.out.dir/Drivers/STM32F0xx_HAL_Driver/Src/stm32f0xx_hal_tim.c.obj
 .text.TIM_ITRx_SetConfig
                0x0000000008000e74       0x12 CMakeFiles/LED_RTOS_STM32F0.out.dir/Drivers/STM32F0xx_HAL_Driver/Src/stm32f0xx_hal_tim.c.obj
 .text.HAL_TIM_Base_MspInit
                0x0000000008000e86        0x2 CMakeFiles/LED_RTOS_STM32F0.out.dir/Drivers/STM32F0xx_HAL_Driver/Src/stm32f0xx_hal_tim.c.obj
                0x0000000008000e86                HAL_TIM_Base_MspInit
 .text.HAL_TIM_Base_Start_IT
                0x0000000008000e88       0x6c CMakeFiles/LED_RTOS_STM32F0.out.dir/Drivers/STM32F0xx_HAL_Driver/Src/stm32f0xx_hal_tim.c.obj
                0x0000000008000e88                HAL_TIM_Base_Start_IT
 .text.HAL_TIM_PWM_MspInit
                0x0000000008000ef4        0x2 CMakeFiles/LED_RTOS_STM32F0.out.dir/Drivers/STM32F0xx_HAL_Driver/Src/stm32f0xx_hal_tim.c.obj
                0x0000000008000ef4                HAL_TIM_PWM_MspInit
 .text.HAL_TIM_OC_DelayElapsedCallback
                0x0000000008000ef6        0x2 CMakeFiles/LED_RTOS_STM32F0.out.dir/Drivers/STM32F0xx_HAL_Driver/Src/stm32f0xx_hal_tim.c.obj
                0x0000000008000ef6                HAL_TIM_OC_DelayElapsedCallback
 .text.HAL_TIM_IC_CaptureCallback
                0x0000000008000ef8        0x2 CMakeFiles/LED_RTOS_STM32F0.out.dir/Drivers/STM32F0xx_HAL_Driver/Src/stm32f0xx_hal_tim.c.obj
                0x0000000008000ef8                HAL_TIM_IC_CaptureCallback
 .text.HAL_TIM_PWM_PulseFinishedCallback
                0x0000000008000efa        0x2 CMakeFiles/LED_RTOS_STM32F0.out.dir/Drivers/STM32F0xx_HAL_Driver/Src/stm32f0xx_hal_tim.c.obj
                0x0000000008000efa                HAL_TIM_PWM_PulseFinishedCallback
 .text.HAL_TIM_TriggerCallback
                0x0000000008000efc        0x2 CMakeFiles/LED_RTOS_STM32F0.out.dir/Drivers/STM32F0xx_HAL_Driver/Src/stm32f0xx_hal_tim.c.obj
                0x0000000008000efc                HAL_TIM_TriggerCallback
 .text.HAL_TIM_IRQHandler
                0x0000000008000efe      0x15a CMakeFiles/LED_RTOS_STM32F0.out.dir/Drivers/STM32F0xx_HAL_Driver/Src/stm32f0xx_hal_tim.c.obj
                0x0000000008000efe                HAL_TIM_IRQHandler
 .text.TIM_Base_SetConfig
                0x0000000008001058       0xa4 CMakeFiles/LED_RTOS_STM32F0.out.dir/Drivers/STM32F0xx_HAL_Driver/Src/stm32f0xx_hal_tim.c.obj
                0x0000000008001058                TIM_Base_SetConfig
 .text.HAL_TIM_Base_Init
                0x00000000080010fc       0x58 CMakeFiles/LED_RTOS_STM32F0.out.dir/Drivers/STM32F0xx_HAL_Driver/Src/stm32f0xx_hal_tim.c.obj
                0x00000000080010fc                HAL_TIM_Base_Init
 .text.HAL_TIM_PWM_Init
                0x0000000008001154       0x58 CMakeFiles/LED_RTOS_STM32F0.out.dir/Drivers/STM32F0xx_HAL_Driver/Src/stm32f0xx_hal_tim.c.obj
                0x0000000008001154                HAL_TIM_PWM_Init
 .text.TIM_OC2_SetConfig
                0x00000000080011ac       0x88 CMakeFiles/LED_RTOS_STM32F0.out.dir/Drivers/STM32F0xx_HAL_Driver/Src/stm32f0xx_hal_tim.c.obj
                0x00000000080011ac                TIM_OC2_SetConfig
 .text.HAL_TIM_PWM_ConfigChannel
                0x0000000008001234       0xe0 CMakeFiles/LED_RTOS_STM32F0.out.dir/Drivers/STM32F0xx_HAL_Driver/Src/stm32f0xx_hal_tim.c.obj
                0x0000000008001234                HAL_TIM_PWM_ConfigChannel
 .text.TIM_ETR_SetConfig
                0x0000000008001314       0x18 CMakeFiles/LED_RTOS_STM32F0.out.dir/Drivers/STM32F0xx_HAL_Driver/Src/stm32f0xx_hal_tim.c.obj
                0x0000000008001314                TIM_ETR_SetConfig
 .text.HAL_TIM_ConfigClockSource
                0x000000000800132c       0xe4 CMakeFiles/LED_RTOS_STM32F0.out.dir/Drivers/STM32F0xx_HAL_Driver/Src/stm32f0xx_hal_tim.c.obj
                0x000000000800132c                HAL_TIM_ConfigClockSource
 .text.TIM_CCxChannelCmd
                0x0000000008001410       0x1a CMakeFiles/LED_RTOS_STM32F0.out.dir/Drivers/STM32F0xx_HAL_Driver/Src/stm32f0xx_hal_tim.c.obj
                0x0000000008001410                TIM_CCxChannelCmd
 *fill*         0x000000000800142a        0x2 
 .text.HAL_TIM_PWM_Start
                0x000000000800142c       0xfc CMakeFiles/LED_RTOS_STM32F0.out.dir/Drivers/STM32F0xx_HAL_Driver/Src/stm32f0xx_hal_tim.c.obj
                0x000000000800142c                HAL_TIM_PWM_Start
 .text.HAL_TIMEx_MasterConfigSynchronization
                0x0000000008001528       0x6c CMakeFiles/LED_RTOS_STM32F0.out.dir/Drivers/STM32F0xx_HAL_Driver/Src/stm32f0xx_hal_tim_ex.c.obj
                0x0000000008001528                HAL_TIMEx_MasterConfigSynchronization
 .text.HAL_TIMEx_CommutCallback
                0x0000000008001594        0x2 CMakeFiles/LED_RTOS_STM32F0.out.dir/Drivers/STM32F0xx_HAL_Driver/Src/stm32f0xx_hal_tim_ex.c.obj
                0x0000000008001594                HAL_TIMEx_CommutCallback
 .text.HAL_TIMEx_BreakCallback
                0x0000000008001596        0x2 CMakeFiles/LED_RTOS_STM32F0.out.dir/Drivers/STM32F0xx_HAL_Driver/Src/stm32f0xx_hal_tim_ex.c.obj
                0x0000000008001596                HAL_TIMEx_BreakCallback
 .text.MX_GPIO_Init
                0x0000000008001598       0x20 CMakeFiles/LED_RTOS_STM32F0.out.dir/Src/main.c.obj
 .text.StartDefaultTask
                0x00000000080015b8       0x34 CMakeFiles/LED_RTOS_STM32F0.out.dir/Src/main.c.obj
                0x00000000080015b8                StartDefaultTask
 .text.HAL_TIM_PeriodElapsedCallback
                0x00000000080015ec       0x18 CMakeFiles/LED_RTOS_STM32F0.out.dir/Src/main.c.obj
                0x00000000080015ec                HAL_TIM_PeriodElapsedCallback
 .text.Error_Handler
                0x0000000008001604        0x4 CMakeFiles/LED_RTOS_STM32F0.out.dir/Src/main.c.obj
                0x0000000008001604                Error_Handler
 .text.MX_TIM2_Init
                0x0000000008001608       0xe0 CMakeFiles/LED_RTOS_STM32F0.out.dir/Src/main.c.obj
 .text.SystemClock_Config
                0x00000000080016e8       0x62 CMakeFiles/LED_RTOS_STM32F0.out.dir/Src/main.c.obj
                0x00000000080016e8                SystemClock_Config
 *fill*         0x000000000800174a        0x2 
 .text.main     0x000000000800174c       0x44 CMakeFiles/LED_RTOS_STM32F0.out.dir/Src/main.c.obj
                0x000000000800174c                main
 .text.HAL_MspInit
                0x0000000008001790       0x3c CMakeFiles/LED_RTOS_STM32F0.out.dir/Src/stm32f0xx_hal_msp.c.obj
                0x0000000008001790                HAL_MspInit
 .text.HAL_InitTick
                0x00000000080017cc       0x74 CMakeFiles/LED_RTOS_STM32F0.out.dir/Src/stm32f0xx_hal_timebase_tim.c.obj
                0x00000000080017cc                HAL_InitTick
 .text.NMI_Handler
                0x0000000008001840        0x2 CMakeFiles/LED_RTOS_STM32F0.out.dir/Src/stm32f0xx_it.c.obj
                0x0000000008001840                NMI_Handler
 .text.HardFault_Handler
                0x0000000008001842        0x2 CMakeFiles/LED_RTOS_STM32F0.out.dir/Src/stm32f0xx_it.c.obj
                0x0000000008001842                HardFault_Handler
 .text.TIM2_IRQHandler
                0x0000000008001844       0x10 CMakeFiles/LED_RTOS_STM32F0.out.dir/Src/stm32f0xx_it.c.obj
                0x0000000008001844                TIM2_IRQHandler
 .text.SystemInit
                0x0000000008001854        0x2 CMakeFiles/LED_RTOS_STM32F0.out.dir/Src/system_stm32f0xx.c.obj
                0x0000000008001854                SystemInit
 *fill*         0x0000000008001856        0x2 
 .text.prvTaskExitError
                0x0000000008001858       0x24 CMakeFiles/LED_RTOS_STM32F0.out.dir/Middlewares/Third_Party/FreeRTOS/Source/portable/GCC/ARM_CM0/port.c.obj
 *fill*         0x000000000800187c        0x4 
 .text.vPortStartFirstTask
                0x0000000008001880       0x34 CMakeFiles/LED_RTOS_STM32F0.out.dir/Middlewares/Third_Party/FreeRTOS/Source/portable/GCC/ARM_CM0/port.c.obj
 .text.prvSetupTimerInterrupt
                0x00000000080018b4       0x34 CMakeFiles/LED_RTOS_STM32F0.out.dir/Middlewares/Third_Party/FreeRTOS/Source/portable/GCC/ARM_CM0/port.c.obj
 .text.pxPortInitialiseStack
                0x00000000080018e8       0x20 CMakeFiles/LED_RTOS_STM32F0.out.dir/Middlewares/Third_Party/FreeRTOS/Source/portable/GCC/ARM_CM0/port.c.obj
                0x00000000080018e8                pxPortInitialiseStack
 .text.SVC_Handler
                0x0000000008001908        0x2 CMakeFiles/LED_RTOS_STM32F0.out.dir/Middlewares/Third_Party/FreeRTOS/Source/portable/GCC/ARM_CM0/port.c.obj
                0x0000000008001908                SVC_Handler
 *fill*         0x000000000800190a        0x2 
 .text.xPortStartScheduler
                0x000000000800190c       0x3c CMakeFiles/LED_RTOS_STM32F0.out.dir/Middlewares/Third_Party/FreeRTOS/Source/portable/GCC/ARM_CM0/port.c.obj
                0x000000000800190c                xPortStartScheduler
 .text.vPortYield
                0x0000000008001948       0x18 CMakeFiles/LED_RTOS_STM32F0.out.dir/Middlewares/Third_Party/FreeRTOS/Source/portable/GCC/ARM_CM0/port.c.obj
                0x0000000008001948                vPortYield
 .text.vPortEnterCritical
                0x0000000008001960       0x18 CMakeFiles/LED_RTOS_STM32F0.out.dir/Middlewares/Third_Party/FreeRTOS/Source/portable/GCC/ARM_CM0/port.c.obj
                0x0000000008001960                vPortEnterCritical
 .text.vPortExitCritical
                0x0000000008001978       0x20 CMakeFiles/LED_RTOS_STM32F0.out.dir/Middlewares/Third_Party/FreeRTOS/Source/portable/GCC/ARM_CM0/port.c.obj
                0x0000000008001978                vPortExitCritical
 .text.ulSetInterruptMaskFromISR
                0x0000000008001998        0x8 CMakeFiles/LED_RTOS_STM32F0.out.dir/Middlewares/Third_Party/FreeRTOS/Source/portable/GCC/ARM_CM0/port.c.obj
                0x0000000008001998                ulSetInterruptMaskFromISR
 .text.vClearInterruptMaskFromISR
                0x00000000080019a0        0x6 CMakeFiles/LED_RTOS_STM32F0.out.dir/Middlewares/Third_Party/FreeRTOS/Source/portable/GCC/ARM_CM0/port.c.obj
                0x00000000080019a0                vClearInterruptMaskFromISR
 *fill*         0x00000000080019a6        0xa 
 .text.PendSV_Handler
                0x00000000080019b0       0x44 CMakeFiles/LED_RTOS_STM32F0.out.dir/Middlewares/Third_Party/FreeRTOS/Source/portable/GCC/ARM_CM0/port.c.obj
                0x00000000080019b0                PendSV_Handler
 .text.SysTick_Handler
                0x00000000080019f4       0x24 CMakeFiles/LED_RTOS_STM32F0.out.dir/Middlewares/Third_Party/FreeRTOS/Source/portable/GCC/ARM_CM0/port.c.obj
                0x00000000080019f4                SysTick_Handler
 .text.vListInitialise
                0x0000000008001a18       0x16 CMakeFiles/LED_RTOS_STM32F0.out.dir/Middlewares/Third_Party/FreeRTOS/Source/list.c.obj
                0x0000000008001a18                vListInitialise
 .text.vListInitialiseItem
                0x0000000008001a2e        0x6 CMakeFiles/LED_RTOS_STM32F0.out.dir/Middlewares/Third_Party/FreeRTOS/Source/list.c.obj
                0x0000000008001a2e                vListInitialiseItem
 .text.vListInsertEnd
                0x0000000008001a34       0x18 CMakeFiles/LED_RTOS_STM32F0.out.dir/Middlewares/Third_Party/FreeRTOS/Source/list.c.obj
                0x0000000008001a34                vListInsertEnd
 .text.vListInsert
                0x0000000008001a4c       0x30 CMakeFiles/LED_RTOS_STM32F0.out.dir/Middlewares/Third_Party/FreeRTOS/Source/list.c.obj
                0x0000000008001a4c                vListInsert
 .text.uxListRemove
                0x0000000008001a7c       0x28 CMakeFiles/LED_RTOS_STM32F0.out.dir/Middlewares/Third_Party/FreeRTOS/Source/list.c.obj
                0x0000000008001a7c                uxListRemove
 .text.prvIsQueueFull
                0x0000000008001aa4       0x1e CMakeFiles/LED_RTOS_STM32F0.out.dir/Middlewares/Third_Party/FreeRTOS/Source/queue.c.obj
 .text.prvIsQueueEmpty
                0x0000000008001ac2       0x1c CMakeFiles/LED_RTOS_STM32F0.out.dir/Middlewares/Third_Party/FreeRTOS/Source/queue.c.obj
 .text.prvCopyDataToQueue
                0x0000000008001ade       0x82 CMakeFiles/LED_RTOS_STM32F0.out.dir/Middlewares/Third_Party/FreeRTOS/Source/queue.c.obj
 .text.prvCopyDataFromQueue
                0x0000000008001b60       0x24 CMakeFiles/LED_RTOS_STM32F0.out.dir/Middlewares/Third_Party/FreeRTOS/Source/queue.c.obj
 .text.prvUnlockQueue
                0x0000000008001b84       0x72 CMakeFiles/LED_RTOS_STM32F0.out.dir/Middlewares/Third_Party/FreeRTOS/Source/queue.c.obj
 .text.xQueueGenericReset
                0x0000000008001bf6       0x6e CMakeFiles/LED_RTOS_STM32F0.out.dir/Middlewares/Third_Party/FreeRTOS/Source/queue.c.obj
                0x0000000008001bf6                xQueueGenericReset
 .text.prvInitialiseNewQueue
                0x0000000008001c64       0x22 CMakeFiles/LED_RTOS_STM32F0.out.dir/Middlewares/Third_Party/FreeRTOS/Source/queue.c.obj
 .text.xQueueGenericCreateStatic
                0x0000000008001c86       0x52 CMakeFiles/LED_RTOS_STM32F0.out.dir/Middlewares/Third_Party/FreeRTOS/Source/queue.c.obj
                0x0000000008001c86                xQueueGenericCreateStatic
 .text.xQueueGenericSend
                0x0000000008001cd8      0x12a CMakeFiles/LED_RTOS_STM32F0.out.dir/Middlewares/Third_Party/FreeRTOS/Source/queue.c.obj
                0x0000000008001cd8                xQueueGenericSend
 .text.xQueueGenericSendFromISR
                0x0000000008001e02       0x9a CMakeFiles/LED_RTOS_STM32F0.out.dir/Middlewares/Third_Party/FreeRTOS/Source/queue.c.obj
                0x0000000008001e02                xQueueGenericSendFromISR
 .text.xQueueReceive
                0x0000000008001e9c      0x11a CMakeFiles/LED_RTOS_STM32F0.out.dir/Middlewares/Third_Party/FreeRTOS/Source/queue.c.obj
                0x0000000008001e9c                xQueueReceive
 *fill*         0x0000000008001fb6        0x2 
 .text.vQueueAddToRegistry
                0x0000000008001fb8       0x24 CMakeFiles/LED_RTOS_STM32F0.out.dir/Middlewares/Third_Party/FreeRTOS/Source/queue.c.obj
                0x0000000008001fb8                vQueueAddToRegistry
 .text.vQueueWaitForMessageRestricted
                0x0000000008001fdc       0x50 CMakeFiles/LED_RTOS_STM32F0.out.dir/Middlewares/Third_Party/FreeRTOS/Source/queue.c.obj
                0x0000000008001fdc                vQueueWaitForMessageRestricted
 .text.prvResetNextTaskUnblockTime
                0x000000000800202c       0x2c CMakeFiles/LED_RTOS_STM32F0.out.dir/Middlewares/Third_Party/FreeRTOS/Source/tasks.c.obj
 .text.prvInitialiseNewTask
                0x0000000008002058       0x9c CMakeFiles/LED_RTOS_STM32F0.out.dir/Middlewares/Third_Party/FreeRTOS/Source/tasks.c.obj
 .text.prvInitialiseTaskLists
                0x00000000080020f4       0x68 CMakeFiles/LED_RTOS_STM32F0.out.dir/Middlewares/Third_Party/FreeRTOS/Source/tasks.c.obj
 .text.prvAddNewTaskToReadyList
                0x000000000800215c       0xa4 CMakeFiles/LED_RTOS_STM32F0.out.dir/Middlewares/Third_Party/FreeRTOS/Source/tasks.c.obj
 .text.prvDeleteTCB
                0x0000000008002200       0x2c CMakeFiles/LED_RTOS_STM32F0.out.dir/Middlewares/Third_Party/FreeRTOS/Source/tasks.c.obj
 .text.prvCheckTasksWaitingTermination
                0x000000000800222c       0x44 CMakeFiles/LED_RTOS_STM32F0.out.dir/Middlewares/Third_Party/FreeRTOS/Source/tasks.c.obj
 .text.prvIdleTask
                0x0000000008002270       0x18 CMakeFiles/LED_RTOS_STM32F0.out.dir/Middlewares/Third_Party/FreeRTOS/Source/tasks.c.obj
 .text.prvAddCurrentTaskToDelayedList
                0x0000000008002288       0x7c CMakeFiles/LED_RTOS_STM32F0.out.dir/Middlewares/Third_Party/FreeRTOS/Source/tasks.c.obj
 .text.xTaskCreateStatic
                0x0000000008002304       0x4c CMakeFiles/LED_RTOS_STM32F0.out.dir/Middlewares/Third_Party/FreeRTOS/Source/tasks.c.obj
                0x0000000008002304                xTaskCreateStatic
 .text.xTaskCreate
                0x0000000008002350       0x64 CMakeFiles/LED_RTOS_STM32F0.out.dir/Middlewares/Third_Party/FreeRTOS/Source/tasks.c.obj
                0x0000000008002350                xTaskCreate
 .text.vTaskStartScheduler
                0x00000000080023b4       0x78 CMakeFiles/LED_RTOS_STM32F0.out.dir/Middlewares/Third_Party/FreeRTOS/Source/tasks.c.obj
                0x00000000080023b4                vTaskStartScheduler
 .text.vTaskSuspendAll
                0x000000000800242c       0x10 CMakeFiles/LED_RTOS_STM32F0.out.dir/Middlewares/Third_Party/FreeRTOS/Source/tasks.c.obj
                0x000000000800242c                vTaskSuspendAll
 .text.xTaskGetTickCount
                0x000000000800243c        0xc CMakeFiles/LED_RTOS_STM32F0.out.dir/Middlewares/Third_Party/FreeRTOS/Source/tasks.c.obj
                0x000000000800243c                xTaskGetTickCount
 .text.xTaskIncrementTick
                0x0000000008002448      0x114 CMakeFiles/LED_RTOS_STM32F0.out.dir/Middlewares/Third_Party/FreeRTOS/Source/tasks.c.obj
                0x0000000008002448                xTaskIncrementTick
 .text.xTaskResumeAll
                0x000000000800255c       0xe8 CMakeFiles/LED_RTOS_STM32F0.out.dir/Middlewares/Third_Party/FreeRTOS/Source/tasks.c.obj
                0x000000000800255c                xTaskResumeAll
 .text.vTaskDelay
                0x0000000008002644       0x30 CMakeFiles/LED_RTOS_STM32F0.out.dir/Middlewares/Third_Party/FreeRTOS/Source/tasks.c.obj
                0x0000000008002644                vTaskDelay
 .text.vTaskSwitchContext
                0x0000000008002674       0x8c CMakeFiles/LED_RTOS_STM32F0.out.dir/Middlewares/Third_Party/FreeRTOS/Source/tasks.c.obj
                0x0000000008002674                vTaskSwitchContext
 .text.vTaskPlaceOnEventList
                0x0000000008002700       0x24 CMakeFiles/LED_RTOS_STM32F0.out.dir/Middlewares/Third_Party/FreeRTOS/Source/tasks.c.obj
                0x0000000008002700                vTaskPlaceOnEventList
 .text.vTaskPlaceOnEventListRestricted
                0x0000000008002724       0x30 CMakeFiles/LED_RTOS_STM32F0.out.dir/Middlewares/Third_Party/FreeRTOS/Source/tasks.c.obj
                0x0000000008002724                vTaskPlaceOnEventListRestricted
 .text.xTaskRemoveFromEventList
                0x0000000008002754       0x84 CMakeFiles/LED_RTOS_STM32F0.out.dir/Middlewares/Third_Party/FreeRTOS/Source/tasks.c.obj
                0x0000000008002754                xTaskRemoveFromEventList
 .text.vTaskInternalSetTimeOutState
                0x00000000080027d8       0x18 CMakeFiles/LED_RTOS_STM32F0.out.dir/Middlewares/Third_Party/FreeRTOS/Source/tasks.c.obj
                0x00000000080027d8                vTaskInternalSetTimeOutState
 .text.xTaskCheckForTimeOut
                0x00000000080027f0       0x68 CMakeFiles/LED_RTOS_STM32F0.out.dir/Middlewares/Third_Party/FreeRTOS/Source/tasks.c.obj
                0x00000000080027f0                xTaskCheckForTimeOut
 .text.vTaskMissedYield
                0x0000000008002858        0xc CMakeFiles/LED_RTOS_STM32F0.out.dir/Middlewares/Third_Party/FreeRTOS/Source/tasks.c.obj
                0x0000000008002858                vTaskMissedYield
 .text.xTaskGetSchedulerState
                0x0000000008002864       0x24 CMakeFiles/LED_RTOS_STM32F0.out.dir/Middlewares/Third_Party/FreeRTOS/Source/tasks.c.obj
                0x0000000008002864                xTaskGetSchedulerState
 .text.xTaskPriorityDisinherit
                0x0000000008002888       0x74 CMakeFiles/LED_RTOS_STM32F0.out.dir/Middlewares/Third_Party/FreeRTOS/Source/tasks.c.obj
                0x0000000008002888                xTaskPriorityDisinherit
 .text.prvGetNextExpireTime
                0x00000000080028fc       0x20 CMakeFiles/LED_RTOS_STM32F0.out.dir/Middlewares/Third_Party/FreeRTOS/Source/timers.c.obj
 .text.prvInsertTimerInActiveList
                0x000000000800291c       0x48 CMakeFiles/LED_RTOS_STM32F0.out.dir/Middlewares/Third_Party/FreeRTOS/Source/timers.c.obj
 .text.prvCheckForValidListAndQueue
                0x0000000008002964       0x70 CMakeFiles/LED_RTOS_STM32F0.out.dir/Middlewares/Third_Party/FreeRTOS/Source/timers.c.obj
 .text.xTimerCreateTimerTask
                0x00000000080029d4       0x5c CMakeFiles/LED_RTOS_STM32F0.out.dir/Middlewares/Third_Party/FreeRTOS/Source/timers.c.obj
                0x00000000080029d4                xTimerCreateTimerTask
 .text.xTimerGenericCommand
                0x0000000008002a30       0x60 CMakeFiles/LED_RTOS_STM32F0.out.dir/Middlewares/Third_Party/FreeRTOS/Source/timers.c.obj
                0x0000000008002a30                xTimerGenericCommand
 .text.prvSwitchTimerLists
                0x0000000008002a90       0x6c CMakeFiles/LED_RTOS_STM32F0.out.dir/Middlewares/Third_Party/FreeRTOS/Source/timers.c.obj
 .text.prvSampleTimeNow
                0x0000000008002afc       0x2c CMakeFiles/LED_RTOS_STM32F0.out.dir/Middlewares/Third_Party/FreeRTOS/Source/timers.c.obj
 .text.prvProcessExpiredTimer
                0x0000000008002b28       0x54 CMakeFiles/LED_RTOS_STM32F0.out.dir/Middlewares/Third_Party/FreeRTOS/Source/timers.c.obj
 .text.prvProcessTimerOrBlockTask
                0x0000000008002b7c       0x6c CMakeFiles/LED_RTOS_STM32F0.out.dir/Middlewares/Third_Party/FreeRTOS/Source/timers.c.obj
 .text.prvProcessReceivedCommands
                0x0000000008002be8       0xc8 CMakeFiles/LED_RTOS_STM32F0.out.dir/Middlewares/Third_Party/FreeRTOS/Source/timers.c.obj
 .text.prvTimerTask
                0x0000000008002cb0       0x16 CMakeFiles/LED_RTOS_STM32F0.out.dir/Middlewares/Third_Party/FreeRTOS/Source/timers.c.obj
 *fill*         0x0000000008002cc6        0x2 
 .text.prvHeapInit
                0x0000000008002cc8       0x64 CMakeFiles/LED_RTOS_STM32F0.out.dir/Middlewares/Third_Party/FreeRTOS/Source/portable/MemMang/heap_4.c.obj
 .text.prvInsertBlockIntoFreeList
                0x0000000008002d2c       0x54 CMakeFiles/LED_RTOS_STM32F0.out.dir/Middlewares/Third_Party/FreeRTOS/Source/portable/MemMang/heap_4.c.obj
 .text.pvPortMalloc
                0x0000000008002d80       0xd8 CMakeFiles/LED_RTOS_STM32F0.out.dir/Middlewares/Third_Party/FreeRTOS/Source/portable/MemMang/heap_4.c.obj
                0x0000000008002d80                pvPortMalloc
 .text.vPortFree
                0x0000000008002e58       0x54 CMakeFiles/LED_RTOS_STM32F0.out.dir/Middlewares/Third_Party/FreeRTOS/Source/portable/MemMang/heap_4.c.obj
                0x0000000008002e58                vPortFree
 .text.osKernelInitialize
                0x0000000008002eac       0x40 CMakeFiles/LED_RTOS_STM32F0.out.dir/Middlewares/Third_Party/FreeRTOS/Source/CMSIS_RTOS_V2/cmsis_os2.c.obj
                0x0000000008002eac                osKernelInitialize
 .text.osKernelStart
                0x0000000008002eec       0x48 CMakeFiles/LED_RTOS_STM32F0.out.dir/Middlewares/Third_Party/FreeRTOS/Source/CMSIS_RTOS_V2/cmsis_os2.c.obj
                0x0000000008002eec                osKernelStart
 .text.osThreadNew
                0x0000000008002f34       0xf8 CMakeFiles/LED_RTOS_STM32F0.out.dir/Middlewares/Third_Party/FreeRTOS/Source/CMSIS_RTOS_V2/cmsis_os2.c.obj
                0x0000000008002f34                osThreadNew
 .text.osDelay  0x000000000800302c       0x3c CMakeFiles/LED_RTOS_STM32F0.out.dir/Middlewares/Third_Party/FreeRTOS/Source/CMSIS_RTOS_V2/cmsis_os2.c.obj
                0x000000000800302c                osDelay
 .text.vApplicationGetIdleTaskMemory
                0x0000000008003068       0x18 CMakeFiles/LED_RTOS_STM32F0.out.dir/Middlewares/Third_Party/FreeRTOS/Source/CMSIS_RTOS_V2/cmsis_os2.c.obj
                0x0000000008003068                vApplicationGetIdleTaskMemory
 .text.vApplicationGetTimerTaskMemory
                0x0000000008003080       0x18 CMakeFiles/LED_RTOS_STM32F0.out.dir/Middlewares/Third_Party/FreeRTOS/Source/CMSIS_RTOS_V2/cmsis_os2.c.obj
                0x0000000008003080                vApplicationGetTimerTaskMemory
 .text.memcpy   0x0000000008003098       0x12 /opt/gcc-arm-none-eabi-7-2018-q2-update/bin/../lib/gcc/arm-none-eabi/7.3.1/../../../../arm-none-eabi/lib/thumb/v6-m/libg_nano.a(lib_a-memcpy-stub.o)
                0x0000000008003098                memcpy
 *(.glue_7)
 .glue_7        0x00000000080030aa        0x0 linker stubs
 *(.glue_7t)
 .glue_7t       0x00000000080030aa        0x0 linker stubs
 *(.eh_frame)
 *fill*         0x00000000080030aa        0x2 
 .eh_frame      0x00000000080030ac        0x0 /opt/gcc-arm-none-eabi-7-2018-q2-update/bin/../lib/gcc/arm-none-eabi/7.3.1/thumb/v6-m/crtbegin.o
 *(.init)
 .init          0x00000000080030ac        0x4 /opt/gcc-arm-none-eabi-7-2018-q2-update/bin/../lib/gcc/arm-none-eabi/7.3.1/thumb/v6-m/crti.o
                0x00000000080030ac                _init
 .init          0x00000000080030b0        0x8 /opt/gcc-arm-none-eabi-7-2018-q2-update/bin/../lib/gcc/arm-none-eabi/7.3.1/thumb/v6-m/crtn.o
 *(.fini)
 .fini          0x00000000080030b8        0x4 /opt/gcc-arm-none-eabi-7-2018-q2-update/bin/../lib/gcc/arm-none-eabi/7.3.1/thumb/v6-m/crti.o
                0x00000000080030b8                _fini
 .fini          0x00000000080030bc        0x8 /opt/gcc-arm-none-eabi-7-2018-q2-update/bin/../lib/gcc/arm-none-eabi/7.3.1/thumb/v6-m/crtn.o
                0x00000000080030c4                . = ALIGN (0x4)
                0x00000000080030c4                _etext = .

.vfp11_veneer   0x00000000080030c4        0x0
 .vfp11_veneer  0x00000000080030c4        0x0 linker stubs

.v4_bx          0x00000000080030c4        0x0
 .v4_bx         0x00000000080030c4        0x0 linker stubs

.iplt           0x00000000080030c4        0x0
 .iplt          0x00000000080030c4        0x0 /opt/gcc-arm-none-eabi-7-2018-q2-update/bin/../lib/gcc/arm-none-eabi/7.3.1/thumb/v6-m/crtbegin.o

.rodata         0x00000000080030c4       0xa8
                0x00000000080030c4                . = ALIGN (0x4)
 *(.rodata)
 .rodata        0x00000000080030c4       0x20 CMakeFiles/LED_RTOS_STM32F0.out.dir/Drivers/STM32F0xx_HAL_Driver/Src/stm32f0xx_hal_rcc.c.obj
 *(.rodata*)
 .rodata.defaultTask_attributes
                0x00000000080030e4       0x24 CMakeFiles/LED_RTOS_STM32F0.out.dir/Src/main.c.obj
                0x00000000080030e4                defaultTask_attributes
 .rodata.str1.4
                0x0000000008003108        0xc CMakeFiles/LED_RTOS_STM32F0.out.dir/Src/main.c.obj
 .rodata.AHBPrescTable
                0x0000000008003114       0x10 CMakeFiles/LED_RTOS_STM32F0.out.dir/Src/system_stm32f0xx.c.obj
                0x0000000008003114                AHBPrescTable
 .rodata.APBPrescTable
                0x0000000008003124        0x8 CMakeFiles/LED_RTOS_STM32F0.out.dir/Src/system_stm32f0xx.c.obj
                0x0000000008003124                APBPrescTable
 .rodata.vTaskStartScheduler.str1.4
                0x000000000800312c        0x5 CMakeFiles/LED_RTOS_STM32F0.out.dir/Middlewares/Third_Party/FreeRTOS/Source/tasks.c.obj
 *fill*         0x0000000008003131        0x3 
 .rodata.prvProcessReceivedCommands
                0x0000000008003134       0x28 CMakeFiles/LED_RTOS_STM32F0.out.dir/Middlewares/Third_Party/FreeRTOS/Source/timers.c.obj
 .rodata.prvCheckForValidListAndQueue.str1.4
                0x000000000800315c        0x5 CMakeFiles/LED_RTOS_STM32F0.out.dir/Middlewares/Third_Party/FreeRTOS/Source/timers.c.obj
 *fill*         0x0000000008003161        0x3 
 .rodata.xTimerCreateTimerTask.str1.4
                0x0000000008003164        0x8 CMakeFiles/LED_RTOS_STM32F0.out.dir/Middlewares/Third_Party/FreeRTOS/Source/timers.c.obj
                0x000000000800316c                . = ALIGN (0x4)

.rel.dyn        0x000000000800316c        0x0
 .rel.iplt      0x000000000800316c        0x0 /opt/gcc-arm-none-eabi-7-2018-q2-update/bin/../lib/gcc/arm-none-eabi/7.3.1/thumb/v6-m/crtbegin.o

.ARM.extab
 *(.ARM.extab* .gnu.linkonce.armextab.*)

.ARM            0x000000000800316c        0x0
                0x000000000800316c                __exidx_start = .
 *(.ARM.exidx*)
                0x000000000800316c                __exidx_end = .

.preinit_array  0x000000000800316c        0x0
                0x000000000800316c                PROVIDE (__preinit_array_start = .)
 *(.preinit_array*)
                0x000000000800316c                PROVIDE (__preinit_array_end = .)

.init_array     0x000000000800316c        0x4
                0x000000000800316c                PROVIDE (__init_array_start = .)
 *(SORT_BY_NAME(.init_array.*))
 *(.init_array*)
 .init_array    0x000000000800316c        0x4 /opt/gcc-arm-none-eabi-7-2018-q2-update/bin/../lib/gcc/arm-none-eabi/7.3.1/thumb/v6-m/crtbegin.o
                0x0000000008003170                PROVIDE (__init_array_end = .)

.fini_array     0x0000000008003170        0x4
                [!provide]                        PROVIDE (__fini_array_start = .)
 *(SORT_BY_NAME(.fini_array.*))
 *(.fini_array*)
 .fini_array    0x0000000008003170        0x4 /opt/gcc-arm-none-eabi-7-2018-q2-update/bin/../lib/gcc/arm-none-eabi/7.3.1/thumb/v6-m/crtbegin.o
                [!provide]                        PROVIDE (__fini_array_end = .)
                0x0000000008003174                _sidata = LOADADDR (.data)

.data           0x0000000020000000        0xc load address 0x0000000008003174
                0x0000000020000000                . = ALIGN (0x4)
                0x0000000020000000                _sdata = .
 *(.data)
 *(.data*)
 .data.uwTickFreq
                0x0000000020000000        0x1 CMakeFiles/LED_RTOS_STM32F0.out.dir/Drivers/STM32F0xx_HAL_Driver/Src/stm32f0xx_hal.c.obj
                0x0000000020000000                uwTickFreq
 *fill*         0x0000000020000001        0x3 
 .data.SystemCoreClock
                0x0000000020000004        0x4 CMakeFiles/LED_RTOS_STM32F0.out.dir/Src/system_stm32f0xx.c.obj
                0x0000000020000004                SystemCoreClock
 .data.uxCriticalNesting
                0x0000000020000008        0x4 CMakeFiles/LED_RTOS_STM32F0.out.dir/Middlewares/Third_Party/FreeRTOS/Source/portable/GCC/ARM_CM0/port.c.obj
                0x000000002000000c                . = ALIGN (0x4)
                0x000000002000000c                _edata = .

.igot.plt       0x000000002000000c        0x0 load address 0x0000000008003180
 .igot.plt      0x000000002000000c        0x0 /opt/gcc-arm-none-eabi-7-2018-q2-update/bin/../lib/gcc/arm-none-eabi/7.3.1/thumb/v6-m/crtbegin.o
                0x000000002000000c                . = ALIGN (0x4)

.bss            0x000000002000000c     0x19a8 load address 0x0000000008003180
                0x000000002000000c                _sbss = .
                0x000000002000000c                __bss_start__ = _sbss
 *(.bss)
 .bss           0x000000002000000c       0x1c /opt/gcc-arm-none-eabi-7-2018-q2-update/bin/../lib/gcc/arm-none-eabi/7.3.1/thumb/v6-m/crtbegin.o
 *(.bss*)
 .bss.pxCurrentTCB
                0x0000000020000028        0x4 CMakeFiles/LED_RTOS_STM32F0.out.dir/Middlewares/Third_Party/FreeRTOS/Source/tasks.c.obj
                0x0000000020000028                pxCurrentTCB
 .bss.pxDelayedTaskList
                0x000000002000002c        0x4 CMakeFiles/LED_RTOS_STM32F0.out.dir/Middlewares/Third_Party/FreeRTOS/Source/tasks.c.obj
 .bss.pxOverflowDelayedTaskList
                0x0000000020000030        0x4 CMakeFiles/LED_RTOS_STM32F0.out.dir/Middlewares/Third_Party/FreeRTOS/Source/tasks.c.obj
 .bss.pxReadyTasksLists
                0x0000000020000034      0x460 CMakeFiles/LED_RTOS_STM32F0.out.dir/Middlewares/Third_Party/FreeRTOS/Source/tasks.c.obj
 .bss.uxCurrentNumberOfTasks
                0x0000000020000494        0x4 CMakeFiles/LED_RTOS_STM32F0.out.dir/Middlewares/Third_Party/FreeRTOS/Source/tasks.c.obj
 .bss.uxDeletedTasksWaitingCleanUp
                0x0000000020000498        0x4 CMakeFiles/LED_RTOS_STM32F0.out.dir/Middlewares/Third_Party/FreeRTOS/Source/tasks.c.obj
 .bss.uxPendedTicks
                0x000000002000049c        0x4 CMakeFiles/LED_RTOS_STM32F0.out.dir/Middlewares/Third_Party/FreeRTOS/Source/tasks.c.obj
 .bss.uxSchedulerSuspended
                0x00000000200004a0        0x4 CMakeFiles/LED_RTOS_STM32F0.out.dir/Middlewares/Third_Party/FreeRTOS/Source/tasks.c.obj
 .bss.uxTaskNumber
                0x00000000200004a4        0x4 CMakeFiles/LED_RTOS_STM32F0.out.dir/Middlewares/Third_Party/FreeRTOS/Source/tasks.c.obj
 .bss.uxTopReadyPriority
                0x00000000200004a8        0x4 CMakeFiles/LED_RTOS_STM32F0.out.dir/Middlewares/Third_Party/FreeRTOS/Source/tasks.c.obj
 .bss.xDelayedTaskList1
                0x00000000200004ac       0x14 CMakeFiles/LED_RTOS_STM32F0.out.dir/Middlewares/Third_Party/FreeRTOS/Source/tasks.c.obj
 .bss.xDelayedTaskList2
                0x00000000200004c0       0x14 CMakeFiles/LED_RTOS_STM32F0.out.dir/Middlewares/Third_Party/FreeRTOS/Source/tasks.c.obj
 .bss.xNextTaskUnblockTime
                0x00000000200004d4        0x4 CMakeFiles/LED_RTOS_STM32F0.out.dir/Middlewares/Third_Party/FreeRTOS/Source/tasks.c.obj
 .bss.xNumOfOverflows
                0x00000000200004d8        0x4 CMakeFiles/LED_RTOS_STM32F0.out.dir/Middlewares/Third_Party/FreeRTOS/Source/tasks.c.obj
 .bss.xPendingReadyList
                0x00000000200004dc       0x14 CMakeFiles/LED_RTOS_STM32F0.out.dir/Middlewares/Third_Party/FreeRTOS/Source/tasks.c.obj
 .bss.xSchedulerRunning
                0x00000000200004f0        0x4 CMakeFiles/LED_RTOS_STM32F0.out.dir/Middlewares/Third_Party/FreeRTOS/Source/tasks.c.obj
 .bss.xSuspendedTaskList
                0x00000000200004f4       0x14 CMakeFiles/LED_RTOS_STM32F0.out.dir/Middlewares/Third_Party/FreeRTOS/Source/tasks.c.obj
 .bss.xTasksWaitingTermination
                0x0000000020000508       0x14 CMakeFiles/LED_RTOS_STM32F0.out.dir/Middlewares/Third_Party/FreeRTOS/Source/tasks.c.obj
 .bss.xTickCount
                0x000000002000051c        0x4 CMakeFiles/LED_RTOS_STM32F0.out.dir/Middlewares/Third_Party/FreeRTOS/Source/tasks.c.obj
 .bss.xYieldPending
                0x0000000020000520        0x4 CMakeFiles/LED_RTOS_STM32F0.out.dir/Middlewares/Third_Party/FreeRTOS/Source/tasks.c.obj
 .bss.pxCurrentTimerList
                0x0000000020000524        0x4 CMakeFiles/LED_RTOS_STM32F0.out.dir/Middlewares/Third_Party/FreeRTOS/Source/timers.c.obj
 .bss.pxOverflowTimerList
                0x0000000020000528        0x4 CMakeFiles/LED_RTOS_STM32F0.out.dir/Middlewares/Third_Party/FreeRTOS/Source/timers.c.obj
 .bss.ucStaticTimerQueueStorage.5227
                0x000000002000052c       0xa0 CMakeFiles/LED_RTOS_STM32F0.out.dir/Middlewares/Third_Party/FreeRTOS/Source/timers.c.obj
 .bss.xActiveTimerList1
                0x00000000200005cc       0x14 CMakeFiles/LED_RTOS_STM32F0.out.dir/Middlewares/Third_Party/FreeRTOS/Source/timers.c.obj
 .bss.xActiveTimerList2
                0x00000000200005e0       0x14 CMakeFiles/LED_RTOS_STM32F0.out.dir/Middlewares/Third_Party/FreeRTOS/Source/timers.c.obj
 .bss.xLastTime.5176
                0x00000000200005f4        0x4 CMakeFiles/LED_RTOS_STM32F0.out.dir/Middlewares/Third_Party/FreeRTOS/Source/timers.c.obj
 .bss.xStaticTimerQueue.5226
                0x00000000200005f8       0x50 CMakeFiles/LED_RTOS_STM32F0.out.dir/Middlewares/Third_Party/FreeRTOS/Source/timers.c.obj
 .bss.xTimerQueue
                0x0000000020000648        0x4 CMakeFiles/LED_RTOS_STM32F0.out.dir/Middlewares/Third_Party/FreeRTOS/Source/timers.c.obj
 .bss.xTimerTaskHandle
                0x000000002000064c        0x4 CMakeFiles/LED_RTOS_STM32F0.out.dir/Middlewares/Third_Party/FreeRTOS/Source/timers.c.obj
 .bss.pxEnd     0x0000000020000650        0x4 CMakeFiles/LED_RTOS_STM32F0.out.dir/Middlewares/Third_Party/FreeRTOS/Source/portable/MemMang/heap_4.c.obj
 .bss.ucHeap    0x0000000020000654      0xc00 CMakeFiles/LED_RTOS_STM32F0.out.dir/Middlewares/Third_Party/FreeRTOS/Source/portable/MemMang/heap_4.c.obj
 .bss.xBlockAllocatedBit
                0x0000000020001254        0x4 CMakeFiles/LED_RTOS_STM32F0.out.dir/Middlewares/Third_Party/FreeRTOS/Source/portable/MemMang/heap_4.c.obj
 .bss.xFreeBytesRemaining
                0x0000000020001258        0x4 CMakeFiles/LED_RTOS_STM32F0.out.dir/Middlewares/Third_Party/FreeRTOS/Source/portable/MemMang/heap_4.c.obj
 .bss.xMinimumEverFreeBytesRemaining
                0x000000002000125c        0x4 CMakeFiles/LED_RTOS_STM32F0.out.dir/Middlewares/Third_Party/FreeRTOS/Source/portable/MemMang/heap_4.c.obj
 .bss.xStart    0x0000000020001260        0x8 CMakeFiles/LED_RTOS_STM32F0.out.dir/Middlewares/Third_Party/FreeRTOS/Source/portable/MemMang/heap_4.c.obj
 .bss.Idle_Stack
                0x0000000020001268      0x200 CMakeFiles/LED_RTOS_STM32F0.out.dir/Middlewares/Third_Party/FreeRTOS/Source/CMSIS_RTOS_V2/cmsis_os2.c.obj
 .bss.Idle_TCB  0x0000000020001468       0x5c CMakeFiles/LED_RTOS_STM32F0.out.dir/Middlewares/Third_Party/FreeRTOS/Source/CMSIS_RTOS_V2/cmsis_os2.c.obj
 .bss.KernelState
                0x00000000200014c4        0x4 CMakeFiles/LED_RTOS_STM32F0.out.dir/Middlewares/Third_Party/FreeRTOS/Source/CMSIS_RTOS_V2/cmsis_os2.c.obj
 .bss.Timer_Stack
                0x00000000200014c8      0x400 CMakeFiles/LED_RTOS_STM32F0.out.dir/Middlewares/Third_Party/FreeRTOS/Source/CMSIS_RTOS_V2/cmsis_os2.c.obj
 .bss.Timer_TCB
                0x00000000200018c8       0x5c CMakeFiles/LED_RTOS_STM32F0.out.dir/Middlewares/Third_Party/FreeRTOS/Source/CMSIS_RTOS_V2/cmsis_os2.c.obj
 *(COMMON)
 COMMON         0x0000000020001924        0x4 CMakeFiles/LED_RTOS_STM32F0.out.dir/Drivers/STM32F0xx_HAL_Driver/Src/stm32f0xx_hal.c.obj
                0x0000000020001924                uwTick
 COMMON         0x0000000020001928       0x4c CMakeFiles/LED_RTOS_STM32F0.out.dir/Src/main.c.obj
                0x0000000020001928                defaultTaskHandle
                0x000000002000192c                htim2
 COMMON         0x0000000020001974       0x40 CMakeFiles/LED_RTOS_STM32F0.out.dir/Middlewares/Third_Party/FreeRTOS/Source/queue.c.obj
                0x0000000020001974                xQueueRegistry
                0x00000000200019b4                . = ALIGN (0x4)
                0x00000000200019b4                _ebss = .
                0x00000000200019b4                __bss_end__ = _ebss

._user_heap_stack
                0x00000000200019b4      0x604 load address 0x0000000008003180
                0x00000000200019b8                . = ALIGN (0x8)
 *fill*         0x00000000200019b4        0x4 
                [!provide]                        PROVIDE (end = .)
                [!provide]                        PROVIDE (_end = .)
                0x0000000020001bb8                . = (. + _Min_Heap_Size)
 *fill*         0x00000000200019b8      0x200 
                0x0000000020001fb8                . = (. + _Min_Stack_Size)
 *fill*         0x0000000020001bb8      0x400 
                0x0000000020001fb8                . = ALIGN (0x8)

/DISCARD/
 libc.a(*)
 libm.a(*)
 libgcc.a(*)

.ARM.attributes
                0x0000000000000000       0x28
 *(.ARM.attributes)
 .ARM.attributes
                0x0000000000000000       0x1e /opt/gcc-arm-none-eabi-7-2018-q2-update/bin/../lib/gcc/arm-none-eabi/7.3.1/thumb/v6-m/crti.o
 .ARM.attributes
                0x000000000000001e       0x2c /opt/gcc-arm-none-eabi-7-2018-q2-update/bin/../lib/gcc/arm-none-eabi/7.3.1/thumb/v6-m/crtbegin.o
 .ARM.attributes
                0x000000000000004a       0x2c /opt/gcc-arm-none-eabi-7-2018-q2-update/bin/../lib/gcc/arm-none-eabi/7.3.1/../../../../arm-none-eabi/lib/thumb/v6-m/libc_nano.a(lib_a-init.o)
 .ARM.attributes
                0x0000000000000076       0x2c /opt/gcc-arm-none-eabi-7-2018-q2-update/bin/../lib/gcc/arm-none-eabi/7.3.1/../../../../arm-none-eabi/lib/thumb/v6-m/libc_nano.a(lib_a-memset.o)
 .ARM.attributes
                0x00000000000000a2       0x21 CMakeFiles/LED_RTOS_STM32F0.out.dir/startup_stm32f091xc.s.obj
 .ARM.attributes
                0x00000000000000c3       0x31 CMakeFiles/LED_RTOS_STM32F0.out.dir/Drivers/STM32F0xx_HAL_Driver/Src/stm32f0xx_hal.c.obj
 .ARM.attributes
                0x00000000000000f4       0x31 CMakeFiles/LED_RTOS_STM32F0.out.dir/Drivers/STM32F0xx_HAL_Driver/Src/stm32f0xx_hal_cortex.c.obj
 .ARM.attributes
                0x0000000000000125       0x31 CMakeFiles/LED_RTOS_STM32F0.out.dir/Drivers/STM32F0xx_HAL_Driver/Src/stm32f0xx_hal_gpio.c.obj
 .ARM.attributes
                0x0000000000000156       0x31 CMakeFiles/LED_RTOS_STM32F0.out.dir/Drivers/STM32F0xx_HAL_Driver/Src/stm32f0xx_hal_rcc.c.obj
 .ARM.attributes
                0x0000000000000187       0x31 CMakeFiles/LED_RTOS_STM32F0.out.dir/Drivers/STM32F0xx_HAL_Driver/Src/stm32f0xx_hal_tim.c.obj
 .ARM.attributes
                0x00000000000001b8       0x31 CMakeFiles/LED_RTOS_STM32F0.out.dir/Drivers/STM32F0xx_HAL_Driver/Src/stm32f0xx_hal_tim_ex.c.obj
 .ARM.attributes
                0x00000000000001e9       0x31 CMakeFiles/LED_RTOS_STM32F0.out.dir/Src/main.c.obj
 .ARM.attributes
                0x000000000000021a       0x31 CMakeFiles/LED_RTOS_STM32F0.out.dir/Src/stm32f0xx_hal_msp.c.obj
 .ARM.attributes
                0x000000000000024b       0x31 CMakeFiles/LED_RTOS_STM32F0.out.dir/Src/stm32f0xx_hal_timebase_tim.c.obj
 .ARM.attributes
                0x000000000000027c       0x31 CMakeFiles/LED_RTOS_STM32F0.out.dir/Src/stm32f0xx_it.c.obj
 .ARM.attributes
                0x00000000000002ad       0x31 CMakeFiles/LED_RTOS_STM32F0.out.dir/Src/system_stm32f0xx.c.obj
 .ARM.attributes
                0x00000000000002de       0x31 CMakeFiles/LED_RTOS_STM32F0.out.dir/Middlewares/Third_Party/FreeRTOS/Source/portable/GCC/ARM_CM0/port.c.obj
 .ARM.attributes
                0x000000000000030f       0x31 CMakeFiles/LED_RTOS_STM32F0.out.dir/Middlewares/Third_Party/FreeRTOS/Source/list.c.obj
 .ARM.attributes
                0x0000000000000340       0x31 CMakeFiles/LED_RTOS_STM32F0.out.dir/Middlewares/Third_Party/FreeRTOS/Source/queue.c.obj
 .ARM.attributes
                0x0000000000000371       0x31 CMakeFiles/LED_RTOS_STM32F0.out.dir/Middlewares/Third_Party/FreeRTOS/Source/tasks.c.obj
 .ARM.attributes
                0x00000000000003a2       0x31 CMakeFiles/LED_RTOS_STM32F0.out.dir/Middlewares/Third_Party/FreeRTOS/Source/timers.c.obj
 .ARM.attributes
                0x00000000000003d3       0x31 CMakeFiles/LED_RTOS_STM32F0.out.dir/Middlewares/Third_Party/FreeRTOS/Source/portable/MemMang/heap_4.c.obj
 .ARM.attributes
                0x0000000000000404       0x31 CMakeFiles/LED_RTOS_STM32F0.out.dir/Middlewares/Third_Party/FreeRTOS/Source/CMSIS_RTOS_V2/cmsis_os2.c.obj
 .ARM.attributes
                0x0000000000000435       0x1e /opt/gcc-arm-none-eabi-7-2018-q2-update/bin/../lib/gcc/arm-none-eabi/7.3.1/thumb/v6-m/libgcc.a(_udivsi3.o)
 .ARM.attributes
                0x0000000000000453       0x1e /opt/gcc-arm-none-eabi-7-2018-q2-update/bin/../lib/gcc/arm-none-eabi/7.3.1/thumb/v6-m/libgcc.a(_dvmd_tls.o)
 .ARM.attributes
                0x0000000000000471       0x2c /opt/gcc-arm-none-eabi-7-2018-q2-update/bin/../lib/gcc/arm-none-eabi/7.3.1/../../../../arm-none-eabi/lib/thumb/v6-m/libg_nano.a(lib_a-memcpy-stub.o)
 .ARM.attributes
                0x000000000000049d       0x1e /opt/gcc-arm-none-eabi-7-2018-q2-update/bin/../lib/gcc/arm-none-eabi/7.3.1/thumb/v6-m/crtn.o
OUTPUT(Debug/LED_RTOS_STM32F0.out elf32-littlearm)

.debug_frame    0x0000000000000000     0x2a8c
 .debug_frame   0x0000000000000000       0x2c /opt/gcc-arm-none-eabi-7-2018-q2-update/bin/../lib/gcc/arm-none-eabi/7.3.1/../../../../arm-none-eabi/lib/thumb/v6-m/libc_nano.a(lib_a-init.o)
 .debug_frame   0x000000000000002c       0x20 /opt/gcc-arm-none-eabi-7-2018-q2-update/bin/../lib/gcc/arm-none-eabi/7.3.1/../../../../arm-none-eabi/lib/thumb/v6-m/libc_nano.a(lib_a-memset.o)
 .debug_frame   0x000000000000004c      0x1ac CMakeFiles/LED_RTOS_STM32F0.out.dir/Drivers/STM32F0xx_HAL_Driver/Src/stm32f0xx_hal.c.obj
 .debug_frame   0x00000000000001f8       0xe4 CMakeFiles/LED_RTOS_STM32F0.out.dir/Drivers/STM32F0xx_HAL_Driver/Src/stm32f0xx_hal_cortex.c.obj
 .debug_frame   0x00000000000002dc       0xc8 CMakeFiles/LED_RTOS_STM32F0.out.dir/Drivers/STM32F0xx_HAL_Driver/Src/stm32f0xx_hal_gpio.c.obj
 .debug_frame   0x00000000000003a4      0x13c CMakeFiles/LED_RTOS_STM32F0.out.dir/Drivers/STM32F0xx_HAL_Driver/Src/stm32f0xx_hal_rcc.c.obj
 .debug_frame   0x00000000000004e0      0xac4 CMakeFiles/LED_RTOS_STM32F0.out.dir/Drivers/STM32F0xx_HAL_Driver/Src/stm32f0xx_hal_tim.c.obj
 .debug_frame   0x0000000000000fa4      0x40c CMakeFiles/LED_RTOS_STM32F0.out.dir/Drivers/STM32F0xx_HAL_Driver/Src/stm32f0xx_hal_tim_ex.c.obj
 .debug_frame   0x00000000000013b0       0xac CMakeFiles/LED_RTOS_STM32F0.out.dir/Src/main.c.obj
 .debug_frame   0x000000000000145c       0x28 CMakeFiles/LED_RTOS_STM32F0.out.dir/Src/stm32f0xx_hal_msp.c.obj
 .debug_frame   0x0000000000001484       0x48 CMakeFiles/LED_RTOS_STM32F0.out.dir/Src/stm32f0xx_hal_timebase_tim.c.obj
 .debug_frame   0x00000000000014cc       0x48 CMakeFiles/LED_RTOS_STM32F0.out.dir/Src/stm32f0xx_it.c.obj
 .debug_frame   0x0000000000001514       0x38 CMakeFiles/LED_RTOS_STM32F0.out.dir/Src/system_stm32f0xx.c.obj
 .debug_frame   0x000000000000154c      0x114 CMakeFiles/LED_RTOS_STM32F0.out.dir/Middlewares/Third_Party/FreeRTOS/Source/portable/GCC/ARM_CM0/port.c.obj
 .debug_frame   0x0000000000001660       0x6c CMakeFiles/LED_RTOS_STM32F0.out.dir/Middlewares/Third_Party/FreeRTOS/Source/list.c.obj
 .debug_frame   0x00000000000016cc      0x3f4 CMakeFiles/LED_RTOS_STM32F0.out.dir/Middlewares/Third_Party/FreeRTOS/Source/queue.c.obj
 .debug_frame   0x0000000000001ac0      0x5f0 CMakeFiles/LED_RTOS_STM32F0.out.dir/Middlewares/Third_Party/FreeRTOS/Source/tasks.c.obj
 .debug_frame   0x00000000000020b0      0x27c CMakeFiles/LED_RTOS_STM32F0.out.dir/Middlewares/Third_Party/FreeRTOS/Source/timers.c.obj
 .debug_frame   0x000000000000232c       0xa0 CMakeFiles/LED_RTOS_STM32F0.out.dir/Middlewares/Third_Party/FreeRTOS/Source/portable/MemMang/heap_4.c.obj
 .debug_frame   0x00000000000023cc      0x678 CMakeFiles/LED_RTOS_STM32F0.out.dir/Middlewares/Third_Party/FreeRTOS/Source/CMSIS_RTOS_V2/cmsis_os2.c.obj
 .debug_frame   0x0000000000002a44       0x20 /opt/gcc-arm-none-eabi-7-2018-q2-update/bin/../lib/gcc/arm-none-eabi/7.3.1/thumb/v6-m/libgcc.a(_udivsi3.o)
 .debug_frame   0x0000000000002a64       0x28 /opt/gcc-arm-none-eabi-7-2018-q2-update/bin/../lib/gcc/arm-none-eabi/7.3.1/../../../../arm-none-eabi/lib/thumb/v6-m/libg_nano.a(lib_a-memcpy-stub.o)

.debug_line     0x0000000000000000     0x7e3d
 .debug_line    0x0000000000000000       0x77 CMakeFiles/LED_RTOS_STM32F0.out.dir/startup_stm32f091xc.s.obj
 .debug_line    0x0000000000000077      0x391 CMakeFiles/LED_RTOS_STM32F0.out.dir/Drivers/STM32F0xx_HAL_Driver/Src/stm32f0xx_hal.c.obj
 .debug_line    0x0000000000000408      0x348 CMakeFiles/LED_RTOS_STM32F0.out.dir/Drivers/STM32F0xx_HAL_Driver/Src/stm32f0xx_hal_cortex.c.obj
 .debug_line    0x0000000000000750      0x30f CMakeFiles/LED_RTOS_STM32F0.out.dir/Drivers/STM32F0xx_HAL_Driver/Src/stm32f0xx_hal_gpio.c.obj
 .debug_line    0x0000000000000a5f      0x4bc CMakeFiles/LED_RTOS_STM32F0.out.dir/Drivers/STM32F0xx_HAL_Driver/Src/stm32f0xx_hal_rcc.c.obj
 .debug_line    0x0000000000000f1b     0x1e2a CMakeFiles/LED_RTOS_STM32F0.out.dir/Drivers/STM32F0xx_HAL_Driver/Src/stm32f0xx_hal_tim.c.obj
 .debug_line    0x0000000000002d45      0xe78 CMakeFiles/LED_RTOS_STM32F0.out.dir/Drivers/STM32F0xx_HAL_Driver/Src/stm32f0xx_hal_tim_ex.c.obj
 .debug_line    0x0000000000003bbd      0x32c CMakeFiles/LED_RTOS_STM32F0.out.dir/Src/main.c.obj
 .debug_line    0x0000000000003ee9      0x194 CMakeFiles/LED_RTOS_STM32F0.out.dir/Src/stm32f0xx_hal_msp.c.obj
 .debug_line    0x000000000000407d      0x227 CMakeFiles/LED_RTOS_STM32F0.out.dir/Src/stm32f0xx_hal_timebase_tim.c.obj
 .debug_line    0x00000000000042a4      0x1d9 CMakeFiles/LED_RTOS_STM32F0.out.dir/Src/stm32f0xx_it.c.obj
 .debug_line    0x000000000000447d      0x1a4 CMakeFiles/LED_RTOS_STM32F0.out.dir/Src/system_stm32f0xx.c.obj
 .debug_line    0x0000000000004621      0x2b2 CMakeFiles/LED_RTOS_STM32F0.out.dir/Middlewares/Third_Party/FreeRTOS/Source/portable/GCC/ARM_CM0/port.c.obj
 .debug_line    0x00000000000048d3      0x297 CMakeFiles/LED_RTOS_STM32F0.out.dir/Middlewares/Third_Party/FreeRTOS/Source/list.c.obj
 .debug_line    0x0000000000004b6a      0x98d CMakeFiles/LED_RTOS_STM32F0.out.dir/Middlewares/Third_Party/FreeRTOS/Source/queue.c.obj
 .debug_line    0x00000000000054f7      0xe03 CMakeFiles/LED_RTOS_STM32F0.out.dir/Middlewares/Third_Party/FreeRTOS/Source/tasks.c.obj
 .debug_line    0x00000000000062fa      0x567 CMakeFiles/LED_RTOS_STM32F0.out.dir/Middlewares/Third_Party/FreeRTOS/Source/timers.c.obj
 .debug_line    0x0000000000006861      0x2ef CMakeFiles/LED_RTOS_STM32F0.out.dir/Middlewares/Third_Party/FreeRTOS/Source/portable/MemMang/heap_4.c.obj
 .debug_line    0x0000000000006b50     0x12ed CMakeFiles/LED_RTOS_STM32F0.out.dir/Middlewares/Third_Party/FreeRTOS/Source/CMSIS_RTOS_V2/cmsis_os2.c.obj

.debug_info     0x0000000000000000    0x16137
 .debug_info    0x0000000000000000       0x22 CMakeFiles/LED_RTOS_STM32F0.out.dir/startup_stm32f091xc.s.obj
 .debug_info    0x0000000000000022      0x734 CMakeFiles/LED_RTOS_STM32F0.out.dir/Drivers/STM32F0xx_HAL_Driver/Src/stm32f0xx_hal.c.obj
 .debug_info    0x0000000000000756      0x82c CMakeFiles/LED_RTOS_STM32F0.out.dir/Drivers/STM32F0xx_HAL_Driver/Src/stm32f0xx_hal_cortex.c.obj
 .debug_info    0x0000000000000f82      0x6c8 CMakeFiles/LED_RTOS_STM32F0.out.dir/Drivers/STM32F0xx_HAL_Driver/Src/stm32f0xx_hal_gpio.c.obj
 .debug_info    0x000000000000164a      0xa11 CMakeFiles/LED_RTOS_STM32F0.out.dir/Drivers/STM32F0xx_HAL_Driver/Src/stm32f0xx_hal_rcc.c.obj
 .debug_info    0x000000000000205b     0x3522 CMakeFiles/LED_RTOS_STM32F0.out.dir/Drivers/STM32F0xx_HAL_Driver/Src/stm32f0xx_hal_tim.c.obj
 .debug_info    0x000000000000557d     0x1763 CMakeFiles/LED_RTOS_STM32F0.out.dir/Drivers/STM32F0xx_HAL_Driver/Src/stm32f0xx_hal_tim_ex.c.obj
 .debug_info    0x0000000000006ce0     0x117b CMakeFiles/LED_RTOS_STM32F0.out.dir/Src/main.c.obj
 .debug_info    0x0000000000007e5b      0x366 CMakeFiles/LED_RTOS_STM32F0.out.dir/Src/stm32f0xx_hal_msp.c.obj
 .debug_info    0x00000000000081c1      0xa2f CMakeFiles/LED_RTOS_STM32F0.out.dir/Src/stm32f0xx_hal_timebase_tim.c.obj
 .debug_info    0x0000000000008bf0      0x6e6 CMakeFiles/LED_RTOS_STM32F0.out.dir/Src/stm32f0xx_it.c.obj
 .debug_info    0x00000000000092d6      0x297 CMakeFiles/LED_RTOS_STM32F0.out.dir/Src/system_stm32f0xx.c.obj
 .debug_info    0x000000000000956d      0x2c9 CMakeFiles/LED_RTOS_STM32F0.out.dir/Middlewares/Third_Party/FreeRTOS/Source/portable/GCC/ARM_CM0/port.c.obj
 .debug_info    0x0000000000009836      0xabc CMakeFiles/LED_RTOS_STM32F0.out.dir/Middlewares/Third_Party/FreeRTOS/Source/list.c.obj
 .debug_info    0x000000000000a2f2     0x2544 CMakeFiles/LED_RTOS_STM32F0.out.dir/Middlewares/Third_Party/FreeRTOS/Source/queue.c.obj
 .debug_info    0x000000000000c836     0x2dad CMakeFiles/LED_RTOS_STM32F0.out.dir/Middlewares/Third_Party/FreeRTOS/Source/tasks.c.obj
 .debug_info    0x000000000000f5e3     0x1d1c CMakeFiles/LED_RTOS_STM32F0.out.dir/Middlewares/Third_Party/FreeRTOS/Source/timers.c.obj
 .debug_info    0x00000000000112ff      0xb91 CMakeFiles/LED_RTOS_STM32F0.out.dir/Middlewares/Third_Party/FreeRTOS/Source/portable/MemMang/heap_4.c.obj
 .debug_info    0x0000000000011e90     0x42a7 CMakeFiles/LED_RTOS_STM32F0.out.dir/Middlewares/Third_Party/FreeRTOS/Source/CMSIS_RTOS_V2/cmsis_os2.c.obj

.debug_abbrev   0x0000000000000000     0x29b9
 .debug_abbrev  0x0000000000000000       0x12 CMakeFiles/LED_RTOS_STM32F0.out.dir/startup_stm32f091xc.s.obj
 .debug_abbrev  0x0000000000000012      0x206 CMakeFiles/LED_RTOS_STM32F0.out.dir/Drivers/STM32F0xx_HAL_Driver/Src/stm32f0xx_hal.c.obj
 .debug_abbrev  0x0000000000000218      0x261 CMakeFiles/LED_RTOS_STM32F0.out.dir/Drivers/STM32F0xx_HAL_Driver/Src/stm32f0xx_hal_cortex.c.obj
 .debug_abbrev  0x0000000000000479      0x1e8 CMakeFiles/LED_RTOS_STM32F0.out.dir/Drivers/STM32F0xx_HAL_Driver/Src/stm32f0xx_hal_gpio.c.obj
 .debug_abbrev  0x0000000000000661      0x24b CMakeFiles/LED_RTOS_STM32F0.out.dir/Drivers/STM32F0xx_HAL_Driver/Src/stm32f0xx_hal_rcc.c.obj
 .debug_abbrev  0x00000000000008ac      0x234 CMakeFiles/LED_RTOS_STM32F0.out.dir/Drivers/STM32F0xx_HAL_Driver/Src/stm32f0xx_hal_tim.c.obj
 .debug_abbrev  0x0000000000000ae0      0x234 CMakeFiles/LED_RTOS_STM32F0.out.dir/Drivers/STM32F0xx_HAL_Driver/Src/stm32f0xx_hal_tim_ex.c.obj
 .debug_abbrev  0x0000000000000d14      0x2ab CMakeFiles/LED_RTOS_STM32F0.out.dir/Src/main.c.obj
 .debug_abbrev  0x0000000000000fbf      0x130 CMakeFiles/LED_RTOS_STM32F0.out.dir/Src/stm32f0xx_hal_msp.c.obj
 .debug_abbrev  0x00000000000010ef      0x1fe CMakeFiles/LED_RTOS_STM32F0.out.dir/Src/stm32f0xx_hal_timebase_tim.c.obj
 .debug_abbrev  0x00000000000012ed      0x175 CMakeFiles/LED_RTOS_STM32F0.out.dir/Src/stm32f0xx_it.c.obj
 .debug_abbrev  0x0000000000001462      0x128 CMakeFiles/LED_RTOS_STM32F0.out.dir/Src/system_stm32f0xx.c.obj
 .debug_abbrev  0x000000000000158a      0x1b1 CMakeFiles/LED_RTOS_STM32F0.out.dir/Middlewares/Third_Party/FreeRTOS/Source/portable/GCC/ARM_CM0/port.c.obj
 .debug_abbrev  0x000000000000173b      0x220 CMakeFiles/LED_RTOS_STM32F0.out.dir/Middlewares/Third_Party/FreeRTOS/Source/list.c.obj
 .debug_abbrev  0x000000000000195b      0x336 CMakeFiles/LED_RTOS_STM32F0.out.dir/Middlewares/Third_Party/FreeRTOS/Source/queue.c.obj
 .debug_abbrev  0x0000000000001c91      0x337 CMakeFiles/LED_RTOS_STM32F0.out.dir/Middlewares/Third_Party/FreeRTOS/Source/tasks.c.obj
 .debug_abbrev  0x0000000000001fc8      0x31c CMakeFiles/LED_RTOS_STM32F0.out.dir/Middlewares/Third_Party/FreeRTOS/Source/timers.c.obj
 .debug_abbrev  0x00000000000022e4      0x2c5 CMakeFiles/LED_RTOS_STM32F0.out.dir/Middlewares/Third_Party/FreeRTOS/Source/portable/MemMang/heap_4.c.obj
 .debug_abbrev  0x00000000000025a9      0x410 CMakeFiles/LED_RTOS_STM32F0.out.dir/Middlewares/Third_Party/FreeRTOS/Source/CMSIS_RTOS_V2/cmsis_os2.c.obj

.debug_aranges  0x0000000000000000      0xfe8
 .debug_aranges
                0x0000000000000000       0x28 CMakeFiles/LED_RTOS_STM32F0.out.dir/startup_stm32f091xc.s.obj
 .debug_aranges
                0x0000000000000028       0xd0 CMakeFiles/LED_RTOS_STM32F0.out.dir/Drivers/STM32F0xx_HAL_Driver/Src/stm32f0xx_hal.c.obj
 .debug_aranges
                0x00000000000000f8       0x78 CMakeFiles/LED_RTOS_STM32F0.out.dir/Drivers/STM32F0xx_HAL_Driver/Src/stm32f0xx_hal_cortex.c.obj
 .debug_aranges
                0x0000000000000170       0x58 CMakeFiles/LED_RTOS_STM32F0.out.dir/Drivers/STM32F0xx_HAL_Driver/Src/stm32f0xx_hal_gpio.c.obj
 .debug_aranges
                0x00000000000001c8       0x80 CMakeFiles/LED_RTOS_STM32F0.out.dir/Drivers/STM32F0xx_HAL_Driver/Src/stm32f0xx_hal_rcc.c.obj
 .debug_aranges
                0x0000000000000248      0x3d0 CMakeFiles/LED_RTOS_STM32F0.out.dir/Drivers/STM32F0xx_HAL_Driver/Src/stm32f0xx_hal_tim.c.obj
 .debug_aranges
                0x0000000000000618      0x168 CMakeFiles/LED_RTOS_STM32F0.out.dir/Drivers/STM32F0xx_HAL_Driver/Src/stm32f0xx_hal_tim_ex.c.obj
 .debug_aranges
                0x0000000000000780       0x50 CMakeFiles/LED_RTOS_STM32F0.out.dir/Src/main.c.obj
 .debug_aranges
                0x00000000000007d0       0x20 CMakeFiles/LED_RTOS_STM32F0.out.dir/Src/stm32f0xx_hal_msp.c.obj
 .debug_aranges
                0x00000000000007f0       0x30 CMakeFiles/LED_RTOS_STM32F0.out.dir/Src/stm32f0xx_hal_timebase_tim.c.obj
 .debug_aranges
                0x0000000000000820       0x30 CMakeFiles/LED_RTOS_STM32F0.out.dir/Src/stm32f0xx_it.c.obj
 .debug_aranges
                0x0000000000000850       0x28 CMakeFiles/LED_RTOS_STM32F0.out.dir/Src/system_stm32f0xx.c.obj
 .debug_aranges
                0x0000000000000878       0x88 CMakeFiles/LED_RTOS_STM32F0.out.dir/Middlewares/Third_Party/FreeRTOS/Source/portable/GCC/ARM_CM0/port.c.obj
 .debug_aranges
                0x0000000000000900       0x40 CMakeFiles/LED_RTOS_STM32F0.out.dir/Middlewares/Third_Party/FreeRTOS/Source/list.c.obj
 .debug_aranges
                0x0000000000000940      0x158 CMakeFiles/LED_RTOS_STM32F0.out.dir/Middlewares/Third_Party/FreeRTOS/Source/queue.c.obj
 .debug_aranges
                0x0000000000000a98      0x1f8 CMakeFiles/LED_RTOS_STM32F0.out.dir/Middlewares/Third_Party/FreeRTOS/Source/tasks.c.obj
 .debug_aranges
                0x0000000000000c90       0xe0 CMakeFiles/LED_RTOS_STM32F0.out.dir/Middlewares/Third_Party/FreeRTOS/Source/timers.c.obj
 .debug_aranges
                0x0000000000000d70       0x50 CMakeFiles/LED_RTOS_STM32F0.out.dir/Middlewares/Third_Party/FreeRTOS/Source/portable/MemMang/heap_4.c.obj
 .debug_aranges
                0x0000000000000dc0      0x228 CMakeFiles/LED_RTOS_STM32F0.out.dir/Middlewares/Third_Party/FreeRTOS/Source/CMSIS_RTOS_V2/cmsis_os2.c.obj

.debug_str      0x0000000000000000     0x5b33
 .debug_str     0x0000000000000000       0x42 CMakeFiles/LED_RTOS_STM32F0.out.dir/startup_stm32f091xc.s.obj
 .debug_str     0x0000000000000042      0x671 CMakeFiles/LED_RTOS_STM32F0.out.dir/Drivers/STM32F0xx_HAL_Driver/Src/stm32f0xx_hal.c.obj
                                        0x6eb (size before relaxing)
 .debug_str     0x00000000000006b3      0x292 CMakeFiles/LED_RTOS_STM32F0.out.dir/Drivers/STM32F0xx_HAL_Driver/Src/stm32f0xx_hal_cortex.c.obj
                                        0x6d5 (size before relaxing)
 .debug_str     0x0000000000000945      0x1d4 CMakeFiles/LED_RTOS_STM32F0.out.dir/Drivers/STM32F0xx_HAL_Driver/Src/stm32f0xx_hal_gpio.c.obj
                                        0x49d (size before relaxing)
 .debug_str     0x0000000000000b19      0x31e CMakeFiles/LED_RTOS_STM32F0.out.dir/Drivers/STM32F0xx_HAL_Driver/Src/stm32f0xx_hal_rcc.c.obj
                                        0x69d (size before relaxing)
 .debug_str     0x0000000000000e37     0x1386 CMakeFiles/LED_RTOS_STM32F0.out.dir/Drivers/STM32F0xx_HAL_Driver/Src/stm32f0xx_hal_tim.c.obj
                                       0x16d0 (size before relaxing)
 .debug_str     0x00000000000021bd      0x5ba CMakeFiles/LED_RTOS_STM32F0.out.dir/Drivers/STM32F0xx_HAL_Driver/Src/stm32f0xx_hal_tim_ex.c.obj
                                        0xefa (size before relaxing)
 .debug_str     0x0000000000002777      0x567 CMakeFiles/LED_RTOS_STM32F0.out.dir/Src/main.c.obj
                                       0x106c (size before relaxing)
 .debug_str     0x0000000000002cde       0x18 CMakeFiles/LED_RTOS_STM32F0.out.dir/Src/stm32f0xx_hal_msp.c.obj
                                        0x47a (size before relaxing)
 .debug_str     0x0000000000002cf6       0x47 CMakeFiles/LED_RTOS_STM32F0.out.dir/Src/stm32f0xx_hal_timebase_tim.c.obj
                                        0xa90 (size before relaxing)
 .debug_str     0x0000000000002d3d       0x41 CMakeFiles/LED_RTOS_STM32F0.out.dir/Src/stm32f0xx_it.c.obj
                                        0x728 (size before relaxing)
 .debug_str     0x0000000000002d7e       0x57 CMakeFiles/LED_RTOS_STM32F0.out.dir/Src/system_stm32f0xx.c.obj
                                        0x2b4 (size before relaxing)
 .debug_str     0x0000000000002dd5      0x1f5 CMakeFiles/LED_RTOS_STM32F0.out.dir/Middlewares/Third_Party/FreeRTOS/Source/portable/GCC/ARM_CM0/port.c.obj
                                        0x360 (size before relaxing)
 .debug_str     0x0000000000002fca      0x4ed CMakeFiles/LED_RTOS_STM32F0.out.dir/Middlewares/Third_Party/FreeRTOS/Source/list.c.obj
                                        0x6aa (size before relaxing)
 .debug_str     0x00000000000034b7      0x90b CMakeFiles/LED_RTOS_STM32F0.out.dir/Middlewares/Third_Party/FreeRTOS/Source/queue.c.obj
                                        0xfe6 (size before relaxing)
 .debug_str     0x0000000000003dc2      0xbb4 CMakeFiles/LED_RTOS_STM32F0.out.dir/Middlewares/Third_Party/FreeRTOS/Source/tasks.c.obj
                                       0x15e2 (size before relaxing)
 .debug_str     0x0000000000004976      0x5a9 CMakeFiles/LED_RTOS_STM32F0.out.dir/Middlewares/Third_Party/FreeRTOS/Source/timers.c.obj
                                        0xf87 (size before relaxing)
 .debug_str     0x0000000000004f1f      0x1d5 CMakeFiles/LED_RTOS_STM32F0.out.dir/Middlewares/Third_Party/FreeRTOS/Source/portable/MemMang/heap_4.c.obj
                                        0x774 (size before relaxing)
 .debug_str     0x00000000000050f4      0xa3f CMakeFiles/LED_RTOS_STM32F0.out.dir/Middlewares/Third_Party/FreeRTOS/Source/CMSIS_RTOS_V2/cmsis_os2.c.obj
                                       0x1c5f (size before relaxing)

.debug_ranges   0x0000000000000000     0x10f8
 .debug_ranges  0x0000000000000000       0x20 CMakeFiles/LED_RTOS_STM32F0.out.dir/startup_stm32f091xc.s.obj
 .debug_ranges  0x0000000000000020       0xc0 CMakeFiles/LED_RTOS_STM32F0.out.dir/Drivers/STM32F0xx_HAL_Driver/Src/stm32f0xx_hal.c.obj
 .debug_ranges  0x00000000000000e0       0xc8 CMakeFiles/LED_RTOS_STM32F0.out.dir/Drivers/STM32F0xx_HAL_Driver/Src/stm32f0xx_hal_cortex.c.obj
 .debug_ranges  0x00000000000001a8       0x48 CMakeFiles/LED_RTOS_STM32F0.out.dir/Drivers/STM32F0xx_HAL_Driver/Src/stm32f0xx_hal_gpio.c.obj
 .debug_ranges  0x00000000000001f0       0x88 CMakeFiles/LED_RTOS_STM32F0.out.dir/Drivers/STM32F0xx_HAL_Driver/Src/stm32f0xx_hal_rcc.c.obj
 .debug_ranges  0x0000000000000278      0x3c0 CMakeFiles/LED_RTOS_STM32F0.out.dir/Drivers/STM32F0xx_HAL_Driver/Src/stm32f0xx_hal_tim.c.obj
 .debug_ranges  0x0000000000000638      0x158 CMakeFiles/LED_RTOS_STM32F0.out.dir/Drivers/STM32F0xx_HAL_Driver/Src/stm32f0xx_hal_tim_ex.c.obj
 .debug_ranges  0x0000000000000790       0x40 CMakeFiles/LED_RTOS_STM32F0.out.dir/Src/main.c.obj
 .debug_ranges  0x00000000000007d0       0x10 CMakeFiles/LED_RTOS_STM32F0.out.dir/Src/stm32f0xx_hal_msp.c.obj
 .debug_ranges  0x00000000000007e0       0x20 CMakeFiles/LED_RTOS_STM32F0.out.dir/Src/stm32f0xx_hal_timebase_tim.c.obj
 .debug_ranges  0x0000000000000800       0x20 CMakeFiles/LED_RTOS_STM32F0.out.dir/Src/stm32f0xx_it.c.obj
 .debug_ranges  0x0000000000000820       0x18 CMakeFiles/LED_RTOS_STM32F0.out.dir/Src/system_stm32f0xx.c.obj
 .debug_ranges  0x0000000000000838       0x78 CMakeFiles/LED_RTOS_STM32F0.out.dir/Middlewares/Third_Party/FreeRTOS/Source/portable/GCC/ARM_CM0/port.c.obj
 .debug_ranges  0x00000000000008b0       0x30 CMakeFiles/LED_RTOS_STM32F0.out.dir/Middlewares/Third_Party/FreeRTOS/Source/list.c.obj
 .debug_ranges  0x00000000000008e0      0x228 CMakeFiles/LED_RTOS_STM32F0.out.dir/Middlewares/Third_Party/FreeRTOS/Source/queue.c.obj
 .debug_ranges  0x0000000000000b08      0x2c8 CMakeFiles/LED_RTOS_STM32F0.out.dir/Middlewares/Third_Party/FreeRTOS/Source/tasks.c.obj
 .debug_ranges  0x0000000000000dd0       0xd0 CMakeFiles/LED_RTOS_STM32F0.out.dir/Middlewares/Third_Party/FreeRTOS/Source/timers.c.obj
 .debug_ranges  0x0000000000000ea0       0x40 CMakeFiles/LED_RTOS_STM32F0.out.dir/Middlewares/Third_Party/FreeRTOS/Source/portable/MemMang/heap_4.c.obj
 .debug_ranges  0x0000000000000ee0      0x218 CMakeFiles/LED_RTOS_STM32F0.out.dir/Middlewares/Third_Party/FreeRTOS/Source/CMSIS_RTOS_V2/cmsis_os2.c.obj

.debug_loc      0x0000000000000000     0xf9b9
 .debug_loc     0x0000000000000000      0x11b CMakeFiles/LED_RTOS_STM32F0.out.dir/Drivers/STM32F0xx_HAL_Driver/Src/stm32f0xx_hal.c.obj
 .debug_loc     0x000000000000011b      0x3b7 CMakeFiles/LED_RTOS_STM32F0.out.dir/Drivers/STM32F0xx_HAL_Driver/Src/stm32f0xx_hal_cortex.c.obj
 .debug_loc     0x00000000000004d2      0x2e1 CMakeFiles/LED_RTOS_STM32F0.out.dir/Drivers/STM32F0xx_HAL_Driver/Src/stm32f0xx_hal_gpio.c.obj
 .debug_loc     0x00000000000007b3      0x4f7 CMakeFiles/LED_RTOS_STM32F0.out.dir/Drivers/STM32F0xx_HAL_Driver/Src/stm32f0xx_hal_rcc.c.obj
 .debug_loc     0x0000000000000caa     0x4843 CMakeFiles/LED_RTOS_STM32F0.out.dir/Drivers/STM32F0xx_HAL_Driver/Src/stm32f0xx_hal_tim.c.obj
 .debug_loc     0x00000000000054ed     0x1c14 CMakeFiles/LED_RTOS_STM32F0.out.dir/Drivers/STM32F0xx_HAL_Driver/Src/stm32f0xx_hal_tim_ex.c.obj
 .debug_loc     0x0000000000007101       0x7a CMakeFiles/LED_RTOS_STM32F0.out.dir/Src/main.c.obj
 .debug_loc     0x000000000000717b       0x79 CMakeFiles/LED_RTOS_STM32F0.out.dir/Src/stm32f0xx_hal_timebase_tim.c.obj
 .debug_loc     0x00000000000071f4      0x12b CMakeFiles/LED_RTOS_STM32F0.out.dir/Src/system_stm32f0xx.c.obj
 .debug_loc     0x000000000000731f       0xa6 CMakeFiles/LED_RTOS_STM32F0.out.dir/Middlewares/Third_Party/FreeRTOS/Source/portable/GCC/ARM_CM0/port.c.obj
 .debug_loc     0x00000000000073c5       0x70 CMakeFiles/LED_RTOS_STM32F0.out.dir/Middlewares/Third_Party/FreeRTOS/Source/list.c.obj
 .debug_loc     0x0000000000007435     0x1b75 CMakeFiles/LED_RTOS_STM32F0.out.dir/Middlewares/Third_Party/FreeRTOS/Source/queue.c.obj
 .debug_loc     0x0000000000008faa     0x1f71 CMakeFiles/LED_RTOS_STM32F0.out.dir/Middlewares/Third_Party/FreeRTOS/Source/tasks.c.obj
 .debug_loc     0x000000000000af1b      0xcb0 CMakeFiles/LED_RTOS_STM32F0.out.dir/Middlewares/Third_Party/FreeRTOS/Source/timers.c.obj
 .debug_loc     0x000000000000bbcb      0x29d CMakeFiles/LED_RTOS_STM32F0.out.dir/Middlewares/Third_Party/FreeRTOS/Source/portable/MemMang/heap_4.c.obj
 .debug_loc     0x000000000000be68     0x3b51 CMakeFiles/LED_RTOS_STM32F0.out.dir/Middlewares/Third_Party/FreeRTOS/Source/CMSIS_RTOS_V2/cmsis_os2.c.obj

.comment        0x0000000000000000       0x7f
 .comment       0x0000000000000000       0x7f CMakeFiles/LED_RTOS_STM32F0.out.dir/Drivers/STM32F0xx_HAL_Driver/Src/stm32f0xx_hal.c.obj
                                         0x80 (size before relaxing)
 .comment       0x000000000000007f       0x80 CMakeFiles/LED_RTOS_STM32F0.out.dir/Drivers/STM32F0xx_HAL_Driver/Src/stm32f0xx_hal_cortex.c.obj
 .comment       0x000000000000007f       0x80 CMakeFiles/LED_RTOS_STM32F0.out.dir/Drivers/STM32F0xx_HAL_Driver/Src/stm32f0xx_hal_gpio.c.obj
 .comment       0x000000000000007f       0x80 CMakeFiles/LED_RTOS_STM32F0.out.dir/Drivers/STM32F0xx_HAL_Driver/Src/stm32f0xx_hal_rcc.c.obj
 .comment       0x000000000000007f       0x80 CMakeFiles/LED_RTOS_STM32F0.out.dir/Drivers/STM32F0xx_HAL_Driver/Src/stm32f0xx_hal_tim.c.obj
 .comment       0x000000000000007f       0x80 CMakeFiles/LED_RTOS_STM32F0.out.dir/Drivers/STM32F0xx_HAL_Driver/Src/stm32f0xx_hal_tim_ex.c.obj
 .comment       0x000000000000007f       0x80 CMakeFiles/LED_RTOS_STM32F0.out.dir/Src/main.c.obj
 .comment       0x000000000000007f       0x80 CMakeFiles/LED_RTOS_STM32F0.out.dir/Src/stm32f0xx_hal_msp.c.obj
 .comment       0x000000000000007f       0x80 CMakeFiles/LED_RTOS_STM32F0.out.dir/Src/stm32f0xx_hal_timebase_tim.c.obj
 .comment       0x000000000000007f       0x80 CMakeFiles/LED_RTOS_STM32F0.out.dir/Src/stm32f0xx_it.c.obj
 .comment       0x000000000000007f       0x80 CMakeFiles/LED_RTOS_STM32F0.out.dir/Src/system_stm32f0xx.c.obj
 .comment       0x000000000000007f       0x80 CMakeFiles/LED_RTOS_STM32F0.out.dir/Middlewares/Third_Party/FreeRTOS/Source/portable/GCC/ARM_CM0/port.c.obj
 .comment       0x000000000000007f       0x80 CMakeFiles/LED_RTOS_STM32F0.out.dir/Middlewares/Third_Party/FreeRTOS/Source/list.c.obj
 .comment       0x000000000000007f       0x80 CMakeFiles/LED_RTOS_STM32F0.out.dir/Middlewares/Third_Party/FreeRTOS/Source/queue.c.obj
 .comment       0x000000000000007f       0x80 CMakeFiles/LED_RTOS_STM32F0.out.dir/Middlewares/Third_Party/FreeRTOS/Source/tasks.c.obj
 .comment       0x000000000000007f       0x80 CMakeFiles/LED_RTOS_STM32F0.out.dir/Middlewares/Third_Party/FreeRTOS/Source/timers.c.obj
 .comment       0x000000000000007f       0x80 CMakeFiles/LED_RTOS_STM32F0.out.dir/Middlewares/Third_Party/FreeRTOS/Source/portable/MemMang/heap_4.c.obj
 .comment       0x000000000000007f       0x80 CMakeFiles/LED_RTOS_STM32F0.out.dir/Middlewares/Third_Party/FreeRTOS/Source/CMSIS_RTOS_V2/cmsis_os2.c.obj

Cross Reference Table

Symbol                                            File
ADC1_COMP_IRQHandler                              CMakeFiles/LED_RTOS_STM32F0.out.dir/startup_stm32f091xc.s.obj
AHBPrescTable                                     CMakeFiles/LED_RTOS_STM32F0.out.dir/Src/system_stm32f0xx.c.obj
                                                  CMakeFiles/LED_RTOS_STM32F0.out.dir/Drivers/STM32F0xx_HAL_Driver/Src/stm32f0xx_ll_utils.c.obj
                                                  CMakeFiles/LED_RTOS_STM32F0.out.dir/Drivers/STM32F0xx_HAL_Driver/Src/stm32f0xx_hal_rcc.c.obj
APBPrescTable                                     CMakeFiles/LED_RTOS_STM32F0.out.dir/Src/system_stm32f0xx.c.obj
                                                  CMakeFiles/LED_RTOS_STM32F0.out.dir/Drivers/STM32F0xx_HAL_Driver/Src/stm32f0xx_hal_rcc.c.obj
CEC_CAN_IRQHandler                                CMakeFiles/LED_RTOS_STM32F0.out.dir/startup_stm32f091xc.s.obj
DMA1_Ch1_IRQHandler                               CMakeFiles/LED_RTOS_STM32F0.out.dir/startup_stm32f091xc.s.obj
DMA1_Ch2_3_DMA2_Ch1_2_IRQHandler                  CMakeFiles/LED_RTOS_STM32F0.out.dir/startup_stm32f091xc.s.obj
DMA1_Ch4_7_DMA2_Ch3_5_IRQHandler                  CMakeFiles/LED_RTOS_STM32F0.out.dir/startup_stm32f091xc.s.obj
Default_Handler                                   CMakeFiles/LED_RTOS_STM32F0.out.dir/startup_stm32f091xc.s.obj
EXTI0_1_IRQHandler                                CMakeFiles/LED_RTOS_STM32F0.out.dir/startup_stm32f091xc.s.obj
EXTI2_3_IRQHandler                                CMakeFiles/LED_RTOS_STM32F0.out.dir/startup_stm32f091xc.s.obj
EXTI4_15_IRQHandler                               CMakeFiles/LED_RTOS_STM32F0.out.dir/startup_stm32f091xc.s.obj
Error_Handler                                     CMakeFiles/LED_RTOS_STM32F0.out.dir/Src/main.c.obj
FLASH_IRQHandler                                  CMakeFiles/LED_RTOS_STM32F0.out.dir/startup_stm32f091xc.s.obj
FLASH_PageErase                                   CMakeFiles/LED_RTOS_STM32F0.out.dir/Drivers/STM32F0xx_HAL_Driver/Src/stm32f0xx_hal_flash_ex.c.obj
                                                  CMakeFiles/LED_RTOS_STM32F0.out.dir/Drivers/STM32F0xx_HAL_Driver/Src/stm32f0xx_hal_flash.c.obj
FLASH_WaitForLastOperation                        CMakeFiles/LED_RTOS_STM32F0.out.dir/Drivers/STM32F0xx_HAL_Driver/Src/stm32f0xx_hal_flash.c.obj
                                                  CMakeFiles/LED_RTOS_STM32F0.out.dir/Drivers/STM32F0xx_HAL_Driver/Src/stm32f0xx_hal_flash_ex.c.obj
HAL_DBGMCU_DisableDBGStandbyMode                  CMakeFiles/LED_RTOS_STM32F0.out.dir/Drivers/STM32F0xx_HAL_Driver/Src/stm32f0xx_hal.c.obj
HAL_DBGMCU_DisableDBGStopMode                     CMakeFiles/LED_RTOS_STM32F0.out.dir/Drivers/STM32F0xx_HAL_Driver/Src/stm32f0xx_hal.c.obj
HAL_DBGMCU_EnableDBGStandbyMode                   CMakeFiles/LED_RTOS_STM32F0.out.dir/Drivers/STM32F0xx_HAL_Driver/Src/stm32f0xx_hal.c.obj
HAL_DBGMCU_EnableDBGStopMode                      CMakeFiles/LED_RTOS_STM32F0.out.dir/Drivers/STM32F0xx_HAL_Driver/Src/stm32f0xx_hal.c.obj
HAL_DMA_Abort                                     CMakeFiles/LED_RTOS_STM32F0.out.dir/Drivers/STM32F0xx_HAL_Driver/Src/stm32f0xx_hal_dma.c.obj
HAL_DMA_Abort_IT                                  CMakeFiles/LED_RTOS_STM32F0.out.dir/Drivers/STM32F0xx_HAL_Driver/Src/stm32f0xx_hal_dma.c.obj
                                                  CMakeFiles/LED_RTOS_STM32F0.out.dir/Drivers/STM32F0xx_HAL_Driver/Src/stm32f0xx_hal_tim_ex.c.obj
                                                  CMakeFiles/LED_RTOS_STM32F0.out.dir/Drivers/STM32F0xx_HAL_Driver/Src/stm32f0xx_hal_tim.c.obj
                                                  CMakeFiles/LED_RTOS_STM32F0.out.dir/Drivers/STM32F0xx_HAL_Driver/Src/stm32f0xx_hal_i2c.c.obj
HAL_DMA_DeInit                                    CMakeFiles/LED_RTOS_STM32F0.out.dir/Drivers/STM32F0xx_HAL_Driver/Src/stm32f0xx_hal_dma.c.obj
HAL_DMA_GetError                                  CMakeFiles/LED_RTOS_STM32F0.out.dir/Drivers/STM32F0xx_HAL_Driver/Src/stm32f0xx_hal_dma.c.obj
HAL_DMA_GetState                                  CMakeFiles/LED_RTOS_STM32F0.out.dir/Drivers/STM32F0xx_HAL_Driver/Src/stm32f0xx_hal_dma.c.obj
                                                  CMakeFiles/LED_RTOS_STM32F0.out.dir/Drivers/STM32F0xx_HAL_Driver/Src/stm32f0xx_hal_i2c.c.obj
HAL_DMA_IRQHandler                                CMakeFiles/LED_RTOS_STM32F0.out.dir/Drivers/STM32F0xx_HAL_Driver/Src/stm32f0xx_hal_dma.c.obj
HAL_DMA_Init                                      CMakeFiles/LED_RTOS_STM32F0.out.dir/Drivers/STM32F0xx_HAL_Driver/Src/stm32f0xx_hal_dma.c.obj
HAL_DMA_PollForTransfer                           CMakeFiles/LED_RTOS_STM32F0.out.dir/Drivers/STM32F0xx_HAL_Driver/Src/stm32f0xx_hal_dma.c.obj
HAL_DMA_RegisterCallback                          CMakeFiles/LED_RTOS_STM32F0.out.dir/Drivers/STM32F0xx_HAL_Driver/Src/stm32f0xx_hal_dma.c.obj
HAL_DMA_Start                                     CMakeFiles/LED_RTOS_STM32F0.out.dir/Drivers/STM32F0xx_HAL_Driver/Src/stm32f0xx_hal_dma.c.obj
HAL_DMA_Start_IT                                  CMakeFiles/LED_RTOS_STM32F0.out.dir/Drivers/STM32F0xx_HAL_Driver/Src/stm32f0xx_hal_dma.c.obj
                                                  CMakeFiles/LED_RTOS_STM32F0.out.dir/Drivers/STM32F0xx_HAL_Driver/Src/stm32f0xx_hal_tim_ex.c.obj
                                                  CMakeFiles/LED_RTOS_STM32F0.out.dir/Drivers/STM32F0xx_HAL_Driver/Src/stm32f0xx_hal_tim.c.obj
                                                  CMakeFiles/LED_RTOS_STM32F0.out.dir/Drivers/STM32F0xx_HAL_Driver/Src/stm32f0xx_hal_i2c.c.obj
HAL_DMA_UnRegisterCallback                        CMakeFiles/LED_RTOS_STM32F0.out.dir/Drivers/STM32F0xx_HAL_Driver/Src/stm32f0xx_hal_dma.c.obj
HAL_DeInit                                        CMakeFiles/LED_RTOS_STM32F0.out.dir/Drivers/STM32F0xx_HAL_Driver/Src/stm32f0xx_hal.c.obj
HAL_Delay                                         CMakeFiles/LED_RTOS_STM32F0.out.dir/Drivers/STM32F0xx_HAL_Driver/Src/stm32f0xx_hal.c.obj
HAL_EXTI_ClearConfigLine                          CMakeFiles/LED_RTOS_STM32F0.out.dir/Drivers/STM32F0xx_HAL_Driver/Src/stm32f0xx_hal_exti.c.obj
HAL_EXTI_ClearPending                             CMakeFiles/LED_RTOS_STM32F0.out.dir/Drivers/STM32F0xx_HAL_Driver/Src/stm32f0xx_hal_exti.c.obj
HAL_EXTI_GenerateSWI                              CMakeFiles/LED_RTOS_STM32F0.out.dir/Drivers/STM32F0xx_HAL_Driver/Src/stm32f0xx_hal_exti.c.obj
HAL_EXTI_GetConfigLine                            CMakeFiles/LED_RTOS_STM32F0.out.dir/Drivers/STM32F0xx_HAL_Driver/Src/stm32f0xx_hal_exti.c.obj
HAL_EXTI_GetHandle                                CMakeFiles/LED_RTOS_STM32F0.out.dir/Drivers/STM32F0xx_HAL_Driver/Src/stm32f0xx_hal_exti.c.obj
HAL_EXTI_GetPending                               CMakeFiles/LED_RTOS_STM32F0.out.dir/Drivers/STM32F0xx_HAL_Driver/Src/stm32f0xx_hal_exti.c.obj
HAL_EXTI_IRQHandler                               CMakeFiles/LED_RTOS_STM32F0.out.dir/Drivers/STM32F0xx_HAL_Driver/Src/stm32f0xx_hal_exti.c.obj
HAL_EXTI_RegisterCallback                         CMakeFiles/LED_RTOS_STM32F0.out.dir/Drivers/STM32F0xx_HAL_Driver/Src/stm32f0xx_hal_exti.c.obj
HAL_EXTI_SetConfigLine                            CMakeFiles/LED_RTOS_STM32F0.out.dir/Drivers/STM32F0xx_HAL_Driver/Src/stm32f0xx_hal_exti.c.obj
HAL_FLASHEx_Erase                                 CMakeFiles/LED_RTOS_STM32F0.out.dir/Drivers/STM32F0xx_HAL_Driver/Src/stm32f0xx_hal_flash_ex.c.obj
HAL_FLASHEx_Erase_IT                              CMakeFiles/LED_RTOS_STM32F0.out.dir/Drivers/STM32F0xx_HAL_Driver/Src/stm32f0xx_hal_flash_ex.c.obj
HAL_FLASHEx_OBErase                               CMakeFiles/LED_RTOS_STM32F0.out.dir/Drivers/STM32F0xx_HAL_Driver/Src/stm32f0xx_hal_flash_ex.c.obj
HAL_FLASHEx_OBGetConfig                           CMakeFiles/LED_RTOS_STM32F0.out.dir/Drivers/STM32F0xx_HAL_Driver/Src/stm32f0xx_hal_flash_ex.c.obj
HAL_FLASHEx_OBGetUserData                         CMakeFiles/LED_RTOS_STM32F0.out.dir/Drivers/STM32F0xx_HAL_Driver/Src/stm32f0xx_hal_flash_ex.c.obj
HAL_FLASHEx_OBProgram                             CMakeFiles/LED_RTOS_STM32F0.out.dir/Drivers/STM32F0xx_HAL_Driver/Src/stm32f0xx_hal_flash_ex.c.obj
HAL_FLASH_EndOfOperationCallback                  CMakeFiles/LED_RTOS_STM32F0.out.dir/Drivers/STM32F0xx_HAL_Driver/Src/stm32f0xx_hal_flash.c.obj
HAL_FLASH_GetError                                CMakeFiles/LED_RTOS_STM32F0.out.dir/Drivers/STM32F0xx_HAL_Driver/Src/stm32f0xx_hal_flash.c.obj
HAL_FLASH_IRQHandler                              CMakeFiles/LED_RTOS_STM32F0.out.dir/Drivers/STM32F0xx_HAL_Driver/Src/stm32f0xx_hal_flash.c.obj
HAL_FLASH_Lock                                    CMakeFiles/LED_RTOS_STM32F0.out.dir/Drivers/STM32F0xx_HAL_Driver/Src/stm32f0xx_hal_flash.c.obj
HAL_FLASH_OB_Launch                               CMakeFiles/LED_RTOS_STM32F0.out.dir/Drivers/STM32F0xx_HAL_Driver/Src/stm32f0xx_hal_flash.c.obj
HAL_FLASH_OB_Lock                                 CMakeFiles/LED_RTOS_STM32F0.out.dir/Drivers/STM32F0xx_HAL_Driver/Src/stm32f0xx_hal_flash.c.obj
HAL_FLASH_OB_Unlock                               CMakeFiles/LED_RTOS_STM32F0.out.dir/Drivers/STM32F0xx_HAL_Driver/Src/stm32f0xx_hal_flash.c.obj
HAL_FLASH_OperationErrorCallback                  CMakeFiles/LED_RTOS_STM32F0.out.dir/Drivers/STM32F0xx_HAL_Driver/Src/stm32f0xx_hal_flash.c.obj
HAL_FLASH_Program                                 CMakeFiles/LED_RTOS_STM32F0.out.dir/Drivers/STM32F0xx_HAL_Driver/Src/stm32f0xx_hal_flash.c.obj
HAL_FLASH_Program_IT                              CMakeFiles/LED_RTOS_STM32F0.out.dir/Drivers/STM32F0xx_HAL_Driver/Src/stm32f0xx_hal_flash.c.obj
HAL_FLASH_Unlock                                  CMakeFiles/LED_RTOS_STM32F0.out.dir/Drivers/STM32F0xx_HAL_Driver/Src/stm32f0xx_hal_flash.c.obj