Archive member included to satisfy reference by file (symbol)

/opt/gcc-arm-none-eabi-7-2018-q2-update/bin/../lib/gcc/arm-none-eabi/7.3.1/../../../../arm-none-eabi/lib/thumb/v6-m/libc_nano.a(lib_a-exit.o)
                              /opt/gcc-arm-none-eabi-7-2018-q2-update/bin/../lib/gcc/arm-none-eabi/7.3.1/../../../../arm-none-eabi/lib/thumb/v6-m/crt0.o (exit)
/opt/gcc-arm-none-eabi-7-2018-q2-update/bin/../lib/gcc/arm-none-eabi/7.3.1/../../../../arm-none-eabi/lib/thumb/v6-m/libc_nano.a(lib_a-impure.o)
                              /opt/gcc-arm-none-eabi-7-2018-q2-update/bin/../lib/gcc/arm-none-eabi/7.3.1/../../../../arm-none-eabi/lib/thumb/v6-m/libc_nano.a(lib_a-exit.o) (_global_impure_ptr)
/opt/gcc-arm-none-eabi-7-2018-q2-update/bin/../lib/gcc/arm-none-eabi/7.3.1/../../../../arm-none-eabi/lib/thumb/v6-m/libc_nano.a(lib_a-init.o)
                              /opt/gcc-arm-none-eabi-7-2018-q2-update/bin/../lib/gcc/arm-none-eabi/7.3.1/../../../../arm-none-eabi/lib/thumb/v6-m/crt0.o (__libc_init_array)
/opt/gcc-arm-none-eabi-7-2018-q2-update/bin/../lib/gcc/arm-none-eabi/7.3.1/../../../../arm-none-eabi/lib/thumb/v6-m/libc_nano.a(lib_a-memset.o)
                              /opt/gcc-arm-none-eabi-7-2018-q2-update/bin/../lib/gcc/arm-none-eabi/7.3.1/../../../../arm-none-eabi/lib/thumb/v6-m/crt0.o (memset)
/opt/gcc-arm-none-eabi-7-2018-q2-update/bin/../lib/gcc/arm-none-eabi/7.3.1/../../../../arm-none-eabi/lib/thumb/v6-m/libnosys.a(_exit.o)
                              /opt/gcc-arm-none-eabi-7-2018-q2-update/bin/../lib/gcc/arm-none-eabi/7.3.1/../../../../arm-none-eabi/lib/thumb/v6-m/libc_nano.a(lib_a-exit.o) (_exit)
/opt/gcc-arm-none-eabi-7-2018-q2-update/bin/../lib/gcc/arm-none-eabi/7.3.1/thumb/v6-m/libgcc.a(_udivsi3.o)
                              CMakeFiles/nucleo-f091RC.out.dir/Drivers/STM32F0xx_HAL_Driver/Src/stm32f0xx_hal.c.obj (__aeabi_uidiv)
/opt/gcc-arm-none-eabi-7-2018-q2-update/bin/../lib/gcc/arm-none-eabi/7.3.1/thumb/v6-m/libgcc.a(_dvmd_tls.o)
                              /opt/gcc-arm-none-eabi-7-2018-q2-update/bin/../lib/gcc/arm-none-eabi/7.3.1/thumb/v6-m/libgcc.a(_udivsi3.o) (__aeabi_idiv0)
/opt/gcc-arm-none-eabi-7-2018-q2-update/bin/../lib/gcc/arm-none-eabi/7.3.1/../../../../arm-none-eabi/lib/thumb/v6-m/libg_nano.a(lib_a-memcpy-stub.o)
                              CMakeFiles/nucleo-f091RC.out.dir/Middlewares/Third_Party/FreeRTOS/Source/queue.c.obj (memcpy)

Allocating common symbols
Common symbol       size              file

defaultTaskHandle   0x4               CMakeFiles/nucleo-f091RC.out.dir/Src/main.c.obj
uwTick              0x4               CMakeFiles/nucleo-f091RC.out.dir/Drivers/STM32F0xx_HAL_Driver/Src/stm32f0xx_hal.c.obj
xQueueRegistry      0x40              CMakeFiles/nucleo-f091RC.out.dir/Middlewares/Third_Party/FreeRTOS/Source/queue.c.obj
pFlash              0x20              CMakeFiles/nucleo-f091RC.out.dir/Drivers/STM32F0xx_HAL_Driver/Src/stm32f0xx_hal_flash.c.obj
htim2               0x48              CMakeFiles/nucleo-f091RC.out.dir/Src/stm32f0xx_hal_timebase_tim.c.obj

Discarded input sections

 .text          0x0000000000000000        0x0 /opt/gcc-arm-none-eabi-7-2018-q2-update/bin/../lib/gcc/arm-none-eabi/7.3.1/thumb/v6-m/crti.o
 .data          0x0000000000000000        0x0 /opt/gcc-arm-none-eabi-7-2018-q2-update/bin/../lib/gcc/arm-none-eabi/7.3.1/thumb/v6-m/crti.o
 .bss           0x0000000000000000        0x0 /opt/gcc-arm-none-eabi-7-2018-q2-update/bin/../lib/gcc/arm-none-eabi/7.3.1/thumb/v6-m/crti.o
 .data          0x0000000000000000        0x4 /opt/gcc-arm-none-eabi-7-2018-q2-update/bin/../lib/gcc/arm-none-eabi/7.3.1/thumb/v6-m/crtbegin.o
 .text          0x0000000000000000       0x78 /opt/gcc-arm-none-eabi-7-2018-q2-update/bin/../lib/gcc/arm-none-eabi/7.3.1/../../../../arm-none-eabi/lib/thumb/v6-m/crt0.o
 .data          0x0000000000000000        0x0 /opt/gcc-arm-none-eabi-7-2018-q2-update/bin/../lib/gcc/arm-none-eabi/7.3.1/../../../../arm-none-eabi/lib/thumb/v6-m/crt0.o
 .bss           0x0000000000000000        0x0 /opt/gcc-arm-none-eabi-7-2018-q2-update/bin/../lib/gcc/arm-none-eabi/7.3.1/../../../../arm-none-eabi/lib/thumb/v6-m/crt0.o
 .ARM.extab     0x0000000000000000        0x0 /opt/gcc-arm-none-eabi-7-2018-q2-update/bin/../lib/gcc/arm-none-eabi/7.3.1/../../../../arm-none-eabi/lib/thumb/v6-m/crt0.o
 .ARM.exidx     0x0000000000000000        0x8 /opt/gcc-arm-none-eabi-7-2018-q2-update/bin/../lib/gcc/arm-none-eabi/7.3.1/../../../../arm-none-eabi/lib/thumb/v6-m/crt0.o
 .ARM.attributes
                0x0000000000000000       0x1b /opt/gcc-arm-none-eabi-7-2018-q2-update/bin/../lib/gcc/arm-none-eabi/7.3.1/../../../../arm-none-eabi/lib/thumb/v6-m/crt0.o
 .text          0x0000000000000000        0x0 /opt/gcc-arm-none-eabi-7-2018-q2-update/bin/../lib/gcc/arm-none-eabi/7.3.1/../../../../arm-none-eabi/lib/thumb/v6-m/libc_nano.a(lib_a-exit.o)
[...]
Memory Configuration

Name             Origin             Length             Attributes
RAM              0x0000000020000000 0x0000000000008000 xrw
FLASH            0x0000000008000000 0x0000000000040000 xr
*default*        0x0000000000000000 0xffffffffffffffff

Linker script and memory map

LOAD /opt/gcc-arm-none-eabi-7-2018-q2-update/bin/../lib/gcc/arm-none-eabi/7.3.1/thumb/v6-m/crti.o
LOAD /opt/gcc-arm-none-eabi-7-2018-q2-update/bin/../lib/gcc/arm-none-eabi/7.3.1/thumb/v6-m/crtbegin.o
LOAD /opt/gcc-arm-none-eabi-7-2018-q2-update/bin/../lib/gcc/arm-none-eabi/7.3.1/../../../../arm-none-eabi/lib/thumb/v6-m/crt0.o
LOAD /opt/gcc-arm-none-eabi-7-2018-q2-update/bin/../lib/gcc/arm-none-eabi/7.3.1/../../../../arm-none-eabi/lib/thumb/v6-m/libc_nano.a
LOAD /opt/gcc-arm-none-eabi-7-2018-q2-update/bin/../lib/gcc/arm-none-eabi/7.3.1/../../../../arm-none-eabi/lib/thumb/v6-m/libm.a
LOAD /opt/gcc-arm-none-eabi-7-2018-q2-update/bin/../lib/gcc/arm-none-eabi/7.3.1/../../../../arm-none-eabi/lib/thumb/v6-m/libnosys.a
LOAD CMakeFiles/nucleo-f091RC.out.dir/startup_stm32f091xc.s.obj
LOAD CMakeFiles/nucleo-f091RC.out.dir/Drivers/STM32F0xx_HAL_Driver/Src/stm32f0xx_hal.c.obj
LOAD CMakeFiles/nucleo-f091RC.out.dir/Drivers/STM32F0xx_HAL_Driver/Src/stm32f0xx_hal_adc.c.obj
LOAD CMakeFiles/nucleo-f091RC.out.dir/Drivers/STM32F0xx_HAL_Driver/Src/stm32f0xx_hal_adc_ex.c.obj
LOAD CMakeFiles/nucleo-f091RC.out.dir/Drivers/STM32F0xx_HAL_Driver/Src/stm32f0xx_hal_can.c.obj
LOAD CMakeFiles/nucleo-f091RC.out.dir/Drivers/STM32F0xx_HAL_Driver/Src/stm32f0xx_hal_cec.c.obj
LOAD CMakeFiles/nucleo-f091RC.out.dir/Drivers/STM32F0xx_HAL_Driver/Src/stm32f0xx_hal_comp.c.obj
LOAD CMakeFiles/nucleo-f091RC.out.dir/Drivers/STM32F0xx_HAL_Driver/Src/stm32f0xx_hal_cortex.c.obj
LOAD CMakeFiles/nucleo-f091RC.out.dir/Drivers/STM32F0xx_HAL_Driver/Src/stm32f0xx_hal_crc.c.obj
LOAD CMakeFiles/nucleo-f091RC.out.dir/Drivers/STM32F0xx_HAL_Driver/Src/stm32f0xx_hal_crc_ex.c.obj
LOAD CMakeFiles/nucleo-f091RC.out.dir/Drivers/STM32F0xx_HAL_Driver/Src/stm32f0xx_hal_dac.c.obj
LOAD CMakeFiles/nucleo-f091RC.out.dir/Drivers/STM32F0xx_HAL_Driver/Src/stm32f0xx_hal_dac_ex.c.obj
LOAD CMakeFiles/nucleo-f091RC.out.dir/Drivers/STM32F0xx_HAL_Driver/Src/stm32f0xx_hal_dma.c.obj
LOAD CMakeFiles/nucleo-f091RC.out.dir/Drivers/STM32F0xx_HAL_Driver/Src/stm32f0xx_hal_exti.c.obj
LOAD CMakeFiles/nucleo-f091RC.out.dir/Drivers/STM32F0xx_HAL_Driver/Src/stm32f0xx_hal_flash.c.obj
LOAD CMakeFiles/nucleo-f091RC.out.dir/Drivers/STM32F0xx_HAL_Driver/Src/stm32f0xx_hal_flash_ex.c.obj
LOAD CMakeFiles/nucleo-f091RC.out.dir/Drivers/STM32F0xx_HAL_Driver/Src/stm32f0xx_hal_gpio.c.obj
LOAD CMakeFiles/nucleo-f091RC.out.dir/Drivers/STM32F0xx_HAL_Driver/Src/stm32f0xx_hal_i2c.c.obj
LOAD CMakeFiles/nucleo-f091RC.out.dir/Drivers/STM32F0xx_HAL_Driver/Src/stm32f0xx_hal_i2c_ex.c.obj
LOAD CMakeFiles/nucleo-f091RC.out.dir/Drivers/STM32F0xx_HAL_Driver/Src/stm32f0xx_hal_i2s.c.obj
LOAD CMakeFiles/nucleo-f091RC.out.dir/Drivers/STM32F0xx_HAL_Driver/Src/stm32f0xx_hal_irda.c.obj
LOAD CMakeFiles/nucleo-f091RC.out.dir/Drivers/STM32F0xx_HAL_Driver/Src/stm32f0xx_hal_iwdg.c.obj
LOAD CMakeFiles/nucleo-f091RC.out.dir/Drivers/STM32F0xx_HAL_Driver/Src/stm32f0xx_hal_pcd.c.obj
LOAD CMakeFiles/nucleo-f091RC.out.dir/Drivers/STM32F0xx_HAL_Driver/Src/stm32f0xx_hal_pcd_ex.c.obj
LOAD CMakeFiles/nucleo-f091RC.out.dir/Drivers/STM32F0xx_HAL_Driver/Src/stm32f0xx_hal_pwr.c.obj
LOAD CMakeFiles/nucleo-f091RC.out.dir/Drivers/STM32F0xx_HAL_Driver/Src/stm32f0xx_hal_pwr_ex.c.obj
LOAD CMakeFiles/nucleo-f091RC.out.dir/Drivers/STM32F0xx_HAL_Driver/Src/stm32f0xx_hal_rcc.c.obj
LOAD CMakeFiles/nucleo-f091RC.out.dir/Drivers/STM32F0xx_HAL_Driver/Src/stm32f0xx_hal_rcc_ex.c.obj
LOAD CMakeFiles/nucleo-f091RC.out.dir/Drivers/STM32F0xx_HAL_Driver/Src/stm32f0xx_hal_rtc.c.obj
LOAD CMakeFiles/nucleo-f091RC.out.dir/Drivers/STM32F0xx_HAL_Driver/Src/stm32f0xx_hal_rtc_ex.c.obj
LOAD CMakeFiles/nucleo-f091RC.out.dir/Drivers/STM32F0xx_HAL_Driver/Src/stm32f0xx_hal_smartcard.c.obj
LOAD CMakeFiles/nucleo-f091RC.out.dir/Drivers/STM32F0xx_HAL_Driver/Src/stm32f0xx_hal_smartcard_ex.c.obj
LOAD CMakeFiles/nucleo-f091RC.out.dir/Drivers/STM32F0xx_HAL_Driver/Src/stm32f0xx_hal_smbus.c.obj
LOAD CMakeFiles/nucleo-f091RC.out.dir/Drivers/STM32F0xx_HAL_Driver/Src/stm32f0xx_hal_spi.c.obj
LOAD CMakeFiles/nucleo-f091RC.out.dir/Drivers/STM32F0xx_HAL_Driver/Src/stm32f0xx_hal_spi_ex.c.obj
LOAD CMakeFiles/nucleo-f091RC.out.dir/Drivers/STM32F0xx_HAL_Driver/Src/stm32f0xx_hal_tim.c.obj
LOAD CMakeFiles/nucleo-f091RC.out.dir/Drivers/STM32F0xx_HAL_Driver/Src/stm32f0xx_hal_tim_ex.c.obj
LOAD CMakeFiles/nucleo-f091RC.out.dir/Drivers/STM32F0xx_HAL_Driver/Src/stm32f0xx_hal_tsc.c.obj
LOAD CMakeFiles/nucleo-f091RC.out.dir/Drivers/STM32F0xx_HAL_Driver/Src/stm32f0xx_hal_uart.c.obj
LOAD CMakeFiles/nucleo-f091RC.out.dir/Drivers/STM32F0xx_HAL_Driver/Src/stm32f0xx_hal_uart_ex.c.obj
LOAD CMakeFiles/nucleo-f091RC.out.dir/Drivers/STM32F0xx_HAL_Driver/Src/stm32f0xx_hal_usart.c.obj
LOAD CMakeFiles/nucleo-f091RC.out.dir/Drivers/STM32F0xx_HAL_Driver/Src/stm32f0xx_hal_usart_ex.c.obj
LOAD CMakeFiles/nucleo-f091RC.out.dir/Drivers/STM32F0xx_HAL_Driver/Src/stm32f0xx_hal_wwdg.c.obj
LOAD CMakeFiles/nucleo-f091RC.out.dir/Drivers/STM32F0xx_HAL_Driver/Src/stm32f0xx_ll_adc.c.obj
LOAD CMakeFiles/nucleo-f091RC.out.dir/Drivers/STM32F0xx_HAL_Driver/Src/stm32f0xx_ll_comp.c.obj
LOAD CMakeFiles/nucleo-f091RC.out.dir/Drivers/STM32F0xx_HAL_Driver/Src/stm32f0xx_ll_crc.c.obj
LOAD CMakeFiles/nucleo-f091RC.out.dir/Drivers/STM32F0xx_HAL_Driver/Src/stm32f0xx_ll_crs.c.obj
LOAD CMakeFiles/nucleo-f091RC.out.dir/Drivers/STM32F0xx_HAL_Driver/Src/stm32f0xx_ll_dac.c.obj
LOAD CMakeFiles/nucleo-f091RC.out.dir/Drivers/STM32F0xx_HAL_Driver/Src/stm32f0xx_ll_dma.c.obj
LOAD CMakeFiles/nucleo-f091RC.out.dir/Drivers/STM32F0xx_HAL_Driver/Src/stm32f0xx_ll_exti.c.obj
LOAD CMakeFiles/nucleo-f091RC.out.dir/Drivers/STM32F0xx_HAL_Driver/Src/stm32f0xx_ll_gpio.c.obj
LOAD CMakeFiles/nucleo-f091RC.out.dir/Drivers/STM32F0xx_HAL_Driver/Src/stm32f0xx_ll_i2c.c.obj
LOAD CMakeFiles/nucleo-f091RC.out.dir/Drivers/STM32F0xx_HAL_Driver/Src/stm32f0xx_ll_pwr.c.obj
LOAD CMakeFiles/nucleo-f091RC.out.dir/Drivers/STM32F0xx_HAL_Driver/Src/stm32f0xx_ll_rcc.c.obj
LOAD CMakeFiles/nucleo-f091RC.out.dir/Drivers/STM32F0xx_HAL_Driver/Src/stm32f0xx_ll_rtc.c.obj
LOAD CMakeFiles/nucleo-f091RC.out.dir/Drivers/STM32F0xx_HAL_Driver/Src/stm32f0xx_ll_spi.c.obj
LOAD CMakeFiles/nucleo-f091RC.out.dir/Drivers/STM32F0xx_HAL_Driver/Src/stm32f0xx_ll_tim.c.obj
LOAD CMakeFiles/nucleo-f091RC.out.dir/Drivers/STM32F0xx_HAL_Driver/Src/stm32f0xx_ll_usart.c.obj
LOAD CMakeFiles/nucleo-f091RC.out.dir/Drivers/STM32F0xx_HAL_Driver/Src/stm32f0xx_ll_usb.c.obj
LOAD CMakeFiles/nucleo-f091RC.out.dir/Drivers/STM32F0xx_HAL_Driver/Src/stm32f0xx_ll_utils.c.obj
LOAD CMakeFiles/nucleo-f091RC.out.dir/Src/freertos.c.obj
LOAD CMakeFiles/nucleo-f091RC.out.dir/Src/main.c.obj
LOAD CMakeFiles/nucleo-f091RC.out.dir/Src/stm32f0xx_hal_msp.c.obj
LOAD CMakeFiles/nucleo-f091RC.out.dir/Src/stm32f0xx_hal_timebase_tim.c.obj
LOAD CMakeFiles/nucleo-f091RC.out.dir/Src/stm32f0xx_it.c.obj
LOAD CMakeFiles/nucleo-f091RC.out.dir/Src/system_stm32f0xx.c.obj
LOAD CMakeFiles/nucleo-f091RC.out.dir/Middlewares/Third_Party/FreeRTOS/Source/portable/GCC/ARM_CM0/port.c.obj
LOAD CMakeFiles/nucleo-f091RC.out.dir/Middlewares/Third_Party/FreeRTOS/Source/croutine.c.obj
LOAD CMakeFiles/nucleo-f091RC.out.dir/Middlewares/Third_Party/FreeRTOS/Source/event_groups.c.obj
LOAD CMakeFiles/nucleo-f091RC.out.dir/Middlewares/Third_Party/FreeRTOS/Source/list.c.obj
LOAD CMakeFiles/nucleo-f091RC.out.dir/Middlewares/Third_Party/FreeRTOS/Source/queue.c.obj
LOAD CMakeFiles/nucleo-f091RC.out.dir/Middlewares/Third_Party/FreeRTOS/Source/stream_buffer.c.obj
LOAD CMakeFiles/nucleo-f091RC.out.dir/Middlewares/Third_Party/FreeRTOS/Source/tasks.c.obj
LOAD CMakeFiles/nucleo-f091RC.out.dir/Middlewares/Third_Party/FreeRTOS/Source/timers.c.obj
LOAD CMakeFiles/nucleo-f091RC.out.dir/Middlewares/Third_Party/FreeRTOS/Source/portable/MemMang/heap_4.c.obj
LOAD CMakeFiles/nucleo-f091RC.out.dir/Middlewares/Third_Party/FreeRTOS/Source/CMSIS_RTOS_V2/cmsis_os2.c.obj
START GROUP
LOAD /opt/gcc-arm-none-eabi-7-2018-q2-update/bin/../lib/gcc/arm-none-eabi/7.3.1/thumb/v6-m/libgcc.a
LOAD /opt/gcc-arm-none-eabi-7-2018-q2-update/bin/../lib/gcc/arm-none-eabi/7.3.1/../../../../arm-none-eabi/lib/thumb/v6-m/libg_nano.a
LOAD /opt/gcc-arm-none-eabi-7-2018-q2-update/bin/../lib/gcc/arm-none-eabi/7.3.1/../../../../arm-none-eabi/lib/thumb/v6-m/libc_nano.a
END GROUP
START GROUP
LOAD /opt/gcc-arm-none-eabi-7-2018-q2-update/bin/../lib/gcc/arm-none-eabi/7.3.1/thumb/v6-m/libgcc.a
LOAD /opt/gcc-arm-none-eabi-7-2018-q2-update/bin/../lib/gcc/arm-none-eabi/7.3.1/../../../../arm-none-eabi/lib/thumb/v6-m/libc_nano.a
END GROUP
LOAD /opt/gcc-arm-none-eabi-7-2018-q2-update/bin/../lib/gcc/arm-none-eabi/7.3.1/thumb/v6-m/crtend.o
LOAD /opt/gcc-arm-none-eabi-7-2018-q2-update/bin/../lib/gcc/arm-none-eabi/7.3.1/thumb/v6-m/crtn.o
                0x0000000020008000                _estack = 0x20008000
                0x0000000000000200                _Min_Heap_Size = 0x200
                0x0000000000000400                _Min_Stack_Size = 0x400

.isr_vector     0x0000000008000000       0xbc
                0x0000000008000000                . = ALIGN (0x4)
 *(.isr_vector)
 .isr_vector    0x0000000008000000       0xbc CMakeFiles/nucleo-f091RC.out.dir/startup_stm32f091xc.s.obj
                0x0000000008000000                g_pfnVectors
                0x00000000080000bc                . = ALIGN (0x4)

.text           0x00000000080000c0     0x2704
                0x00000000080000c0                . = ALIGN (0x4)
 *(.text)
 .text          0x00000000080000c0       0x48 /opt/gcc-arm-none-eabi-7-2018-q2-update/bin/../lib/gcc/arm-none-eabi/7.3.1/thumb/v6-m/crtbegin.o
 .text          0x0000000008000108      0x114 /opt/gcc-arm-none-eabi-7-2018-q2-update/bin/../lib/gcc/arm-none-eabi/7.3.1/thumb/v6-m/libgcc.a(_udivsi3.o)
                0x0000000008000108                __udivsi3
                0x0000000008000108                __aeabi_uidiv
                0x0000000008000214                __aeabi_uidivmod
 .text          0x000000000800021c        0x4 /opt/gcc-arm-none-eabi-7-2018-q2-update/bin/../lib/gcc/arm-none-eabi/7.3.1/thumb/v6-m/libgcc.a(_dvmd_tls.o)
                0x000000000800021c                __aeabi_ldiv0
                0x000000000800021c                __aeabi_idiv0
 *(.text*)
 .text.__libc_init_array
                0x0000000008000220       0x48 /opt/gcc-arm-none-eabi-7-2018-q2-update/bin/../lib/gcc/arm-none-eabi/7.3.1/../../../../arm-none-eabi/lib/thumb/v6-m/libc_nano.a(lib_a-init.o)
                0x0000000008000220                __libc_init_array
 .text.memset   0x0000000008000268       0x10 /opt/gcc-arm-none-eabi-7-2018-q2-update/bin/../lib/gcc/arm-none-eabi/7.3.1/../../../../arm-none-eabi/lib/thumb/v6-m/libc_nano.a(lib_a-memset.o)
                0x0000000008000268                memset
 .text.Reset_Handler
                0x0000000008000278       0x50 CMakeFiles/nucleo-f091RC.out.dir/startup_stm32f091xc.s.obj
                0x0000000008000278                Reset_Handler
 .text.Default_Handler
                0x00000000080002c8        0x2 CMakeFiles/nucleo-f091RC.out.dir/startup_stm32f091xc.s.obj
                0x00000000080002c8                TIM1_CC_IRQHandler
                0x00000000080002c8                TSC_IRQHandler
                0x00000000080002c8                ADC1_COMP_IRQHandler
                0x00000000080002c8                I2C1_IRQHandler
                0x00000000080002c8                RCC_CRS_IRQHandler
                0x00000000080002c8                SPI1_IRQHandler
                0x00000000080002c8                TIM6_DAC_IRQHandler
                0x00000000080002c8                DMA1_Ch1_IRQHandler
                0x00000000080002c8                EXTI2_3_IRQHandler
                0x00000000080002c8                I2C2_IRQHandler
                0x00000000080002c8                TIM17_IRQHandler
                0x00000000080002c8                CEC_CAN_IRQHandler
                0x00000000080002c8                RTC_IRQHandler
                0x00000000080002c8                PVD_VDDIO2_IRQHandler
                0x00000000080002c8                TIM16_IRQHandler
                0x00000000080002c8                TIM3_IRQHandler
                0x00000000080002c8                EXTI4_15_IRQHandler
                0x00000000080002c8                USART3_8_IRQHandler
                0x00000000080002c8                Default_Handler
                0x00000000080002c8                TIM14_IRQHandler
                0x00000000080002c8                TIM7_IRQHandler
                0x00000000080002c8                TIM15_IRQHandler
                0x00000000080002c8                EXTI0_1_IRQHandler
                0x00000000080002c8                SPI2_IRQHandler
                0x00000000080002c8                DMA1_Ch2_3_DMA2_Ch1_2_IRQHandler
                0x00000000080002c8                DMA1_Ch4_7_DMA2_Ch3_5_IRQHandler
                0x00000000080002c8                WWDG_IRQHandler
                0x00000000080002c8                USART2_IRQHandler
                0x00000000080002c8                FLASH_IRQHandler
                0x00000000080002c8                USART1_IRQHandler
                0x00000000080002c8                TIM1_BRK_UP_TRG_COM_IRQHandler
 *fill*         0x00000000080002ca        0x2 
 .text.HAL_Init
                0x00000000080002cc       0x20 CMakeFiles/nucleo-f091RC.out.dir/Drivers/STM32F0xx_HAL_Driver/Src/stm32f0xx_hal.c.obj
                0x00000000080002cc                HAL_Init
 .text.HAL_IncTick
                0x00000000080002ec       0x18 CMakeFiles/nucleo-f091RC.out.dir/Drivers/STM32F0xx_HAL_Driver/Src/stm32f0xx_hal.c.obj
                0x00000000080002ec                HAL_IncTick
 .text.HAL_GetTick
                0x0000000008000304        0xc CMakeFiles/nucleo-f091RC.out.dir/Drivers/STM32F0xx_HAL_Driver/Src/stm32f0xx_hal.c.obj
                0x0000000008000304                HAL_GetTick
 .text.HAL_NVIC_SetPriority
                0x0000000008000310       0x64 CMakeFiles/nucleo-f091RC.out.dir/Drivers/STM32F0xx_HAL_Driver/Src/stm32f0xx_hal_cortex.c.obj
                0x0000000008000310                HAL_NVIC_SetPriority
 .text.HAL_NVIC_EnableIRQ
                0x0000000008000374       0x18 CMakeFiles/nucleo-f091RC.out.dir/Drivers/STM32F0xx_HAL_Driver/Src/stm32f0xx_hal_cortex.c.obj
                0x0000000008000374                HAL_NVIC_EnableIRQ
 .text.HAL_RCC_OscConfig
                0x000000000800038c      0x540 CMakeFiles/nucleo-f091RC.out.dir/Drivers/STM32F0xx_HAL_Driver/Src/stm32f0xx_hal_rcc.c.obj
                0x000000000800038c                HAL_RCC_OscConfig
 .text.HAL_RCC_GetSysClockFreq
                0x00000000080008cc       0x94 CMakeFiles/nucleo-f091RC.out.dir/Drivers/STM32F0xx_HAL_Driver/Src/stm32f0xx_hal_rcc.c.obj
                0x00000000080008cc                HAL_RCC_GetSysClockFreq
 .text.HAL_RCC_ClockConfig
                0x0000000008000960      0x140 CMakeFiles/nucleo-f091RC.out.dir/Drivers/STM32F0xx_HAL_Driver/Src/stm32f0xx_hal_rcc.c.obj
                0x0000000008000960                HAL_RCC_ClockConfig
 .text.HAL_RCC_GetHCLKFreq
                0x0000000008000aa0        0xc CMakeFiles/nucleo-f091RC.out.dir/Drivers/STM32F0xx_HAL_Driver/Src/stm32f0xx_hal_rcc.c.obj
                0x0000000008000aa0                HAL_RCC_GetHCLKFreq
 .text.HAL_RCC_GetPCLK1Freq
                0x0000000008000aac       0x20 CMakeFiles/nucleo-f091RC.out.dir/Drivers/STM32F0xx_HAL_Driver/Src/stm32f0xx_hal_rcc.c.obj
                0x0000000008000aac                HAL_RCC_GetPCLK1Freq
 .text.HAL_RCC_GetClockConfig
                0x0000000008000acc       0x38 CMakeFiles/nucleo-f091RC.out.dir/Drivers/STM32F0xx_HAL_Driver/Src/stm32f0xx_hal_rcc.c.obj
                0x0000000008000acc                HAL_RCC_GetClockConfig
 .text.HAL_TIM_Base_MspInit
                0x0000000008000b04        0x2 CMakeFiles/nucleo-f091RC.out.dir/Drivers/STM32F0xx_HAL_Driver/Src/stm32f0xx_hal_tim.c.obj
                0x0000000008000b04                HAL_TIM_Base_MspInit
 *fill*         0x0000000008000b06        0x2 
 .text.HAL_TIM_Base_Start_IT
                0x0000000008000b08       0x6c CMakeFiles/nucleo-f091RC.out.dir/Drivers/STM32F0xx_HAL_Driver/Src/stm32f0xx_hal_tim.c.obj
                0x0000000008000b08                HAL_TIM_Base_Start_IT
 .text.HAL_TIM_OC_DelayElapsedCallback
                0x0000000008000b74        0x2 CMakeFiles/nucleo-f091RC.out.dir/Drivers/STM32F0xx_HAL_Driver/Src/stm32f0xx_hal_tim.c.obj
                0x0000000008000b74                HAL_TIM_OC_DelayElapsedCallback
 .text.HAL_TIM_IC_CaptureCallback
                0x0000000008000b76        0x2 CMakeFiles/nucleo-f091RC.out.dir/Drivers/STM32F0xx_HAL_Driver/Src/stm32f0xx_hal_tim.c.obj
                0x0000000008000b76                HAL_TIM_IC_CaptureCallback
 .text.HAL_TIM_PWM_PulseFinishedCallback
                0x0000000008000b78        0x2 CMakeFiles/nucleo-f091RC.out.dir/Drivers/STM32F0xx_HAL_Driver/Src/stm32f0xx_hal_tim.c.obj
                0x0000000008000b78                HAL_TIM_PWM_PulseFinishedCallback
 .text.HAL_TIM_TriggerCallback
                0x0000000008000b7a        0x2 CMakeFiles/nucleo-f091RC.out.dir/Drivers/STM32F0xx_HAL_Driver/Src/stm32f0xx_hal_tim.c.obj
                0x0000000008000b7a                HAL_TIM_TriggerCallback
 .text.HAL_TIM_IRQHandler
                0x0000000008000b7c      0x15a CMakeFiles/nucleo-f091RC.out.dir/Drivers/STM32F0xx_HAL_Driver/Src/stm32f0xx_hal_tim.c.obj
                0x0000000008000b7c                HAL_TIM_IRQHandler
 *fill*         0x0000000008000cd6        0x2 
 .text.TIM_Base_SetConfig
                0x0000000008000cd8       0xa4 CMakeFiles/nucleo-f091RC.out.dir/Drivers/STM32F0xx_HAL_Driver/Src/stm32f0xx_hal_tim.c.obj
                0x0000000008000cd8                TIM_Base_SetConfig
 .text.HAL_TIM_Base_Init
                0x0000000008000d7c       0x58 CMakeFiles/nucleo-f091RC.out.dir/Drivers/STM32F0xx_HAL_Driver/Src/stm32f0xx_hal_tim.c.obj
                0x0000000008000d7c                HAL_TIM_Base_Init
 .text.HAL_TIMEx_CommutCallback
                0x0000000008000dd4        0x2 CMakeFiles/nucleo-f091RC.out.dir/Drivers/STM32F0xx_HAL_Driver/Src/stm32f0xx_hal_tim_ex.c.obj
                0x0000000008000dd4                HAL_TIMEx_CommutCallback
 .text.HAL_TIMEx_BreakCallback
                0x0000000008000dd6        0x2 CMakeFiles/nucleo-f091RC.out.dir/Drivers/STM32F0xx_HAL_Driver/Src/stm32f0xx_hal_tim_ex.c.obj
                0x0000000008000dd6                HAL_TIMEx_BreakCallback
 .text.StartDefaultTask
                0x0000000008000dd8        0xa CMakeFiles/nucleo-f091RC.out.dir/Src/main.c.obj
                0x0000000008000dd8                StartDefaultTask
 .text.HAL_TIM_PeriodElapsedCallback
                0x0000000008000de2       0x14 CMakeFiles/nucleo-f091RC.out.dir/Src/main.c.obj
                0x0000000008000de2                HAL_TIM_PeriodElapsedCallback
 .text.Error_Handler
                0x0000000008000df6        0x4 CMakeFiles/nucleo-f091RC.out.dir/Src/main.c.obj
                0x0000000008000df6                Error_Handler
 .text.SystemClock_Config
                0x0000000008000dfa       0x62 CMakeFiles/nucleo-f091RC.out.dir/Src/main.c.obj
                0x0000000008000dfa                SystemClock_Config
 .text.main     0x0000000008000e5c       0x30 CMakeFiles/nucleo-f091RC.out.dir/Src/main.c.obj
                0x0000000008000e5c                main
 .text.HAL_MspInit
                0x0000000008000e8c       0x3c CMakeFiles/nucleo-f091RC.out.dir/Src/stm32f0xx_hal_msp.c.obj
                0x0000000008000e8c                HAL_MspInit
 .text.HAL_InitTick
                0x0000000008000ec8       0x74 CMakeFiles/nucleo-f091RC.out.dir/Src/stm32f0xx_hal_timebase_tim.c.obj
                0x0000000008000ec8                HAL_InitTick
 .text.NMI_Handler
                0x0000000008000f3c        0x2 CMakeFiles/nucleo-f091RC.out.dir/Src/stm32f0xx_it.c.obj
                0x0000000008000f3c                NMI_Handler
 .text.HardFault_Handler
                0x0000000008000f3e        0x2 CMakeFiles/nucleo-f091RC.out.dir/Src/stm32f0xx_it.c.obj
                0x0000000008000f3e                HardFault_Handler
 .text.TIM2_IRQHandler
                0x0000000008000f40       0x10 CMakeFiles/nucleo-f091RC.out.dir/Src/stm32f0xx_it.c.obj
                0x0000000008000f40                TIM2_IRQHandler
 .text.SystemInit
                0x0000000008000f50        0x2 CMakeFiles/nucleo-f091RC.out.dir/Src/system_stm32f0xx.c.obj
                0x0000000008000f50                SystemInit
 *fill*         0x0000000008000f52        0x2 
 .text.prvTaskExitError
                0x0000000008000f54       0x24 CMakeFiles/nucleo-f091RC.out.dir/Middlewares/Third_Party/FreeRTOS/Source/portable/GCC/ARM_CM0/port.c.obj
 *fill*         0x0000000008000f78        0x8 
 .text.vPortStartFirstTask
                0x0000000008000f80       0x34 CMakeFiles/nucleo-f091RC.out.dir/Middlewares/Third_Party/FreeRTOS/Source/portable/GCC/ARM_CM0/port.c.obj
 .text.prvSetupTimerInterrupt
                0x0000000008000fb4       0x34 CMakeFiles/nucleo-f091RC.out.dir/Middlewares/Third_Party/FreeRTOS/Source/portable/GCC/ARM_CM0/port.c.obj
 .text.pxPortInitialiseStack
                0x0000000008000fe8       0x20 CMakeFiles/nucleo-f091RC.out.dir/Middlewares/Third_Party/FreeRTOS/Source/portable/GCC/ARM_CM0/port.c.obj
                0x0000000008000fe8                pxPortInitialiseStack
 .text.SVC_Handler
                0x0000000008001008        0x2 CMakeFiles/nucleo-f091RC.out.dir/Middlewares/Third_Party/FreeRTOS/Source/portable/GCC/ARM_CM0/port.c.obj
                0x0000000008001008                SVC_Handler
 *fill*         0x000000000800100a        0x2 
 .text.xPortStartScheduler
                0x000000000800100c       0x3c CMakeFiles/nucleo-f091RC.out.dir/Middlewares/Third_Party/FreeRTOS/Source/portable/GCC/ARM_CM0/port.c.obj
                0x000000000800100c                xPortStartScheduler
 .text.vPortYield
                0x0000000008001048       0x18 CMakeFiles/nucleo-f091RC.out.dir/Middlewares/Third_Party/FreeRTOS/Source/portable/GCC/ARM_CM0/port.c.obj
                0x0000000008001048                vPortYield
 .text.vPortEnterCritical
                0x0000000008001060       0x18 CMakeFiles/nucleo-f091RC.out.dir/Middlewares/Third_Party/FreeRTOS/Source/portable/GCC/ARM_CM0/port.c.obj
                0x0000000008001060                vPortEnterCritical
 .text.vPortExitCritical
                0x0000000008001078       0x20 CMakeFiles/nucleo-f091RC.out.dir/Middlewares/Third_Party/FreeRTOS/Source/portable/GCC/ARM_CM0/port.c.obj
                0x0000000008001078                vPortExitCritical
 .text.ulSetInterruptMaskFromISR
                0x0000000008001098        0x8 CMakeFiles/nucleo-f091RC.out.dir/Middlewares/Third_Party/FreeRTOS/Source/portable/GCC/ARM_CM0/port.c.obj
                0x0000000008001098                ulSetInterruptMaskFromISR
 .text.vClearInterruptMaskFromISR
                0x00000000080010a0        0x6 CMakeFiles/nucleo-f091RC.out.dir/Middlewares/Third_Party/FreeRTOS/Source/portable/GCC/ARM_CM0/port.c.obj
                0x00000000080010a0                vClearInterruptMaskFromISR
 *fill*         0x00000000080010a6        0xa 
 .text.PendSV_Handler
                0x00000000080010b0       0x44 CMakeFiles/nucleo-f091RC.out.dir/Middlewares/Third_Party/FreeRTOS/Source/portable/GCC/ARM_CM0/port.c.obj
                0x00000000080010b0                PendSV_Handler
 .text.SysTick_Handler
                0x00000000080010f4       0x24 CMakeFiles/nucleo-f091RC.out.dir/Middlewares/Third_Party/FreeRTOS/Source/portable/GCC/ARM_CM0/port.c.obj
                0x00000000080010f4                SysTick_Handler
 .text.vListInitialise
                0x0000000008001118       0x16 CMakeFiles/nucleo-f091RC.out.dir/Middlewares/Third_Party/FreeRTOS/Source/list.c.obj
                0x0000000008001118                vListInitialise
 .text.vListInitialiseItem
                0x000000000800112e        0x6 CMakeFiles/nucleo-f091RC.out.dir/Middlewares/Third_Party/FreeRTOS/Source/list.c.obj
                0x000000000800112e                vListInitialiseItem
 .text.vListInsertEnd
                0x0000000008001134       0x18 CMakeFiles/nucleo-f091RC.out.dir/Middlewares/Third_Party/FreeRTOS/Source/list.c.obj
                0x0000000008001134                vListInsertEnd
 .text.vListInsert
                0x000000000800114c       0x30 CMakeFiles/nucleo-f091RC.out.dir/Middlewares/Third_Party/FreeRTOS/Source/list.c.obj
                0x000000000800114c                vListInsert
 .text.uxListRemove
                0x000000000800117c       0x28 CMakeFiles/nucleo-f091RC.out.dir/Middlewares/Third_Party/FreeRTOS/Source/list.c.obj
                0x000000000800117c                uxListRemove
 .text.prvIsQueueFull
                0x00000000080011a4       0x1e CMakeFiles/nucleo-f091RC.out.dir/Middlewares/Third_Party/FreeRTOS/Source/queue.c.obj
 .text.prvIsQueueEmpty
                0x00000000080011c2       0x1c CMakeFiles/nucleo-f091RC.out.dir/Middlewares/Third_Party/FreeRTOS/Source/queue.c.obj
 .text.prvCopyDataToQueue
                0x00000000080011de       0x82 CMakeFiles/nucleo-f091RC.out.dir/Middlewares/Third_Party/FreeRTOS/Source/queue.c.obj
 .text.prvCopyDataFromQueue
                0x0000000008001260       0x24 CMakeFiles/nucleo-f091RC.out.dir/Middlewares/Third_Party/FreeRTOS/Source/queue.c.obj
 .text.prvUnlockQueue
                0x0000000008001284       0x72 CMakeFiles/nucleo-f091RC.out.dir/Middlewares/Third_Party/FreeRTOS/Source/queue.c.obj
 .text.xQueueGenericReset
                0x00000000080012f6       0x6e CMakeFiles/nucleo-f091RC.out.dir/Middlewares/Third_Party/FreeRTOS/Source/queue.c.obj
                0x00000000080012f6                xQueueGenericReset
 .text.prvInitialiseNewQueue
                0x0000000008001364       0x22 CMakeFiles/nucleo-f091RC.out.dir/Middlewares/Third_Party/FreeRTOS/Source/queue.c.obj
 .text.xQueueGenericCreateStatic
                0x0000000008001386       0x52 CMakeFiles/nucleo-f091RC.out.dir/Middlewares/Third_Party/FreeRTOS/Source/queue.c.obj
                0x0000000008001386                xQueueGenericCreateStatic
 .text.xQueueGenericSend
                0x00000000080013d8      0x12a CMakeFiles/nucleo-f091RC.out.dir/Middlewares/Third_Party/FreeRTOS/Source/queue.c.obj
                0x00000000080013d8                xQueueGenericSend
 .text.xQueueGenericSendFromISR
                0x0000000008001502       0x9a CMakeFiles/nucleo-f091RC.out.dir/Middlewares/Third_Party/FreeRTOS/Source/queue.c.obj
                0x0000000008001502                xQueueGenericSendFromISR
 .text.xQueueReceive
                0x000000000800159c      0x11a CMakeFiles/nucleo-f091RC.out.dir/Middlewares/Third_Party/FreeRTOS/Source/queue.c.obj
                0x000000000800159c                xQueueReceive
 *fill*         0x00000000080016b6        0x2 
 .text.vQueueAddToRegistry
                0x00000000080016b8       0x24 CMakeFiles/nucleo-f091RC.out.dir/Middlewares/Third_Party/FreeRTOS/Source/queue.c.obj
                0x00000000080016b8                vQueueAddToRegistry
 .text.vQueueWaitForMessageRestricted
                0x00000000080016dc       0x50 CMakeFiles/nucleo-f091RC.out.dir/Middlewares/Third_Party/FreeRTOS/Source/queue.c.obj
                0x00000000080016dc                vQueueWaitForMessageRestricted
 .text.prvResetNextTaskUnblockTime
                0x000000000800172c       0x2c CMakeFiles/nucleo-f091RC.out.dir/Middlewares/Third_Party/FreeRTOS/Source/tasks.c.obj
 .text.prvInitialiseNewTask
                0x0000000008001758       0x9c CMakeFiles/nucleo-f091RC.out.dir/Middlewares/Third_Party/FreeRTOS/Source/tasks.c.obj
 .text.prvInitialiseTaskLists
                0x00000000080017f4       0x68 CMakeFiles/nucleo-f091RC.out.dir/Middlewares/Third_Party/FreeRTOS/Source/tasks.c.obj
 .text.prvAddNewTaskToReadyList
                0x000000000800185c       0xa4 CMakeFiles/nucleo-f091RC.out.dir/Middlewares/Third_Party/FreeRTOS/Source/tasks.c.obj
 .text.prvDeleteTCB
                0x0000000008001900       0x2c CMakeFiles/nucleo-f091RC.out.dir/Middlewares/Third_Party/FreeRTOS/Source/tasks.c.obj
 .text.prvCheckTasksWaitingTermination
                0x000000000800192c       0x44 CMakeFiles/nucleo-f091RC.out.dir/Middlewares/Third_Party/FreeRTOS/Source/tasks.c.obj
 .text.prvIdleTask
                0x0000000008001970       0x18 CMakeFiles/nucleo-f091RC.out.dir/Middlewares/Third_Party/FreeRTOS/Source/tasks.c.obj
 .text.prvAddCurrentTaskToDelayedList
                0x0000000008001988       0x7c CMakeFiles/nucleo-f091RC.out.dir/Middlewares/Third_Party/FreeRTOS/Source/tasks.c.obj
 .text.xTaskCreateStatic
                0x0000000008001a04       0x4c CMakeFiles/nucleo-f091RC.out.dir/Middlewares/Third_Party/FreeRTOS/Source/tasks.c.obj
                0x0000000008001a04                xTaskCreateStatic
 .text.xTaskCreate
                0x0000000008001a50       0x64 CMakeFiles/nucleo-f091RC.out.dir/Middlewares/Third_Party/FreeRTOS/Source/tasks.c.obj
                0x0000000008001a50                xTaskCreate
 .text.vTaskStartScheduler
                0x0000000008001ab4       0x78 CMakeFiles/nucleo-f091RC.out.dir/Middlewares/Third_Party/FreeRTOS/Source/tasks.c.obj
                0x0000000008001ab4                vTaskStartScheduler
 .text.vTaskSuspendAll
                0x0000000008001b2c       0x10 CMakeFiles/nucleo-f091RC.out.dir/Middlewares/Third_Party/FreeRTOS/Source/tasks.c.obj
                0x0000000008001b2c                vTaskSuspendAll
 .text.xTaskGetTickCount
                0x0000000008001b3c        0xc CMakeFiles/nucleo-f091RC.out.dir/Middlewares/Third_Party/FreeRTOS/Source/tasks.c.obj
                0x0000000008001b3c                xTaskGetTickCount
 .text.xTaskIncrementTick
                0x0000000008001b48      0x114 CMakeFiles/nucleo-f091RC.out.dir/Middlewares/Third_Party/FreeRTOS/Source/tasks.c.obj
                0x0000000008001b48                xTaskIncrementTick
 .text.xTaskResumeAll
                0x0000000008001c5c       0xe8 CMakeFiles/nucleo-f091RC.out.dir/Middlewares/Third_Party/FreeRTOS/Source/tasks.c.obj
                0x0000000008001c5c                xTaskResumeAll
 .text.vTaskDelay
                0x0000000008001d44       0x30 CMakeFiles/nucleo-f091RC.out.dir/Middlewares/Third_Party/FreeRTOS/Source/tasks.c.obj
                0x0000000008001d44                vTaskDelay
 .text.vTaskSwitchContext
                0x0000000008001d74       0x8c CMakeFiles/nucleo-f091RC.out.dir/Middlewares/Third_Party/FreeRTOS/Source/tasks.c.obj
                0x0000000008001d74                vTaskSwitchContext
 .text.vTaskPlaceOnEventList
                0x0000000008001e00       0x24 CMakeFiles/nucleo-f091RC.out.dir/Middlewares/Third_Party/FreeRTOS/Source/tasks.c.obj
                0x0000000008001e00                vTaskPlaceOnEventList
 .text.vTaskPlaceOnEventListRestricted
                0x0000000008001e24       0x30 CMakeFiles/nucleo-f091RC.out.dir/Middlewares/Third_Party/FreeRTOS/Source/tasks.c.obj
                0x0000000008001e24                vTaskPlaceOnEventListRestricted
 .text.xTaskRemoveFromEventList
                0x0000000008001e54       0x84 CMakeFiles/nucleo-f091RC.out.dir/Middlewares/Third_Party/FreeRTOS/Source/tasks.c.obj
                0x0000000008001e54                xTaskRemoveFromEventList
 .text.vTaskInternalSetTimeOutState
                0x0000000008001ed8       0x18 CMakeFiles/nucleo-f091RC.out.dir/Middlewares/Third_Party/FreeRTOS/Source/tasks.c.obj
                0x0000000008001ed8                vTaskInternalSetTimeOutState
 .text.xTaskCheckForTimeOut
                0x0000000008001ef0       0x68 CMakeFiles/nucleo-f091RC.out.dir/Middlewares/Third_Party/FreeRTOS/Source/tasks.c.obj
                0x0000000008001ef0                xTaskCheckForTimeOut
 .text.vTaskMissedYield
                0x0000000008001f58        0xc CMakeFiles/nucleo-f091RC.out.dir/Middlewares/Third_Party/FreeRTOS/Source/tasks.c.obj
                0x0000000008001f58                vTaskMissedYield
 .text.xTaskGetSchedulerState
                0x0000000008001f64       0x24 CMakeFiles/nucleo-f091RC.out.dir/Middlewares/Third_Party/FreeRTOS/Source/tasks.c.obj
                0x0000000008001f64                xTaskGetSchedulerState
 .text.xTaskPriorityDisinherit
                0x0000000008001f88       0x74 CMakeFiles/nucleo-f091RC.out.dir/Middlewares/Third_Party/FreeRTOS/Source/tasks.c.obj
                0x0000000008001f88                xTaskPriorityDisinherit
 .text.prvGetNextExpireTime
                0x0000000008001ffc       0x20 CMakeFiles/nucleo-f091RC.out.dir/Middlewares/Third_Party/FreeRTOS/Source/timers.c.obj
 .text.prvInsertTimerInActiveList
                0x000000000800201c       0x48 CMakeFiles/nucleo-f091RC.out.dir/Middlewares/Third_Party/FreeRTOS/Source/timers.c.obj
 .text.prvCheckForValidListAndQueue
                0x0000000008002064       0x70 CMakeFiles/nucleo-f091RC.out.dir/Middlewares/Third_Party/FreeRTOS/Source/timers.c.obj
 .text.xTimerCreateTimerTask
                0x00000000080020d4       0x5c CMakeFiles/nucleo-f091RC.out.dir/Middlewares/Third_Party/FreeRTOS/Source/timers.c.obj
                0x00000000080020d4                xTimerCreateTimerTask
 .text.xTimerGenericCommand
                0x0000000008002130       0x60 CMakeFiles/nucleo-f091RC.out.dir/Middlewares/Third_Party/FreeRTOS/Source/timers.c.obj
                0x0000000008002130                xTimerGenericCommand
 .text.prvSwitchTimerLists
                0x0000000008002190       0x6c CMakeFiles/nucleo-f091RC.out.dir/Middlewares/Third_Party/FreeRTOS/Source/timers.c.obj
 .text.prvSampleTimeNow
                0x00000000080021fc       0x2c CMakeFiles/nucleo-f091RC.out.dir/Middlewares/Third_Party/FreeRTOS/Source/timers.c.obj
 .text.prvProcessExpiredTimer
                0x0000000008002228       0x54 CMakeFiles/nucleo-f091RC.out.dir/Middlewares/Third_Party/FreeRTOS/Source/timers.c.obj
 .text.prvProcessTimerOrBlockTask
                0x000000000800227c       0x6c CMakeFiles/nucleo-f091RC.out.dir/Middlewares/Third_Party/FreeRTOS/Source/timers.c.obj
 .text.prvProcessReceivedCommands
                0x00000000080022e8       0xc8 CMakeFiles/nucleo-f091RC.out.dir/Middlewares/Third_Party/FreeRTOS/Source/timers.c.obj
 .text.prvTimerTask
                0x00000000080023b0       0x16 CMakeFiles/nucleo-f091RC.out.dir/Middlewares/Third_Party/FreeRTOS/Source/timers.c.obj
 *fill*         0x00000000080023c6        0x2 
 .text.prvHeapInit
                0x00000000080023c8       0x64 CMakeFiles/nucleo-f091RC.out.dir/Middlewares/Third_Party/FreeRTOS/Source/portable/MemMang/heap_4.c.obj
 .text.prvInsertBlockIntoFreeList
                0x000000000800242c       0x54 CMakeFiles/nucleo-f091RC.out.dir/Middlewares/Third_Party/FreeRTOS/Source/portable/MemMang/heap_4.c.obj
 .text.pvPortMalloc
                0x0000000008002480       0xd8 CMakeFiles/nucleo-f091RC.out.dir/Middlewares/Third_Party/FreeRTOS/Source/portable/MemMang/heap_4.c.obj
                0x0000000008002480                pvPortMalloc
 .text.vPortFree
                0x0000000008002558       0x54 CMakeFiles/nucleo-f091RC.out.dir/Middlewares/Third_Party/FreeRTOS/Source/portable/MemMang/heap_4.c.obj
                0x0000000008002558                vPortFree
 .text.osKernelInitialize
                0x00000000080025ac       0x40 CMakeFiles/nucleo-f091RC.out.dir/Middlewares/Third_Party/FreeRTOS/Source/CMSIS_RTOS_V2/cmsis_os2.c.obj
                0x00000000080025ac                osKernelInitialize
 .text.osKernelStart
                0x00000000080025ec       0x48 CMakeFiles/nucleo-f091RC.out.dir/Middlewares/Third_Party/FreeRTOS/Source/CMSIS_RTOS_V2/cmsis_os2.c.obj
                0x00000000080025ec                osKernelStart
 .text.osThreadNew
                0x0000000008002634       0xf8 CMakeFiles/nucleo-f091RC.out.dir/Middlewares/Third_Party/FreeRTOS/Source/CMSIS_RTOS_V2/cmsis_os2.c.obj
                0x0000000008002634                osThreadNew
 .text.osDelay  0x000000000800272c       0x3c CMakeFiles/nucleo-f091RC.out.dir/Middlewares/Third_Party/FreeRTOS/Source/CMSIS_RTOS_V2/cmsis_os2.c.obj
                0x000000000800272c                osDelay
 .text.vApplicationGetIdleTaskMemory
                0x0000000008002768       0x18 CMakeFiles/nucleo-f091RC.out.dir/Middlewares/Third_Party/FreeRTOS/Source/CMSIS_RTOS_V2/cmsis_os2.c.obj
                0x0000000008002768                vApplicationGetIdleTaskMemory
 .text.vApplicationGetTimerTaskMemory
                0x0000000008002780       0x18 CMakeFiles/nucleo-f091RC.out.dir/Middlewares/Third_Party/FreeRTOS/Source/CMSIS_RTOS_V2/cmsis_os2.c.obj
                0x0000000008002780                vApplicationGetTimerTaskMemory
 .text.memcpy   0x0000000008002798       0x12 /opt/gcc-arm-none-eabi-7-2018-q2-update/bin/../lib/gcc/arm-none-eabi/7.3.1/../../../../arm-none-eabi/lib/thumb/v6-m/libg_nano.a(lib_a-memcpy-stub.o)
                0x0000000008002798                memcpy
 *(.glue_7)
 .glue_7        0x00000000080027aa        0x0 linker stubs
 *(.glue_7t)
 .glue_7t       0x00000000080027aa        0x0 linker stubs
 *(.eh_frame)
 *fill*         0x00000000080027aa        0x2 
 .eh_frame      0x00000000080027ac        0x0 /opt/gcc-arm-none-eabi-7-2018-q2-update/bin/../lib/gcc/arm-none-eabi/7.3.1/thumb/v6-m/crtbegin.o
 *(.init)
 .init          0x00000000080027ac        0x4 /opt/gcc-arm-none-eabi-7-2018-q2-update/bin/../lib/gcc/arm-none-eabi/7.3.1/thumb/v6-m/crti.o
                0x00000000080027ac                _init
 .init          0x00000000080027b0        0x8 /opt/gcc-arm-none-eabi-7-2018-q2-update/bin/../lib/gcc/arm-none-eabi/7.3.1/thumb/v6-m/crtn.o
 *(.fini)
 .fini          0x00000000080027b8        0x4 /opt/gcc-arm-none-eabi-7-2018-q2-update/bin/../lib/gcc/arm-none-eabi/7.3.1/thumb/v6-m/crti.o
                0x00000000080027b8                _fini
 .fini          0x00000000080027bc        0x8 /opt/gcc-arm-none-eabi-7-2018-q2-update/bin/../lib/gcc/arm-none-eabi/7.3.1/thumb/v6-m/crtn.o
                0x00000000080027c4                . = ALIGN (0x4)
                0x00000000080027c4                _etext = .

.vfp11_veneer   0x00000000080027c4        0x0
 .vfp11_veneer  0x00000000080027c4        0x0 linker stubs

.v4_bx          0x00000000080027c4        0x0
 .v4_bx         0x00000000080027c4        0x0 linker stubs

.iplt           0x00000000080027c4        0x0
 .iplt          0x00000000080027c4        0x0 /opt/gcc-arm-none-eabi-7-2018-q2-update/bin/../lib/gcc/arm-none-eabi/7.3.1/thumb/v6-m/crtbegin.o

.rodata         0x00000000080027c4       0xa8
                0x00000000080027c4                . = ALIGN (0x4)
 *(.rodata)
 .rodata        0x00000000080027c4       0x20 CMakeFiles/nucleo-f091RC.out.dir/Drivers/STM32F0xx_HAL_Driver/Src/stm32f0xx_hal_rcc.c.obj
 *(.rodata*)
 .rodata.defaultTask_attributes
                0x00000000080027e4       0x24 CMakeFiles/nucleo-f091RC.out.dir/Src/main.c.obj
                0x00000000080027e4                defaultTask_attributes
 .rodata.str1.4
                0x0000000008002808        0xc CMakeFiles/nucleo-f091RC.out.dir/Src/main.c.obj
 .rodata.AHBPrescTable
                0x0000000008002814       0x10 CMakeFiles/nucleo-f091RC.out.dir/Src/system_stm32f0xx.c.obj
                0x0000000008002814                AHBPrescTable
 .rodata.APBPrescTable
                0x0000000008002824        0x8 CMakeFiles/nucleo-f091RC.out.dir/Src/system_stm32f0xx.c.obj
                0x0000000008002824                APBPrescTable
 .rodata.vTaskStartScheduler.str1.4
                0x000000000800282c        0x5 CMakeFiles/nucleo-f091RC.out.dir/Middlewares/Third_Party/FreeRTOS/Source/tasks.c.obj
 *fill*         0x0000000008002831        0x3 
 .rodata.prvProcessReceivedCommands
                0x0000000008002834       0x28 CMakeFiles/nucleo-f091RC.out.dir/Middlewares/Third_Party/FreeRTOS/Source/timers.c.obj
 .rodata.prvCheckForValidListAndQueue.str1.4
                0x000000000800285c        0x5 CMakeFiles/nucleo-f091RC.out.dir/Middlewares/Third_Party/FreeRTOS/Source/timers.c.obj
 *fill*         0x0000000008002861        0x3 
 .rodata.xTimerCreateTimerTask.str1.4
                0x0000000008002864        0x8 CMakeFiles/nucleo-f091RC.out.dir/Middlewares/Third_Party/FreeRTOS/Source/timers.c.obj
                0x000000000800286c                . = ALIGN (0x4)

.rel.dyn        0x000000000800286c        0x0
 .rel.iplt      0x000000000800286c        0x0 /opt/gcc-arm-none-eabi-7-2018-q2-update/bin/../lib/gcc/arm-none-eabi/7.3.1/thumb/v6-m/crtbegin.o

.ARM.extab
 *(.ARM.extab* .gnu.linkonce.armextab.*)

.ARM            0x000000000800286c        0x0
                0x000000000800286c                __exidx_start = .
 *(.ARM.exidx*)
                0x000000000800286c                __exidx_end = .

.preinit_array  0x000000000800286c        0x0
                0x000000000800286c                PROVIDE (__preinit_array_start = .)
 *(.preinit_array*)
                0x000000000800286c                PROVIDE (__preinit_array_end = .)

.init_array     0x000000000800286c        0x4
                0x000000000800286c                PROVIDE (__init_array_start = .)
 *(SORT_BY_NAME(.init_array.*))
 *(.init_array*)
 .init_array    0x000000000800286c        0x4 /opt/gcc-arm-none-eabi-7-2018-q2-update/bin/../lib/gcc/arm-none-eabi/7.3.1/thumb/v6-m/crtbegin.o
                0x0000000008002870                PROVIDE (__init_array_end = .)

.fini_array     0x0000000008002870        0x4
                [!provide]                        PROVIDE (__fini_array_start = .)
 *(SORT_BY_NAME(.fini_array.*))
 *(.fini_array*)
 .fini_array    0x0000000008002870        0x4 /opt/gcc-arm-none-eabi-7-2018-q2-update/bin/../lib/gcc/arm-none-eabi/7.3.1/thumb/v6-m/crtbegin.o
                [!provide]                        PROVIDE (__fini_array_end = .)
                0x0000000008002874                _sidata = LOADADDR (.data)

.data           0x0000000020000000        0xc load address 0x0000000008002874
                0x0000000020000000                . = ALIGN (0x4)
                0x0000000020000000                _sdata = .
 *(.data)
 *(.data*)
 .data.uwTickFreq
                0x0000000020000000        0x1 CMakeFiles/nucleo-f091RC.out.dir/Drivers/STM32F0xx_HAL_Driver/Src/stm32f0xx_hal.c.obj
                0x0000000020000000                uwTickFreq
 *fill*         0x0000000020000001        0x3 
 .data.SystemCoreClock
                0x0000000020000004        0x4 CMakeFiles/nucleo-f091RC.out.dir/Src/system_stm32f0xx.c.obj
                0x0000000020000004                SystemCoreClock
 .data.uxCriticalNesting
                0x0000000020000008        0x4 CMakeFiles/nucleo-f091RC.out.dir/Middlewares/Third_Party/FreeRTOS/Source/portable/GCC/ARM_CM0/port.c.obj
                0x000000002000000c                . = ALIGN (0x4)
                0x000000002000000c                _edata = .

.igot.plt       0x000000002000000c        0x0 load address 0x0000000008002880
 .igot.plt      0x000000002000000c        0x0 /opt/gcc-arm-none-eabi-7-2018-q2-update/bin/../lib/gcc/arm-none-eabi/7.3.1/thumb/v6-m/crtbegin.o
                0x000000002000000c                . = ALIGN (0x4)

.bss            0x000000002000000c     0x19a8 load address 0x0000000008002880
                0x000000002000000c                _sbss = .
                0x000000002000000c                __bss_start__ = _sbss
 *(.bss)
 .bss           0x000000002000000c       0x1c /opt/gcc-arm-none-eabi-7-2018-q2-update/bin/../lib/gcc/arm-none-eabi/7.3.1/thumb/v6-m/crtbegin.o
 *(.bss*)
 .bss.pxCurrentTCB
                0x0000000020000028        0x4 CMakeFiles/nucleo-f091RC.out.dir/Middlewares/Third_Party/FreeRTOS/Source/tasks.c.obj
                0x0000000020000028                pxCurrentTCB
 .bss.pxDelayedTaskList
                0x000000002000002c        0x4 CMakeFiles/nucleo-f091RC.out.dir/Middlewares/Third_Party/FreeRTOS/Source/tasks.c.obj
 .bss.pxOverflowDelayedTaskList
                0x0000000020000030        0x4 CMakeFiles/nucleo-f091RC.out.dir/Middlewares/Third_Party/FreeRTOS/Source/tasks.c.obj
 .bss.pxReadyTasksLists
                0x0000000020000034      0x460 CMakeFiles/nucleo-f091RC.out.dir/Middlewares/Third_Party/FreeRTOS/Source/tasks.c.obj
 .bss.uxCurrentNumberOfTasks
                0x0000000020000494        0x4 CMakeFiles/nucleo-f091RC.out.dir/Middlewares/Third_Party/FreeRTOS/Source/tasks.c.obj
 .bss.uxDeletedTasksWaitingCleanUp
                0x0000000020000498        0x4 CMakeFiles/nucleo-f091RC.out.dir/Middlewares/Third_Party/FreeRTOS/Source/tasks.c.obj
 .bss.uxPendedTicks
                0x000000002000049c        0x4 CMakeFiles/nucleo-f091RC.out.dir/Middlewares/Third_Party/FreeRTOS/Source/tasks.c.obj
 .bss.uxSchedulerSuspended
                0x00000000200004a0        0x4 CMakeFiles/nucleo-f091RC.out.dir/Middlewares/Third_Party/FreeRTOS/Source/tasks.c.obj
 .bss.uxTaskNumber
                0x00000000200004a4        0x4 CMakeFiles/nucleo-f091RC.out.dir/Middlewares/Third_Party/FreeRTOS/Source/tasks.c.obj
 .bss.uxTopReadyPriority
                0x00000000200004a8        0x4 CMakeFiles/nucleo-f091RC.out.dir/Middlewares/Third_Party/FreeRTOS/Source/tasks.c.obj
 .bss.xDelayedTaskList1
                0x00000000200004ac       0x14 CMakeFiles/nucleo-f091RC.out.dir/Middlewares/Third_Party/FreeRTOS/Source/tasks.c.obj
 .bss.xDelayedTaskList2
                0x00000000200004c0       0x14 CMakeFiles/nucleo-f091RC.out.dir/Middlewares/Third_Party/FreeRTOS/Source/tasks.c.obj
 .bss.xNextTaskUnblockTime
                0x00000000200004d4        0x4 CMakeFiles/nucleo-f091RC.out.dir/Middlewares/Third_Party/FreeRTOS/Source/tasks.c.obj
 .bss.xNumOfOverflows
                0x00000000200004d8        0x4 CMakeFiles/nucleo-f091RC.out.dir/Middlewares/Third_Party/FreeRTOS/Source/tasks.c.obj
 .bss.xPendingReadyList
                0x00000000200004dc       0x14 CMakeFiles/nucleo-f091RC.out.dir/Middlewares/Third_Party/FreeRTOS/Source/tasks.c.obj
 .bss.xSchedulerRunning
                0x00000000200004f0        0x4 CMakeFiles/nucleo-f091RC.out.dir/Middlewares/Third_Party/FreeRTOS/Source/tasks.c.obj
 .bss.xSuspendedTaskList
                0x00000000200004f4       0x14 CMakeFiles/nucleo-f091RC.out.dir/Middlewares/Third_Party/FreeRTOS/Source/tasks.c.obj
 .bss.xTasksWaitingTermination
                0x0000000020000508       0x14 CMakeFiles/nucleo-f091RC.out.dir/Middlewares/Third_Party/FreeRTOS/Source/tasks.c.obj
 .bss.xTickCount
                0x000000002000051c        0x4 CMakeFiles/nucleo-f091RC.out.dir/Middlewares/Third_Party/FreeRTOS/Source/tasks.c.obj
 .bss.xYieldPending
                0x0000000020000520        0x4 CMakeFiles/nucleo-f091RC.out.dir/Middlewares/Third_Party/FreeRTOS/Source/tasks.c.obj
 .bss.pxCurrentTimerList
                0x0000000020000524        0x4 CMakeFiles/nucleo-f091RC.out.dir/Middlewares/Third_Party/FreeRTOS/Source/timers.c.obj
 .bss.pxOverflowTimerList
                0x0000000020000528        0x4 CMakeFiles/nucleo-f091RC.out.dir/Middlewares/Third_Party/FreeRTOS/Source/timers.c.obj
 .bss.ucStaticTimerQueueStorage.5227
                0x000000002000052c       0xa0 CMakeFiles/nucleo-f091RC.out.dir/Middlewares/Third_Party/FreeRTOS/Source/timers.c.obj
 .bss.xActiveTimerList1
                0x00000000200005cc       0x14 CMakeFiles/nucleo-f091RC.out.dir/Middlewares/Third_Party/FreeRTOS/Source/timers.c.obj
 .bss.xActiveTimerList2
                0x00000000200005e0       0x14 CMakeFiles/nucleo-f091RC.out.dir/Middlewares/Third_Party/FreeRTOS/Source/timers.c.obj
 .bss.xLastTime.5176
                0x00000000200005f4        0x4 CMakeFiles/nucleo-f091RC.out.dir/Middlewares/Third_Party/FreeRTOS/Source/timers.c.obj
 .bss.xStaticTimerQueue.5226
                0x00000000200005f8       0x50 CMakeFiles/nucleo-f091RC.out.dir/Middlewares/Third_Party/FreeRTOS/Source/timers.c.obj
 .bss.xTimerQueue
                0x0000000020000648        0x4 CMakeFiles/nucleo-f091RC.out.dir/Middlewares/Third_Party/FreeRTOS/Source/timers.c.obj
 .bss.xTimerTaskHandle
                0x000000002000064c        0x4 CMakeFiles/nucleo-f091RC.out.dir/Middlewares/Third_Party/FreeRTOS/Source/timers.c.obj
 .bss.pxEnd     0x0000000020000650        0x4 CMakeFiles/nucleo-f091RC.out.dir/Middlewares/Third_Party/FreeRTOS/Source/portable/MemMang/heap_4.c.obj
 .bss.ucHeap    0x0000000020000654      0xc00 CMakeFiles/nucleo-f091RC.out.dir/Middlewares/Third_Party/FreeRTOS/Source/portable/MemMang/heap_4.c.obj
 .bss.xBlockAllocatedBit
                0x0000000020001254        0x4 CMakeFiles/nucleo-f091RC.out.dir/Middlewares/Third_Party/FreeRTOS/Source/portable/MemMang/heap_4.c.obj
 .bss.xFreeBytesRemaining
                0x0000000020001258        0x4 CMakeFiles/nucleo-f091RC.out.dir/Middlewares/Third_Party/FreeRTOS/Source/portable/MemMang/heap_4.c.obj
 .bss.xMinimumEverFreeBytesRemaining
                0x000000002000125c        0x4 CMakeFiles/nucleo-f091RC.out.dir/Middlewares/Third_Party/FreeRTOS/Source/portable/MemMang/heap_4.c.obj
 .bss.xStart    0x0000000020001260        0x8 CMakeFiles/nucleo-f091RC.out.dir/Middlewares/Third_Party/FreeRTOS/Source/portable/MemMang/heap_4.c.obj
 .bss.Idle_Stack
                0x0000000020001268      0x200 CMakeFiles/nucleo-f091RC.out.dir/Middlewares/Third_Party/FreeRTOS/Source/CMSIS_RTOS_V2/cmsis_os2.c.obj
 .bss.Idle_TCB  0x0000000020001468       0x5c CMakeFiles/nucleo-f091RC.out.dir/Middlewares/Third_Party/FreeRTOS/Source/CMSIS_RTOS_V2/cmsis_os2.c.obj
 .bss.KernelState
                0x00000000200014c4        0x4 CMakeFiles/nucleo-f091RC.out.dir/Middlewares/Third_Party/FreeRTOS/Source/CMSIS_RTOS_V2/cmsis_os2.c.obj
 .bss.Timer_Stack
                0x00000000200014c8      0x400 CMakeFiles/nucleo-f091RC.out.dir/Middlewares/Third_Party/FreeRTOS/Source/CMSIS_RTOS_V2/cmsis_os2.c.obj
 .bss.Timer_TCB
                0x00000000200018c8       0x5c CMakeFiles/nucleo-f091RC.out.dir/Middlewares/Third_Party/FreeRTOS/Source/CMSIS_RTOS_V2/cmsis_os2.c.obj
 *(COMMON)
 COMMON         0x0000000020001924        0x4 CMakeFiles/nucleo-f091RC.out.dir/Drivers/STM32F0xx_HAL_Driver/Src/stm32f0xx_hal.c.obj
                0x0000000020001924                uwTick
 COMMON         0x0000000020001928        0x4 CMakeFiles/nucleo-f091RC.out.dir/Src/main.c.obj
                0x0000000020001928                defaultTaskHandle
 COMMON         0x000000002000192c       0x48 CMakeFiles/nucleo-f091RC.out.dir/Src/stm32f0xx_hal_timebase_tim.c.obj
                0x000000002000192c                htim2
 COMMON         0x0000000020001974       0x40 CMakeFiles/nucleo-f091RC.out.dir/Middlewares/Third_Party/FreeRTOS/Source/queue.c.obj
                0x0000000020001974                xQueueRegistry
                0x00000000200019b4                . = ALIGN (0x4)
                0x00000000200019b4                _ebss = .
                0x00000000200019b4                __bss_end__ = _ebss

._user_heap_stack
                0x00000000200019b4      0x604 load address 0x0000000008002880
                0x00000000200019b8                . = ALIGN (0x8)
 *fill*         0x00000000200019b4        0x4 
                [!provide]                        PROVIDE (end = .)
                [!provide]                        PROVIDE (_end = .)
                0x0000000020001bb8                . = (. + _Min_Heap_Size)
 *fill*         0x00000000200019b8      0x200 
                0x0000000020001fb8                . = (. + _Min_Stack_Size)
 *fill*         0x0000000020001bb8      0x400 
                0x0000000020001fb8                . = ALIGN (0x8)

/DISCARD/
 libc.a(*)
 libm.a(*)
 libgcc.a(*)

.ARM.attributes
                0x0000000000000000       0x28
 *(.ARM.attributes)
 .ARM.attributes
                0x0000000000000000       0x1e /opt/gcc-arm-none-eabi-7-2018-q2-update/bin/../lib/gcc/arm-none-eabi/7.3.1/thumb/v6-m/crti.o
 .ARM.attributes
                0x000000000000001e       0x2c /opt/gcc-arm-none-eabi-7-2018-q2-update/bin/../lib/gcc/arm-none-eabi/7.3.1/thumb/v6-m/crtbegin.o
 .ARM.attributes
                0x000000000000004a       0x2c /opt/gcc-arm-none-eabi-7-2018-q2-update/bin/../lib/gcc/arm-none-eabi/7.3.1/../../../../arm-none-eabi/lib/thumb/v6-m/libc_nano.a(lib_a-init.o)
 .ARM.attributes
                0x0000000000000076       0x2c /opt/gcc-arm-none-eabi-7-2018-q2-update/bin/../lib/gcc/arm-none-eabi/7.3.1/../../../../arm-none-eabi/lib/thumb/v6-m/libc_nano.a(lib_a-memset.o)
 .ARM.attributes
                0x00000000000000a2       0x21 CMakeFiles/nucleo-f091RC.out.dir/startup_stm32f091xc.s.obj
 .ARM.attributes
                0x00000000000000c3       0x31 CMakeFiles/nucleo-f091RC.out.dir/Drivers/STM32F0xx_HAL_Driver/Src/stm32f0xx_hal.c.obj
 .ARM.attributes
                0x00000000000000f4       0x31 CMakeFiles/nucleo-f091RC.out.dir/Drivers/STM32F0xx_HAL_Driver/Src/stm32f0xx_hal_cortex.c.obj
 .ARM.attributes
                0x0000000000000125       0x31 CMakeFiles/nucleo-f091RC.out.dir/Drivers/STM32F0xx_HAL_Driver/Src/stm32f0xx_hal_rcc.c.obj
 .ARM.attributes
                0x0000000000000156       0x31 CMakeFiles/nucleo-f091RC.out.dir/Drivers/STM32F0xx_HAL_Driver/Src/stm32f0xx_hal_tim.c.obj
 .ARM.attributes
                0x0000000000000187       0x31 CMakeFiles/nucleo-f091RC.out.dir/Drivers/STM32F0xx_HAL_Driver/Src/stm32f0xx_hal_tim_ex.c.obj
 .ARM.attributes
                0x00000000000001b8       0x31 CMakeFiles/nucleo-f091RC.out.dir/Src/main.c.obj
 .ARM.attributes
                0x00000000000001e9       0x31 CMakeFiles/nucleo-f091RC.out.dir/Src/stm32f0xx_hal_msp.c.obj
 .ARM.attributes
                0x000000000000021a       0x31 CMakeFiles/nucleo-f091RC.out.dir/Src/stm32f0xx_hal_timebase_tim.c.obj
 .ARM.attributes
                0x000000000000024b       0x31 CMakeFiles/nucleo-f091RC.out.dir/Src/stm32f0xx_it.c.obj
 .ARM.attributes
                0x000000000000027c       0x31 CMakeFiles/nucleo-f091RC.out.dir/Src/system_stm32f0xx.c.obj
 .ARM.attributes
                0x00000000000002ad       0x31 CMakeFiles/nucleo-f091RC.out.dir/Middlewares/Third_Party/FreeRTOS/Source/portable/GCC/ARM_CM0/port.c.obj
 .ARM.attributes
                0x00000000000002de       0x31 CMakeFiles/nucleo-f091RC.out.dir/Middlewares/Third_Party/FreeRTOS/Source/list.c.obj
 .ARM.attributes
                0x000000000000030f       0x31 CMakeFiles/nucleo-f091RC.out.dir/Middlewares/Third_Party/FreeRTOS/Source/queue.c.obj
 .ARM.attributes
                0x0000000000000340       0x31 CMakeFiles/nucleo-f091RC.out.dir/Middlewares/Third_Party/FreeRTOS/Source/tasks.c.obj
 .ARM.attributes
                0x0000000000000371       0x31 CMakeFiles/nucleo-f091RC.out.dir/Middlewares/Third_Party/FreeRTOS/Source/timers.c.obj
 .ARM.attributes
                0x00000000000003a2       0x31 CMakeFiles/nucleo-f091RC.out.dir/Middlewares/Third_Party/FreeRTOS/Source/portable/MemMang/heap_4.c.obj
 .ARM.attributes
                0x00000000000003d3       0x31 CMakeFiles/nucleo-f091RC.out.dir/Middlewares/Third_Party/FreeRTOS/Source/CMSIS_RTOS_V2/cmsis_os2.c.obj
 .ARM.attributes
                0x0000000000000404       0x1e /opt/gcc-arm-none-eabi-7-2018-q2-update/bin/../lib/gcc/arm-none-eabi/7.3.1/thumb/v6-m/libgcc.a(_udivsi3.o)
 .ARM.attributes
                0x0000000000000422       0x1e /opt/gcc-arm-none-eabi-7-2018-q2-update/bin/../lib/gcc/arm-none-eabi/7.3.1/thumb/v6-m/libgcc.a(_dvmd_tls.o)
 .ARM.attributes
                0x0000000000000440       0x2c /opt/gcc-arm-none-eabi-7-2018-q2-update/bin/../lib/gcc/arm-none-eabi/7.3.1/../../../../arm-none-eabi/lib/thumb/v6-m/libg_nano.a(lib_a-memcpy-stub.o)
 .ARM.attributes
                0x000000000000046c       0x1e /opt/gcc-arm-none-eabi-7-2018-q2-update/bin/../lib/gcc/arm-none-eabi/7.3.1/thumb/v6-m/crtn.o
OUTPUT(nucleo-f091RC.out elf32-littlearm)

.debug_frame    0x0000000000000000     0x2998
 .debug_frame   0x0000000000000000       0x2c /opt/gcc-arm-none-eabi-7-2018-q2-update/bin/../lib/gcc/arm-none-eabi/7.3.1/../../../../arm-none-eabi/lib/thumb/v6-m/libc_nano.a(lib_a-init.o)
 .debug_frame   0x000000000000002c       0x20 /opt/gcc-arm-none-eabi-7-2018-q2-update/bin/../lib/gcc/arm-none-eabi/7.3.1/../../../../arm-none-eabi/lib/thumb/v6-m/libc_nano.a(lib_a-memset.o)
 .debug_frame   0x000000000000004c      0x1ac CMakeFiles/nucleo-f091RC.out.dir/Drivers/STM32F0xx_HAL_Driver/Src/stm32f0xx_hal.c.obj
 .debug_frame   0x00000000000001f8       0xe4 CMakeFiles/nucleo-f091RC.out.dir/Drivers/STM32F0xx_HAL_Driver/Src/stm32f0xx_hal_cortex.c.obj
 .debug_frame   0x00000000000002dc      0x13c CMakeFiles/nucleo-f091RC.out.dir/Drivers/STM32F0xx_HAL_Driver/Src/stm32f0xx_hal_rcc.c.obj
 .debug_frame   0x0000000000000418      0xac4 CMakeFiles/nucleo-f091RC.out.dir/Drivers/STM32F0xx_HAL_Driver/Src/stm32f0xx_hal_tim.c.obj
 .debug_frame   0x0000000000000edc      0x40c CMakeFiles/nucleo-f091RC.out.dir/Drivers/STM32F0xx_HAL_Driver/Src/stm32f0xx_hal_tim_ex.c.obj
 .debug_frame   0x00000000000012e8       0x80 CMakeFiles/nucleo-f091RC.out.dir/Src/main.c.obj
 .debug_frame   0x0000000000001368       0x28 CMakeFiles/nucleo-f091RC.out.dir/Src/stm32f0xx_hal_msp.c.obj
 .debug_frame   0x0000000000001390       0x48 CMakeFiles/nucleo-f091RC.out.dir/Src/stm32f0xx_hal_timebase_tim.c.obj
 .debug_frame   0x00000000000013d8       0x48 CMakeFiles/nucleo-f091RC.out.dir/Src/stm32f0xx_it.c.obj
 .debug_frame   0x0000000000001420       0x38 CMakeFiles/nucleo-f091RC.out.dir/Src/system_stm32f0xx.c.obj
 .debug_frame   0x0000000000001458      0x114 CMakeFiles/nucleo-f091RC.out.dir/Middlewares/Third_Party/FreeRTOS/Source/portable/GCC/ARM_CM0/port.c.obj
 .debug_frame   0x000000000000156c       0x6c CMakeFiles/nucleo-f091RC.out.dir/Middlewares/Third_Party/FreeRTOS/Source/list.c.obj
 .debug_frame   0x00000000000015d8      0x3f4 CMakeFiles/nucleo-f091RC.out.dir/Middlewares/Third_Party/FreeRTOS/Source/queue.c.obj
 .debug_frame   0x00000000000019cc      0x5f0 CMakeFiles/nucleo-f091RC.out.dir/Middlewares/Third_Party/FreeRTOS/Source/tasks.c.obj
 .debug_frame   0x0000000000001fbc      0x27c CMakeFiles/nucleo-f091RC.out.dir/Middlewares/Third_Party/FreeRTOS/Source/timers.c.obj
 .debug_frame   0x0000000000002238       0xa0 CMakeFiles/nucleo-f091RC.out.dir/Middlewares/Third_Party/FreeRTOS/Source/portable/MemMang/heap_4.c.obj
 .debug_frame   0x00000000000022d8      0x678 CMakeFiles/nucleo-f091RC.out.dir/Middlewares/Third_Party/FreeRTOS/Source/CMSIS_RTOS_V2/cmsis_os2.c.obj
 .debug_frame   0x0000000000002950       0x20 /opt/gcc-arm-none-eabi-7-2018-q2-update/bin/../lib/gcc/arm-none-eabi/7.3.1/thumb/v6-m/libgcc.a(_udivsi3.o)
 .debug_frame   0x0000000000002970       0x28 /opt/gcc-arm-none-eabi-7-2018-q2-update/bin/../lib/gcc/arm-none-eabi/7.3.1/../../../../arm-none-eabi/lib/thumb/v6-m/libg_nano.a(lib_a-memcpy-stub.o)

.debug_line     0x0000000000000000     0x7b68
 .debug_line    0x0000000000000000       0x7a CMakeFiles/nucleo-f091RC.out.dir/startup_stm32f091xc.s.obj
 .debug_line    0x000000000000007a      0x39d CMakeFiles/nucleo-f091RC.out.dir/Drivers/STM32F0xx_HAL_Driver/Src/stm32f0xx_hal.c.obj
 .debug_line    0x0000000000000417      0x354 CMakeFiles/nucleo-f091RC.out.dir/Drivers/STM32F0xx_HAL_Driver/Src/stm32f0xx_hal_cortex.c.obj
 .debug_line    0x000000000000076b      0x4c5 CMakeFiles/nucleo-f091RC.out.dir/Drivers/STM32F0xx_HAL_Driver/Src/stm32f0xx_hal_rcc.c.obj
 .debug_line    0x0000000000000c30     0x1e33 CMakeFiles/nucleo-f091RC.out.dir/Drivers/STM32F0xx_HAL_Driver/Src/stm32f0xx_hal_tim.c.obj
 .debug_line    0x0000000000002a63      0xe81 CMakeFiles/nucleo-f091RC.out.dir/Drivers/STM32F0xx_HAL_Driver/Src/stm32f0xx_hal_tim_ex.c.obj
 .debug_line    0x00000000000038e4      0x2bb CMakeFiles/nucleo-f091RC.out.dir/Src/main.c.obj
 .debug_line    0x0000000000003b9f      0x19d CMakeFiles/nucleo-f091RC.out.dir/Src/stm32f0xx_hal_msp.c.obj
 .debug_line    0x0000000000003d3c      0x230 CMakeFiles/nucleo-f091RC.out.dir/Src/stm32f0xx_hal_timebase_tim.c.obj
 .debug_line    0x0000000000003f6c      0x1e2 CMakeFiles/nucleo-f091RC.out.dir/Src/stm32f0xx_it.c.obj
 .debug_line    0x000000000000414e      0x1ad CMakeFiles/nucleo-f091RC.out.dir/Src/system_stm32f0xx.c.obj
 .debug_line    0x00000000000042fb      0x2bb CMakeFiles/nucleo-f091RC.out.dir/Middlewares/Third_Party/FreeRTOS/Source/portable/GCC/ARM_CM0/port.c.obj
 .debug_line    0x00000000000045b6      0x2a3 CMakeFiles/nucleo-f091RC.out.dir/Middlewares/Third_Party/FreeRTOS/Source/list.c.obj
 .debug_line    0x0000000000004859      0x999 CMakeFiles/nucleo-f091RC.out.dir/Middlewares/Third_Party/FreeRTOS/Source/queue.c.obj
 .debug_line    0x00000000000051f2      0xe0f CMakeFiles/nucleo-f091RC.out.dir/Middlewares/Third_Party/FreeRTOS/Source/tasks.c.obj
 .debug_line    0x0000000000006001      0x573 CMakeFiles/nucleo-f091RC.out.dir/Middlewares/Third_Party/FreeRTOS/Source/timers.c.obj
 .debug_line    0x0000000000006574      0x2f8 CMakeFiles/nucleo-f091RC.out.dir/Middlewares/Third_Party/FreeRTOS/Source/portable/MemMang/heap_4.c.obj
 .debug_line    0x000000000000686c     0x12fc CMakeFiles/nucleo-f091RC.out.dir/Middlewares/Third_Party/FreeRTOS/Source/CMSIS_RTOS_V2/cmsis_os2.c.obj

.debug_info     0x0000000000000000    0x15501
 .debug_info    0x0000000000000000       0x22 CMakeFiles/nucleo-f091RC.out.dir/startup_stm32f091xc.s.obj
 .debug_info    0x0000000000000022      0x734 CMakeFiles/nucleo-f091RC.out.dir/Drivers/STM32F0xx_HAL_Driver/Src/stm32f0xx_hal.c.obj
 .debug_info    0x0000000000000756      0x82c CMakeFiles/nucleo-f091RC.out.dir/Drivers/STM32F0xx_HAL_Driver/Src/stm32f0xx_hal_cortex.c.obj
 .debug_info    0x0000000000000f82      0xa11 CMakeFiles/nucleo-f091RC.out.dir/Drivers/STM32F0xx_HAL_Driver/Src/stm32f0xx_hal_rcc.c.obj
 .debug_info    0x0000000000001993     0x3522 CMakeFiles/nucleo-f091RC.out.dir/Drivers/STM32F0xx_HAL_Driver/Src/stm32f0xx_hal_tim.c.obj
 .debug_info    0x0000000000004eb5     0x1763 CMakeFiles/nucleo-f091RC.out.dir/Drivers/STM32F0xx_HAL_Driver/Src/stm32f0xx_hal_tim_ex.c.obj
 .debug_info    0x0000000000006618      0xc0d CMakeFiles/nucleo-f091RC.out.dir/Src/main.c.obj
 .debug_info    0x0000000000007225      0x366 CMakeFiles/nucleo-f091RC.out.dir/Src/stm32f0xx_hal_msp.c.obj
 .debug_info    0x000000000000758b      0xa2f CMakeFiles/nucleo-f091RC.out.dir/Src/stm32f0xx_hal_timebase_tim.c.obj
 .debug_info    0x0000000000007fba      0x6e6 CMakeFiles/nucleo-f091RC.out.dir/Src/stm32f0xx_it.c.obj
 .debug_info    0x00000000000086a0      0x297 CMakeFiles/nucleo-f091RC.out.dir/Src/system_stm32f0xx.c.obj
 .debug_info    0x0000000000008937      0x2c9 CMakeFiles/nucleo-f091RC.out.dir/Middlewares/Third_Party/FreeRTOS/Source/portable/GCC/ARM_CM0/port.c.obj
 .debug_info    0x0000000000008c00      0xabc CMakeFiles/nucleo-f091RC.out.dir/Middlewares/Third_Party/FreeRTOS/Source/list.c.obj
 .debug_info    0x00000000000096bc     0x2544 CMakeFiles/nucleo-f091RC.out.dir/Middlewares/Third_Party/FreeRTOS/Source/queue.c.obj
 .debug_info    0x000000000000bc00     0x2dad CMakeFiles/nucleo-f091RC.out.dir/Middlewares/Third_Party/FreeRTOS/Source/tasks.c.obj
 .debug_info    0x000000000000e9ad     0x1d1c CMakeFiles/nucleo-f091RC.out.dir/Middlewares/Third_Party/FreeRTOS/Source/timers.c.obj
 .debug_info    0x00000000000106c9      0xb91 CMakeFiles/nucleo-f091RC.out.dir/Middlewares/Third_Party/FreeRTOS/Source/portable/MemMang/heap_4.c.obj
 .debug_info    0x000000000001125a     0x42a7 CMakeFiles/nucleo-f091RC.out.dir/Middlewares/Third_Party/FreeRTOS/Source/CMSIS_RTOS_V2/cmsis_os2.c.obj

.debug_abbrev   0x0000000000000000     0x2744
 .debug_abbrev  0x0000000000000000       0x12 CMakeFiles/nucleo-f091RC.out.dir/startup_stm32f091xc.s.obj
 .debug_abbrev  0x0000000000000012      0x206 CMakeFiles/nucleo-f091RC.out.dir/Drivers/STM32F0xx_HAL_Driver/Src/stm32f0xx_hal.c.obj
 .debug_abbrev  0x0000000000000218      0x261 CMakeFiles/nucleo-f091RC.out.dir/Drivers/STM32F0xx_HAL_Driver/Src/stm32f0xx_hal_cortex.c.obj
 .debug_abbrev  0x0000000000000479      0x24b CMakeFiles/nucleo-f091RC.out.dir/Drivers/STM32F0xx_HAL_Driver/Src/stm32f0xx_hal_rcc.c.obj
 .debug_abbrev  0x00000000000006c4      0x234 CMakeFiles/nucleo-f091RC.out.dir/Drivers/STM32F0xx_HAL_Driver/Src/stm32f0xx_hal_tim.c.obj
 .debug_abbrev  0x00000000000008f8      0x234 CMakeFiles/nucleo-f091RC.out.dir/Drivers/STM32F0xx_HAL_Driver/Src/stm32f0xx_hal_tim_ex.c.obj
 .debug_abbrev  0x0000000000000b2c      0x21e CMakeFiles/nucleo-f091RC.out.dir/Src/main.c.obj
 .debug_abbrev  0x0000000000000d4a      0x130 CMakeFiles/nucleo-f091RC.out.dir/Src/stm32f0xx_hal_msp.c.obj
 .debug_abbrev  0x0000000000000e7a      0x1fe CMakeFiles/nucleo-f091RC.out.dir/Src/stm32f0xx_hal_timebase_tim.c.obj
 .debug_abbrev  0x0000000000001078      0x175 CMakeFiles/nucleo-f091RC.out.dir/Src/stm32f0xx_it.c.obj
 .debug_abbrev  0x00000000000011ed      0x128 CMakeFiles/nucleo-f091RC.out.dir/Src/system_stm32f0xx.c.obj
 .debug_abbrev  0x0000000000001315      0x1b1 CMakeFiles/nucleo-f091RC.out.dir/Middlewares/Third_Party/FreeRTOS/Source/portable/GCC/ARM_CM0/port.c.obj
 .debug_abbrev  0x00000000000014c6      0x220 CMakeFiles/nucleo-f091RC.out.dir/Middlewares/Third_Party/FreeRTOS/Source/list.c.obj
 .debug_abbrev  0x00000000000016e6      0x336 CMakeFiles/nucleo-f091RC.out.dir/Middlewares/Third_Party/FreeRTOS/Source/queue.c.obj
 .debug_abbrev  0x0000000000001a1c      0x337 CMakeFiles/nucleo-f091RC.out.dir/Middlewares/Third_Party/FreeRTOS/Source/tasks.c.obj
 .debug_abbrev  0x0000000000001d53      0x31c CMakeFiles/nucleo-f091RC.out.dir/Middlewares/Third_Party/FreeRTOS/Source/timers.c.obj
 .debug_abbrev  0x000000000000206f      0x2c5 CMakeFiles/nucleo-f091RC.out.dir/Middlewares/Third_Party/FreeRTOS/Source/portable/MemMang/heap_4.c.obj
 .debug_abbrev  0x0000000000002334      0x410 CMakeFiles/nucleo-f091RC.out.dir/Middlewares/Third_Party/FreeRTOS/Source/CMSIS_RTOS_V2/cmsis_os2.c.obj

.debug_aranges  0x0000000000000000      0xf80
 .debug_aranges
                0x0000000000000000       0x28 CMakeFiles/nucleo-f091RC.out.dir/startup_stm32f091xc.s.obj
 .debug_aranges
                0x0000000000000028       0xd0 CMakeFiles/nucleo-f091RC.out.dir/Drivers/STM32F0xx_HAL_Driver/Src/stm32f0xx_hal.c.obj
 .debug_aranges
                0x00000000000000f8       0x78 CMakeFiles/nucleo-f091RC.out.dir/Drivers/STM32F0xx_HAL_Driver/Src/stm32f0xx_hal_cortex.c.obj
 .debug_aranges
                0x0000000000000170       0x80 CMakeFiles/nucleo-f091RC.out.dir/Drivers/STM32F0xx_HAL_Driver/Src/stm32f0xx_hal_rcc.c.obj
 .debug_aranges
                0x00000000000001f0      0x3d0 CMakeFiles/nucleo-f091RC.out.dir/Drivers/STM32F0xx_HAL_Driver/Src/stm32f0xx_hal_tim.c.obj
 .debug_aranges
                0x00000000000005c0      0x168 CMakeFiles/nucleo-f091RC.out.dir/Drivers/STM32F0xx_HAL_Driver/Src/stm32f0xx_hal_tim_ex.c.obj
 .debug_aranges
                0x0000000000000728       0x40 CMakeFiles/nucleo-f091RC.out.dir/Src/main.c.obj
 .debug_aranges
                0x0000000000000768       0x20 CMakeFiles/nucleo-f091RC.out.dir/Src/stm32f0xx_hal_msp.c.obj
 .debug_aranges
                0x0000000000000788       0x30 CMakeFiles/nucleo-f091RC.out.dir/Src/stm32f0xx_hal_timebase_tim.c.obj
 .debug_aranges
                0x00000000000007b8       0x30 CMakeFiles/nucleo-f091RC.out.dir/Src/stm32f0xx_it.c.obj
 .debug_aranges
                0x00000000000007e8       0x28 CMakeFiles/nucleo-f091RC.out.dir/Src/system_stm32f0xx.c.obj
 .debug_aranges
                0x0000000000000810       0x88 CMakeFiles/nucleo-f091RC.out.dir/Middlewares/Third_Party/FreeRTOS/Source/portable/GCC/ARM_CM0/port.c.obj
 .debug_aranges
                0x0000000000000898       0x40 CMakeFiles/nucleo-f091RC.out.dir/Middlewares/Third_Party/FreeRTOS/Source/list.c.obj
 .debug_aranges
                0x00000000000008d8      0x158 CMakeFiles/nucleo-f091RC.out.dir/Middlewares/Third_Party/FreeRTOS/Source/queue.c.obj
 .debug_aranges
                0x0000000000000a30      0x1f8 CMakeFiles/nucleo-f091RC.out.dir/Middlewares/Third_Party/FreeRTOS/Source/tasks.c.obj
 .debug_aranges
                0x0000000000000c28       0xe0 CMakeFiles/nucleo-f091RC.out.dir/Middlewares/Third_Party/FreeRTOS/Source/timers.c.obj
 .debug_aranges
                0x0000000000000d08       0x50 CMakeFiles/nucleo-f091RC.out.dir/Middlewares/Third_Party/FreeRTOS/Source/portable/MemMang/heap_4.c.obj
 .debug_aranges
                0x0000000000000d58      0x228 CMakeFiles/nucleo-f091RC.out.dir/Middlewares/Third_Party/FreeRTOS/Source/CMSIS_RTOS_V2/cmsis_os2.c.obj

.debug_str      0x0000000000000000     0x59e5
 .debug_str     0x0000000000000000       0x51 CMakeFiles/nucleo-f091RC.out.dir/startup_stm32f091xc.s.obj
 .debug_str     0x0000000000000051      0x67b CMakeFiles/nucleo-f091RC.out.dir/Drivers/STM32F0xx_HAL_Driver/Src/stm32f0xx_hal.c.obj
                                        0x6fa (size before relaxing)
 .debug_str     0x00000000000006cc      0x295 CMakeFiles/nucleo-f091RC.out.dir/Drivers/STM32F0xx_HAL_Driver/Src/stm32f0xx_hal_cortex.c.obj
                                        0x6e4 (size before relaxing)
 .debug_str     0x0000000000000961      0x399 CMakeFiles/nucleo-f091RC.out.dir/Drivers/STM32F0xx_HAL_Driver/Src/stm32f0xx_hal_rcc.c.obj
                                        0x6ac (size before relaxing)
 .debug_str     0x0000000000000cfa     0x1389 CMakeFiles/nucleo-f091RC.out.dir/Drivers/STM32F0xx_HAL_Driver/Src/stm32f0xx_hal_tim.c.obj
                                       0x16df (size before relaxing)
 .debug_str     0x0000000000002083      0x5bd CMakeFiles/nucleo-f091RC.out.dir/Drivers/STM32F0xx_HAL_Driver/Src/stm32f0xx_hal_tim_ex.c.obj
                                        0xf09 (size before relaxing)
 .debug_str     0x0000000000002640      0x529 CMakeFiles/nucleo-f091RC.out.dir/Src/main.c.obj
                                        0xdc1 (size before relaxing)
 .debug_str     0x0000000000002b69       0x1b CMakeFiles/nucleo-f091RC.out.dir/Src/stm32f0xx_hal_msp.c.obj
                                        0x489 (size before relaxing)
 .debug_str     0x0000000000002b84       0x50 CMakeFiles/nucleo-f091RC.out.dir/Src/stm32f0xx_hal_timebase_tim.c.obj
                                        0xa9f (size before relaxing)
 .debug_str     0x0000000000002bd4       0x44 CMakeFiles/nucleo-f091RC.out.dir/Src/stm32f0xx_it.c.obj
                                        0x737 (size before relaxing)
 .debug_str     0x0000000000002c18       0x5a CMakeFiles/nucleo-f091RC.out.dir/Src/system_stm32f0xx.c.obj
                                        0x2c3 (size before relaxing)
 .debug_str     0x0000000000002c72      0x1f8 CMakeFiles/nucleo-f091RC.out.dir/Middlewares/Third_Party/FreeRTOS/Source/portable/GCC/ARM_CM0/port.c.obj
                                        0x36f (size before relaxing)
 .debug_str     0x0000000000002e6a      0x4f0 CMakeFiles/nucleo-f091RC.out.dir/Middlewares/Third_Party/FreeRTOS/Source/list.c.obj
                                        0x6b9 (size before relaxing)
 .debug_str     0x000000000000335a      0x90e CMakeFiles/nucleo-f091RC.out.dir/Middlewares/Third_Party/FreeRTOS/Source/queue.c.obj
                                        0xff5 (size before relaxing)
 .debug_str     0x0000000000003c68      0xbb7 CMakeFiles/nucleo-f091RC.out.dir/Middlewares/Third_Party/FreeRTOS/Source/tasks.c.obj
                                       0x15f1 (size before relaxing)
 .debug_str     0x000000000000481f      0x5ac CMakeFiles/nucleo-f091RC.out.dir/Middlewares/Third_Party/FreeRTOS/Source/timers.c.obj
                                        0xf96 (size before relaxing)
 .debug_str     0x0000000000004dcb      0x1d8 CMakeFiles/nucleo-f091RC.out.dir/Middlewares/Third_Party/FreeRTOS/Source/portable/MemMang/heap_4.c.obj
                                        0x783 (size before relaxing)
 .debug_str     0x0000000000004fa3      0xa42 CMakeFiles/nucleo-f091RC.out.dir/Middlewares/Third_Party/FreeRTOS/Source/CMSIS_RTOS_V2/cmsis_os2.c.obj
                                       0x1c6e (size before relaxing)

.debug_ranges   0x0000000000000000     0x10a0
 .debug_ranges  0x0000000000000000       0x20 CMakeFiles/nucleo-f091RC.out.dir/startup_stm32f091xc.s.obj
 .debug_ranges  0x0000000000000020       0xc0 CMakeFiles/nucleo-f091RC.out.dir/Drivers/STM32F0xx_HAL_Driver/Src/stm32f0xx_hal.c.obj
 .debug_ranges  0x00000000000000e0       0xc8 CMakeFiles/nucleo-f091RC.out.dir/Drivers/STM32F0xx_HAL_Driver/Src/stm32f0xx_hal_cortex.c.obj
 .debug_ranges  0x00000000000001a8       0x88 CMakeFiles/nucleo-f091RC.out.dir/Drivers/STM32F0xx_HAL_Driver/Src/stm32f0xx_hal_rcc.c.obj
 .debug_ranges  0x0000000000000230      0x3c0 CMakeFiles/nucleo-f091RC.out.dir/Drivers/STM32F0xx_HAL_Driver/Src/stm32f0xx_hal_tim.c.obj
 .debug_ranges  0x00000000000005f0      0x158 CMakeFiles/nucleo-f091RC.out.dir/Drivers/STM32F0xx_HAL_Driver/Src/stm32f0xx_hal_tim_ex.c.obj
 .debug_ranges  0x0000000000000748       0x30 CMakeFiles/nucleo-f091RC.out.dir/Src/main.c.obj
 .debug_ranges  0x0000000000000778       0x10 CMakeFiles/nucleo-f091RC.out.dir/Src/stm32f0xx_hal_msp.c.obj
 .debug_ranges  0x0000000000000788       0x20 CMakeFiles/nucleo-f091RC.out.dir/Src/stm32f0xx_hal_timebase_tim.c.obj
 .debug_ranges  0x00000000000007a8       0x20 CMakeFiles/nucleo-f091RC.out.dir/Src/stm32f0xx_it.c.obj
 .debug_ranges  0x00000000000007c8       0x18 CMakeFiles/nucleo-f091RC.out.dir/Src/system_stm32f0xx.c.obj
 .debug_ranges  0x00000000000007e0       0x78 CMakeFiles/nucleo-f091RC.out.dir/Middlewares/Third_Party/FreeRTOS/Source/portable/GCC/ARM_CM0/port.c.obj
 .debug_ranges  0x0000000000000858       0x30 CMakeFiles/nucleo-f091RC.out.dir/Middlewares/Third_Party/FreeRTOS/Source/list.c.obj
 .debug_ranges  0x0000000000000888      0x228 CMakeFiles/nucleo-f091RC.out.dir/Middlewares/Third_Party/FreeRTOS/Source/queue.c.obj
 .debug_ranges  0x0000000000000ab0      0x2c8 CMakeFiles/nucleo-f091RC.out.dir/Middlewares/Third_Party/FreeRTOS/Source/tasks.c.obj
 .debug_ranges  0x0000000000000d78       0xd0 CMakeFiles/nucleo-f091RC.out.dir/Middlewares/Third_Party/FreeRTOS/Source/timers.c.obj
 .debug_ranges  0x0000000000000e48       0x40 CMakeFiles/nucleo-f091RC.out.dir/Middlewares/Third_Party/FreeRTOS/Source/portable/MemMang/heap_4.c.obj
 .debug_ranges  0x0000000000000e88      0x218 CMakeFiles/nucleo-f091RC.out.dir/Middlewares/Third_Party/FreeRTOS/Source/CMSIS_RTOS_V2/cmsis_os2.c.obj

.debug_loc      0x0000000000000000     0xf6b9
 .debug_loc     0x0000000000000000      0x11b CMakeFiles/nucleo-f091RC.out.dir/Drivers/STM32F0xx_HAL_Driver/Src/stm32f0xx_hal.c.obj
 .debug_loc     0x000000000000011b      0x3b7 CMakeFiles/nucleo-f091RC.out.dir/Drivers/STM32F0xx_HAL_Driver/Src/stm32f0xx_hal_cortex.c.obj
 .debug_loc     0x00000000000004d2      0x4f7 CMakeFiles/nucleo-f091RC.out.dir/Drivers/STM32F0xx_HAL_Driver/Src/stm32f0xx_hal_rcc.c.obj
 .debug_loc     0x00000000000009c9     0x4843 CMakeFiles/nucleo-f091RC.out.dir/Drivers/STM32F0xx_HAL_Driver/Src/stm32f0xx_hal_tim.c.obj
 .debug_loc     0x000000000000520c     0x1c14 CMakeFiles/nucleo-f091RC.out.dir/Drivers/STM32F0xx_HAL_Driver/Src/stm32f0xx_hal_tim_ex.c.obj
 .debug_loc     0x0000000000006e20       0x5b CMakeFiles/nucleo-f091RC.out.dir/Src/main.c.obj
 .debug_loc     0x0000000000006e7b       0x79 CMakeFiles/nucleo-f091RC.out.dir/Src/stm32f0xx_hal_timebase_tim.c.obj
 .debug_loc     0x0000000000006ef4      0x12b CMakeFiles/nucleo-f091RC.out.dir/Src/system_stm32f0xx.c.obj
 .debug_loc     0x000000000000701f       0xa6 CMakeFiles/nucleo-f091RC.out.dir/Middlewares/Third_Party/FreeRTOS/Source/portable/GCC/ARM_CM0/port.c.obj
 .debug_loc     0x00000000000070c5       0x70 CMakeFiles/nucleo-f091RC.out.dir/Middlewares/Third_Party/FreeRTOS/Source/list.c.obj
 .debug_loc     0x0000000000007135     0x1b75 CMakeFiles/nucleo-f091RC.out.dir/Middlewares/Third_Party/FreeRTOS/Source/queue.c.obj
 .debug_loc     0x0000000000008caa     0x1f71 CMakeFiles/nucleo-f091RC.out.dir/Middlewares/Third_Party/FreeRTOS/Source/tasks.c.obj
 .debug_loc     0x000000000000ac1b      0xcb0 CMakeFiles/nucleo-f091RC.out.dir/Middlewares/Third_Party/FreeRTOS/Source/timers.c.obj
 .debug_loc     0x000000000000b8cb      0x29d CMakeFiles/nucleo-f091RC.out.dir/Middlewares/Third_Party/FreeRTOS/Source/portable/MemMang/heap_4.c.obj
 .debug_loc     0x000000000000bb68     0x3b51 CMakeFiles/nucleo-f091RC.out.dir/Middlewares/Third_Party/FreeRTOS/Source/CMSIS_RTOS_V2/cmsis_os2.c.obj

.comment        0x0000000000000000       0x7f
 .comment       0x0000000000000000       0x7f CMakeFiles/nucleo-f091RC.out.dir/Drivers/STM32F0xx_HAL_Driver/Src/stm32f0xx_hal.c.obj
                                         0x80 (size before relaxing)
 .comment       0x000000000000007f       0x80 CMakeFiles/nucleo-f091RC.out.dir/Drivers/STM32F0xx_HAL_Driver/Src/stm32f0xx_hal_cortex.c.obj
 .comment       0x000000000000007f       0x80 CMakeFiles/nucleo-f091RC.out.dir/Drivers/STM32F0xx_HAL_Driver/Src/stm32f0xx_hal_rcc.c.obj
 .comment       0x000000000000007f       0x80 CMakeFiles/nucleo-f091RC.out.dir/Drivers/STM32F0xx_HAL_Driver/Src/stm32f0xx_hal_tim.c.obj
 .comment       0x000000000000007f       0x80 CMakeFiles/nucleo-f091RC.out.dir/Drivers/STM32F0xx_HAL_Driver/Src/stm32f0xx_hal_tim_ex.c.obj
 .comment       0x000000000000007f       0x80 CMakeFiles/nucleo-f091RC.out.dir/Src/main.c.obj
 .comment       0x000000000000007f       0x80 CMakeFiles/nucleo-f091RC.out.dir/Src/stm32f0xx_hal_msp.c.obj
 .comment       0x000000000000007f       0x80 CMakeFiles/nucleo-f091RC.out.dir/Src/stm32f0xx_hal_timebase_tim.c.obj
 .comment       0x000000000000007f       0x80 CMakeFiles/nucleo-f091RC.out.dir/Src/stm32f0xx_it.c.obj
 .comment       0x000000000000007f       0x80 CMakeFiles/nucleo-f091RC.out.dir/Src/system_stm32f0xx.c.obj
 .comment       0x000000000000007f       0x80 CMakeFiles/nucleo-f091RC.out.dir/Middlewares/Third_Party/FreeRTOS/Source/portable/GCC/ARM_CM0/port.c.obj
 .comment       0x000000000000007f       0x80 CMakeFiles/nucleo-f091RC.out.dir/Middlewares/Third_Party/FreeRTOS/Source/list.c.obj
 .comment       0x000000000000007f       0x80 CMakeFiles/nucleo-f091RC.out.dir/Middlewares/Third_Party/FreeRTOS/Source/queue.c.obj
 .comment       0x000000000000007f       0x80 CMakeFiles/nucleo-f091RC.out.dir/Middlewares/Third_Party/FreeRTOS/Source/tasks.c.obj
 .comment       0x000000000000007f       0x80 CMakeFiles/nucleo-f091RC.out.dir/Middlewares/Third_Party/FreeRTOS/Source/timers.c.obj
 .comment       0x000000000000007f       0x80 CMakeFiles/nucleo-f091RC.out.dir/Middlewares/Third_Party/FreeRTOS/Source/portable/MemMang/heap_4.c.obj
 .comment       0x000000000000007f       0x80 CMakeFiles/nucleo-f091RC.out.dir/Middlewares/Third_Party/FreeRTOS/Source/CMSIS_RTOS_V2/cmsis_os2.c.obj

Cross Reference Table

Symbol                                            File
ADC1_COMP_IRQHandler                              CMakeFiles/nucleo-f091RC.out.dir/startup_stm32f091xc.s.obj
AHBPrescTable                                     CMakeFiles/nucleo-f091RC.out.dir/Src/system_stm32f0xx.c.obj
                                                  CMakeFiles/nucleo-f091RC.out.dir/Drivers/STM32F0xx_HAL_Driver/Src/stm32f0xx_ll_utils.c.obj
                                                  CMakeFiles/nucleo-f091RC.out.dir/Drivers/STM32F0xx_HAL_Driver/Src/stm32f0xx_hal_rcc.c.obj
APBPrescTable                                     CMakeFiles/nucleo-f091RC.out.dir/Src/system_stm32f0xx.c.obj
                                                  CMakeFiles/nucleo-f091RC.out.dir/Drivers/STM32F0xx_HAL_Driver/Src/stm32f0xx_hal_rcc.c.obj
CEC_CAN_IRQHandler                                CMakeFiles/nucleo-f091RC.out.dir/startup_stm32f091xc.s.obj
DMA1_Ch1_IRQHandler                               CMakeFiles/nucleo-f091RC.out.dir/startup_stm32f091xc.s.obj
DMA1_Ch2_3_DMA2_Ch1_2_IRQHandler                  CMakeFiles/nucleo-f091RC.out.dir/startup_stm32f091xc.s.obj
DMA1_Ch4_7_DMA2_Ch3_5_IRQHandler                  CMakeFiles/nucleo-f091RC.out.dir/startup_stm32f091xc.s.obj
Default_Handler                                   CMakeFiles/nucleo-f091RC.out.dir/startup_stm32f091xc.s.obj
EXTI0_1_IRQHandler                                CMakeFiles/nucleo-f091RC.out.dir/startup_stm32f091xc.s.obj
EXTI2_3_IRQHandler                                CMakeFiles/nucleo-f091RC.out.dir/startup_stm32f091xc.s.obj
EXTI4_15_IRQHandler                               CMakeFiles/nucleo-f091RC.out.dir/startup_stm32f091xc.s.obj
Error_Handler                                     CMakeFiles/nucleo-f091RC.out.dir/Src/main.c.obj
FLASH_IRQHandler                                  CMakeFiles/nucleo-f091RC.out.dir/startup_stm32f091xc.s.obj
FLASH_PageErase                                   CMakeFiles/nucleo-f091RC.out.dir/Drivers/STM32F0xx_HAL_Driver/Src/stm32f0xx_hal_flash_ex.c.obj
                                                  CMakeFiles/nucleo-f091RC.out.dir/Drivers/STM32F0xx_HAL_Driver/Src/stm32f0xx_hal_flash.c.obj
FLASH_WaitForLastOperation                        CMakeFiles/nucleo-f091RC.out.dir/Drivers/STM32F0xx_HAL_Driver/Src/stm32f0xx_hal_flash.c.obj
                                                  CMakeFiles/nucleo-f091RC.out.dir/Drivers/STM32F0xx_HAL_Driver/Src/stm32f0xx_hal_flash_ex.c.obj
HAL_DBGMCU_DisableDBGStandbyMode                  CMakeFiles/nucleo-f091RC.out.dir/Drivers/STM32F0xx_HAL_Driver/Src/stm32f0xx_hal.c.obj
HAL_DBGMCU_DisableDBGStopMode                     CMakeFiles/nucleo-f091RC.out.dir/Drivers/STM32F0xx_HAL_Driver/Src/stm32f0xx_hal.c.obj
HAL_DBGMCU_EnableDBGStandbyMode                   CMakeFiles/nucleo-f091RC.out.dir/Drivers/STM32F0xx_HAL_Driver/Src/stm32f0xx_hal.c.obj
HAL_DBGMCU_EnableDBGStopMode                      CMakeFiles/nucleo-f091RC.out.dir/Drivers/STM32F0xx_HAL_Driver/Src/stm32f0xx_hal.c.obj
HAL_DMA_Abort                                     CMakeFiles/nucleo-f091RC.out.dir/Drivers/STM32F0xx_HAL_Driver/Src/stm32f0xx_hal_dma.c.obj
HAL_DMA_Abort_IT                                  CMakeFiles/nucleo-f091RC.out.dir/Drivers/STM32F0xx_HAL_Driver/Src/stm32f0xx_hal_dma.c.obj
                                                  CMakeFiles/nucleo-f091RC.out.dir/Drivers/STM32F0xx_HAL_Driver/Src/stm32f0xx_hal_tim_ex.c.obj
                                                  CMakeFiles/nucleo-f091RC.out.dir/Drivers/STM32F0xx_HAL_Driver/Src/stm32f0xx_hal_tim.c.obj
                                                  CMakeFiles/nucleo-f091RC.out.dir/Drivers/STM32F0xx_HAL_Driver/Src/stm32f0xx_hal_i2c.c.obj
HAL_DMA_DeInit                                    CMakeFiles/nucleo-f091RC.out.dir/Drivers/STM32F0xx_HAL_Driver/Src/stm32f0xx_hal_dma.c.obj
HAL_DMA_GetError                                  CMakeFiles/nucleo-f091RC.out.dir/Drivers/STM32F0xx_HAL_Driver/Src/stm32f0xx_hal_dma.c.obj
HAL_DMA_GetState                                  CMakeFiles/nucleo-f091RC.out.dir/Drivers/STM32F0xx_HAL_Driver/Src/stm32f0xx_hal_dma.c.obj
                                                  CMakeFiles/nucleo-f091RC.out.dir/Drivers/STM32F0xx_HAL_Driver/Src/stm32f0xx_hal_i2c.c.obj
HAL_DMA_IRQHandler                                CMakeFiles/nucleo-f091RC.out.dir/Drivers/STM32F0xx_HAL_Driver/Src/stm32f0xx_hal_dma.c.obj
HAL_DMA_Init                                      CMakeFiles/nucleo-f091RC.out.dir/Drivers/STM32F0xx_HAL_Driver/Src/stm32f0xx_hal_dma.c.obj
HAL_DMA_PollForTransfer                           CMakeFiles/nucleo-f091RC.out.dir/Drivers/STM32F0xx_HAL_Driver/Src/stm32f0xx_hal_dma.c.obj
HAL_DMA_RegisterCallback                          CMakeFiles/nucleo-f091RC.out.dir/Drivers/STM32F0xx_HAL_Driver/Src/stm32f0xx_hal_dma.c.obj
HAL_DMA_Start                                     CMakeFiles/nucleo-f091RC.out.dir/Drivers/STM32F0xx_HAL_Driver/Src/stm32f0xx_hal_dma.c.obj
HAL_DMA_Start_IT                                  CMakeFiles/nucleo-f091RC.out.dir/Drivers/STM32F0xx_HAL_Driver/Src/stm32f0xx_hal_dma.c.obj
                                                  CMakeFiles/nucleo-f091RC.out.dir/Drivers/STM32F0xx_HAL_Driver/Src/stm32f0xx_hal_tim_ex.c.obj
                                                  CMakeFiles/nucleo-f091RC.out.dir/Drivers/STM32F0xx_HAL_Driver/Src/stm32f0xx_hal_tim.c.obj
                                                  CMakeFiles/nucleo-f091RC.out.dir/Drivers/STM32F0xx_HAL_Driver/Src/stm32f0xx_hal_i2c.c.obj
HAL_DMA_UnRegisterCallback                        CMakeFiles/nucleo-f091RC.out.dir/Drivers/STM32F0xx_HAL_Driver/Src/stm32f0xx_hal_dma.c.obj
HAL_DeInit                                        CMakeFiles/nucleo-f091RC.out.dir/Drivers/STM32F0xx_HAL_Driver/Src/stm32f0xx_hal.c.obj
HAL_Delay                                         CMakeFiles/nucleo-f091RC.out.dir/Drivers/STM32F0xx_HAL_Driver/Src/stm32f0xx_hal.c.obj
HAL_EXTI_ClearConfigLine                          CMakeFiles/nucleo-f091RC.out.dir/Drivers/STM32F0xx_HAL_Driver/Src/stm32f0xx_hal_exti.c.obj
HAL_EXTI_ClearPending                             CMakeFiles/nucleo-f091RC.out.dir/Drivers/STM32F0xx_HAL_Driver/Src/stm32f0xx_hal_exti.c.obj
HAL_EXTI_GenerateSWI                              CMakeFiles/nucleo-f091RC.out.dir/Drivers/STM32F0xx_HAL_Driver/Src/stm32f0xx_hal_exti.c.obj
HAL_EXTI_GetConfigLine                            CMakeFiles/nucleo-f091RC.out.dir/Drivers/STM32F0xx_HAL_Driver/Src/stm32f0xx_hal_exti.c.obj
HAL_EXTI_GetHandle                                CMakeFiles/nucleo-f091RC.out.dir/Drivers/STM32F0xx_HAL_Driver/Src/stm32f0xx_hal_exti.c.obj
HAL_EXTI_GetPending                               CMakeFiles/nucleo-f091RC.out.dir/Drivers/STM32F0xx_HAL_Driver/Src/stm32f0xx_hal_exti.c.obj
HAL_EXTI_IRQHandler                               CMakeFiles/nucleo-f091RC.out.dir/Drivers/STM32F0xx_HAL_Driver/Src/stm32f0xx_hal_exti.c.obj
HAL_EXTI_RegisterCallback                         CMakeFiles/nucleo-f091RC.out.dir/Drivers/STM32F0xx_HAL_Driver/Src/stm32f0xx_hal_exti.c.obj
HAL_EXTI_SetConfigLine                            CMakeFiles/nucleo-f091RC.out.dir/Drivers/STM32F0xx_HAL_Driver/Src/stm32f0xx_hal_exti.c.obj
HAL_FLASHEx_Erase                                 CMakeFiles/nucleo-f091RC.out.dir/Drivers/STM32F0xx_HAL_Driver/Src/stm32f0xx_hal_flash_ex.c.obj
HAL_FLASHEx_Erase_IT                              CMakeFiles/nucleo-f091RC.out.dir/Drivers/STM32F0xx_HAL_Driver/Src/stm32f0xx_hal_flash_ex.c.obj
HAL_FLASHEx_OBErase                               CMakeFiles/nucleo-f091RC.out.dir/Drivers/STM32F0xx_HAL_Driver/Src/stm32f0xx_hal_flash_ex.c.obj
HAL_FLASHEx_OBGetConfig                           CMakeFiles/nucleo-f091RC.out.dir/Drivers/STM32F0xx_HAL_Driver/Src/stm32f0xx_hal_flash_ex.c.obj
HAL_FLASHEx_OBGetUserData                         CMakeFiles/nucleo-f091RC.out.dir/Drivers/STM32F0xx_HAL_Driver/Src/stm32f0xx_hal_flash_ex.c.obj
HAL_FLASHEx_OBProgram                             CMakeFiles/nucleo-f091RC.out.dir/Drivers/STM32F0xx_HAL_Driver/Src/stm32f0xx_hal_flash_ex.c.obj
HAL_FLASH_EndOfOperationCallback                  CMakeFiles/nucleo-f091RC.out.dir/Drivers/STM32F0xx_HAL_Driver/Src/stm32f0xx_hal_flash.c.obj
HAL_FLASH_GetError                                CMakeFiles/nucleo-f091RC.out.dir/Drivers/STM32F0xx_HAL_Driver/Src/stm32f0xx_hal_flash.c.obj
HAL_FLASH_IRQHandler                              CMakeFiles/nucleo-f091RC.out.dir/Drivers/STM32F0xx_HAL_Driver/Src/stm32f0xx_hal_flash.c.obj
HAL_FLASH_Lock                                    CMakeFiles/nucleo-f091RC.out.dir/Drivers/STM32F0xx_HAL_Driver/Src/stm32f0xx_hal_flash.c.obj
HAL_FLASH_OB_Launch                               CMakeFiles/nucleo-f091RC.out.dir/Drivers/STM32F0xx_HAL_Driver/Src/stm32f0xx_hal_flash.c.obj
HAL_FLASH_OB_Lock                                 CMakeFiles/nucleo-f091RC.out.dir/Drivers/STM32F0xx_HAL_Driver/Src/stm32f0xx_hal_flash.c.obj
HAL_FLASH_OB_Unlock                               CMakeFiles/nucleo-f091RC.out.dir/Drivers/STM32F0xx_HAL_Driver/Src/stm32f0xx_hal_flash.c.obj
HAL_FLASH_OperationErrorCallback                  CMakeFiles/nucleo-f091RC.out.dir/Drivers/STM32F0xx_HAL_Driver/Src/stm32f0xx_hal_flash.c.obj
HAL_FLASH_Program                                 CMakeFiles/nucleo-f091RC.out.dir/Drivers/STM32F0xx_HAL_Driver/Src/stm32f0xx_hal_flash.c.obj
HAL_FLASH_Program_IT                              CMakeFiles/nucleo-f091RC.out.dir/Drivers/STM32F0xx_HAL_Driver/Src/stm32f0xx_hal_flash.c.obj
HAL_FLASH_Unlock                                  CMakeFiles/nucleo-f091RC.out.dir/Drivers/STM32F0xx_HAL_Driver/Src/stm32f0xx_hal_flash.c.obj
HAL_GPIO_DeInit                                   CMakeFiles/nucleo-f091RC.out.dir/Drivers/STM32F0xx_HAL_Driver/Src/stm32f0xx_hal_gpio.c.obj
HAL_GPIO_EXTI_Callback                            CMakeFiles/nucleo-f091RC.out.dir/Drivers/STM32F0xx_HAL_Driver/Src/stm32f0xx_hal_gpio.c.obj
HAL_GPIO_EXTI_IRQHandler                          CMakeFiles/nucleo-f091RC.out.dir/Drivers/STM32F0xx_HAL_Driver/Src/stm32f0xx_hal_gpio.c.obj
HAL_GPIO_Init                                     CMakeFiles/nucleo-f091RC.out.dir/Drivers/STM32F0xx_HAL_Driver/Src/stm32f0xx_hal_gpio.c.obj
                                                  CMakeFiles/nucleo-f091RC.out.dir/Drivers/STM32F0xx_HAL_Driver/Src/stm32f0xx_hal_rcc.c.obj
HAL_GPIO_LockPin                                  CMakeFiles/nucleo-f091RC.out.dir/Drivers/STM32F0xx_HAL_Driver/Src/stm32f0xx_hal_gpio.c.obj
HAL_GPIO_ReadPin                                  CMakeFiles/nucleo-f091RC.out.dir/Drivers/STM32F0xx_HAL_Driver/Src/stm32f0xx_hal_gpio.c.obj
HAL_GPIO_TogglePin                                CMakeFiles/nucleo-f091RC.out.dir/Drivers/STM32F0xx_HAL_Driver/Src/stm32f0xx_hal_gpio.c.obj
HAL_GPIO_WritePin                                 CMakeFiles/nucleo-f091RC.out.dir/Drivers/STM32F0xx_HAL_Driver/Src/stm32f0xx_hal_gpio.c.obj
HAL_GetDEVID                                      CMakeFiles/nucleo-f091RC.out.dir/Drivers/STM32F0xx_HAL_Driver/Src/stm32f0xx_hal.c.obj
HAL_GetHalVersion                                 CMakeFiles/nucleo-f091RC.out.dir/Drivers/STM32F0xx_HAL_Driver/Src/stm32f0xx_hal.c.obj
HAL_GetREVID                                      CMakeFiles/nucleo-f091RC.out.dir/Drivers/STM32F0xx_HAL_Driver/Src/stm32f0xx_hal.c.obj
HAL_GetTick                                       CMakeFiles/nucleo-f091RC.out.dir/Drivers/STM32F0xx_HAL_Driver/Src/stm32f0xx_hal.c.obj
                                                  CMakeFiles/nucleo-f091RC.out.dir/Drivers/STM32F0xx_HAL_Driver/Src/stm32f0xx_hal_rcc_ex.c.obj
                                                  CMakeFiles/nucleo-f091RC.out.dir/Drivers/STM32F0xx_HAL_Driver/Src/stm32f0xx_hal_rcc.c.obj
                                                  CMakeFiles/nucleo-f091RC.out.dir/Drivers/STM32F0xx_HAL_Driver/Src/stm32f0xx_hal_i2c.c.obj
                                                  CMakeFiles/nucleo-f091RC.out.dir/Drivers/STM32F0xx_HAL_Driver/Src/stm32f0xx_hal_flash.c.obj
                                                  CMakeFiles/nucleo-f091RC.out.dir/Drivers/STM32F0xx_HAL_Driver/Src/stm32f0xx_hal_dma.c.obj
HAL_GetTickFreq                                   CMakeFiles/nucleo-f091RC.out.dir/Drivers/STM32F0xx_HAL_Driver/Src/stm32f0xx_hal.c.obj
HAL_GetTickPrio                                   CMakeFiles/nucleo-f091RC.out.dir/Drivers/STM32F0xx_HAL_Driver/Src/stm32f0xx_hal.c.obj
HAL_GetUIDw0                                      CMakeFiles/nucleo-f091RC.out.dir/Drivers/STM32F0xx_HAL_Driver/Src/stm32f0xx_hal.c.obj
HAL_GetUIDw1                                      CMakeFiles/nucleo-f091RC.out.dir/Drivers/STM32F0xx_HAL_Driver/Src/stm32f0xx_hal.c.obj
HAL_GetUIDw2                                      CMakeFiles/nucleo-f091RC.out.dir/Drivers/STM32F0xx_HAL_Driver/Src/stm32f0xx_hal.c.obj
HAL_I2CEx_ConfigAnalogFilter                      CMakeFiles/nucleo-f091RC.out.dir/Drivers/STM32F0xx_HAL_Driver/Src/stm32f0xx_hal_i2c_ex.c.obj
HAL_I2CEx_ConfigDigitalFilter                     CMakeFiles/nucleo-f091RC.out.dir/Drivers/STM32F0xx_HAL_Driver/Src/stm32f0xx_hal_i2c_ex.c.obj
HAL_I2CEx_DisableFastModePlus                     CMakeFiles/nucleo-f091RC.out.dir/Drivers/STM32F0xx_HAL_Driver/Src/stm32f0xx_hal_i2c_ex.c.obj
HAL_I2CEx_DisableWakeUp                           CMakeFiles/nucleo-f091RC.out.dir/Drivers/STM32F0xx_HAL_Driver/Src/stm32f0xx_hal_i2c_ex.c.obj
HAL_I2CEx_EnableFastModePlus                      CMakeFiles/nucleo-f091RC.out.dir/Drivers/STM32F0xx_HAL_Driver/Src/stm32f0xx_hal_i2c_ex.c.obj
HAL_I2CEx_EnableWakeUp                            CMakeFiles/nucleo-f091RC.out.dir/Drivers/STM32F0xx_HAL_Driver/Src/stm32f0xx_hal_i2c_ex.c.obj
HAL_I2C_AbortCpltCallback                         CMakeFiles/nucleo-f091RC.out.dir/Drivers/STM32F0xx_HAL_Driver/Src/stm32f0xx_hal_i2c.c.obj
HAL_I2C_AddrCallback                              CMakeFiles/nucleo-f091RC.out.dir/Drivers/STM32F0xx_HAL_Driver/Src/stm32f0xx_hal_i2c.c.obj
HAL_I2C_DeInit                                    CMakeFiles/nucleo-f091RC.out.dir/Drivers/STM32F0xx_HAL_Driver/Src/stm32f0xx_hal_i2c.c.obj
HAL_I2C_DisableListen_IT                          CMakeFiles/nucleo-f091RC.out.dir/Drivers/STM32F0xx_HAL_Driver/Src/stm32f0xx_hal_i2c.c.obj
HAL_I2C_ER_IRQHandler                             CMakeFiles/nucleo-f091RC.out.dir/Drivers/STM32F0xx_HAL_Driver/Src/stm32f0xx_hal_i2c.c.obj
HAL_I2C_EV_IRQHandler                             CMakeFiles/nucleo-f091RC.out.dir/Drivers/STM32F0xx_HAL_Driver/Src/stm32f0xx_hal_i2c.c.obj
HAL_I2C_EnableListen_IT                           CMakeFiles/nucleo-f091RC.out.dir/Drivers/STM32F0xx_HAL_Driver/Src/stm32f0xx_hal_i2c.c.obj
HAL_I2C_ErrorCallback                             CMakeFiles/nucleo-f091RC.out.dir/Drivers/STM32F0xx_HAL_Driver/Src/stm32f0xx_hal_i2c.c.obj
HAL_I2C_GetError                                  CMakeFiles/nucleo-f091RC.out.dir/Drivers/STM32F0xx_HAL_Driver/Src/stm32f0xx_hal_i2c.c.obj
HAL_I2C_GetMode                                   CMakeFiles/nucleo-f091RC.out.dir/Drivers/STM32F0xx_HAL_Driver/Src/stm32f0xx_hal_i2c.c.obj
HAL_I2C_GetState                                  CMakeFiles/nucleo-f091RC.out.dir/Drivers/STM32F0xx_HAL_Driver/Src/stm32f0xx_hal_i2c.c.obj
HAL_I2C_Init                                      CMakeFiles/nucleo-f091RC.out.dir/Drivers/STM32F0xx_HAL_Driver/Src/stm32f0xx_hal_i2c.c.obj
HAL_I2C_IsDeviceReady                             CMakeFiles/nucleo-f091RC.out.dir/Drivers/STM32F0xx_HAL_Driver/Src/stm32f0xx_hal_i2c.c.obj
HAL_I2C_ListenCpltCallback                        CMakeFiles/nucleo-f091RC.out.dir/Drivers/STM32F0xx_HAL_Driver/Src/stm32f0xx_hal_i2c.c.obj
HAL_I2C_MasterRxCpltCallback                      CMakeFiles/nucleo-f091RC.out.dir/Drivers/STM32F0xx_HAL_Driver/Src/stm32f0xx_hal_i2c.c.obj
HAL_I2C_MasterTxCpltCallback                      CMakeFiles/nucleo-f091RC.out.dir/Drivers/STM32F0xx_HAL_Driver/Src/stm32f0xx_hal_i2c.c.obj
HAL_I2C_Master_Abort_IT                           CMakeFiles/nucleo-f091RC.out.dir/Drivers/STM32F0xx_HAL_Driver/Src/stm32f0xx_hal_i2c.c.obj
HAL_I2C_Master_Receive                            CMakeFiles/nucleo-f091RC.out.dir/Drivers/STM32F0xx_HAL_Driver/Src/stm32f0xx_hal_i2c.c.obj