Archive member included to satisfy reference by file (symbol)

/opt/gcc-arm-none-eabi-7-2018-q2-update/bin/../lib/gcc/arm-none-eabi/7.3.1/../../../../arm-none-eabi/lib/thumb/v6-m/libc_nano.a(lib_a-exit.o)
                              /opt/gcc-arm-none-eabi-7-2018-q2-update/bin/../lib/gcc/arm-none-eabi/7.3.1/../../../../arm-none-eabi/lib/thumb/v6-m/crt0.o (exit)
/opt/gcc-arm-none-eabi-7-2018-q2-update/bin/../lib/gcc/arm-none-eabi/7.3.1/../../../../arm-none-eabi/lib/thumb/v6-m/libc_nano.a(lib_a-impure.o)
                              /opt/gcc-arm-none-eabi-7-2018-q2-update/bin/../lib/gcc/arm-none-eabi/7.3.1/../../../../arm-none-eabi/lib/thumb/v6-m/libc_nano.a(lib_a-exit.o) (_global_impure_ptr)
/opt/gcc-arm-none-eabi-7-2018-q2-update/bin/../lib/gcc/arm-none-eabi/7.3.1/../../../../arm-none-eabi/lib/thumb/v6-m/libc_nano.a(lib_a-init.o)
                              /opt/gcc-arm-none-eabi-7-2018-q2-update/bin/../lib/gcc/arm-none-eabi/7.3.1/../../../../arm-none-eabi/lib/thumb/v6-m/crt0.o (__libc_init_array)
/opt/gcc-arm-none-eabi-7-2018-q2-update/bin/../lib/gcc/arm-none-eabi/7.3.1/../../../../arm-none-eabi/lib/thumb/v6-m/libc_nano.a(lib_a-memcpy-stub.o)
                              build/queue.o (memcpy)
/opt/gcc-arm-none-eabi-7-2018-q2-update/bin/../lib/gcc/arm-none-eabi/7.3.1/../../../../arm-none-eabi/lib/thumb/v6-m/libc_nano.a(lib_a-memset.o)
                              /opt/gcc-arm-none-eabi-7-2018-q2-update/bin/../lib/gcc/arm-none-eabi/7.3.1/../../../../arm-none-eabi/lib/thumb/v6-m/crt0.o (memset)
/opt/gcc-arm-none-eabi-7-2018-q2-update/bin/../lib/gcc/arm-none-eabi/7.3.1/../../../../arm-none-eabi/lib/thumb/v6-m/libnosys.a(_exit.o)
                              /opt/gcc-arm-none-eabi-7-2018-q2-update/bin/../lib/gcc/arm-none-eabi/7.3.1/../../../../arm-none-eabi/lib/thumb/v6-m/libc_nano.a(lib_a-exit.o) (_exit)
/opt/gcc-arm-none-eabi-7-2018-q2-update/bin/../lib/gcc/arm-none-eabi/7.3.1/thumb/v6-m/libgcc.a(_udivsi3.o)
                              build/stm32f0xx_hal_timebase_tim.o (__aeabi_uidiv)
/opt/gcc-arm-none-eabi-7-2018-q2-update/bin/../lib/gcc/arm-none-eabi/7.3.1/thumb/v6-m/libgcc.a(_dvmd_tls.o)
                              /opt/gcc-arm-none-eabi-7-2018-q2-update/bin/../lib/gcc/arm-none-eabi/7.3.1/thumb/v6-m/libgcc.a(_udivsi3.o) (__aeabi_idiv0)

Allocating common symbols
Common symbol       size              file

uwTick              0x4               build/stm32f0xx_hal.o
xQueueRegistry      0x40              build/queue.o
pFlash              0x20              build/stm32f0xx_hal_flash.o
htim2               0x48              build/stm32f0xx_hal_timebase_tim.o

Discarded input sections

 .text          0x0000000000000000        0x0 /opt/gcc-arm-none-eabi-7-2018-q2-update/bin/../lib/gcc/arm-none-eabi/7.3.1/thumb/v6-m/crti.o
 .data          0x0000000000000000        0x0 /opt/gcc-arm-none-eabi-7-2018-q2-update/bin/../lib/gcc/arm-none-eabi/7.3.1/thumb/v6-m/crti.o
 .bss           0x0000000000000000        0x0 /opt/gcc-arm-none-eabi-7-2018-q2-update/bin/../lib/gcc/arm-none-eabi/7.3.1/thumb/v6-m/crti.o
 .data          0x0000000000000000        0x4 /opt/gcc-arm-none-eabi-7-2018-q2-update/bin/../lib/gcc/arm-none-eabi/7.3.1/thumb/v6-m/crtbegin.o
 .text          0x0000000000000000       0x78 /opt/gcc-arm-none-eabi-7-2018-q2-update/bin/../lib/gcc/arm-none-eabi/7.3.1/../../../../arm-none-eabi/lib/thumb/v6-m/crt0.o
 .data          0x0000000000000000        0x0 /opt/gcc-arm-none-eabi-7-2018-q2-update/bin/../lib/gcc/arm-none-eabi/7.3.1/../../../../arm-none-eabi/lib/thumb/v6-m/crt0.o
 .bss           0x0000000000000000        0x0 /opt/gcc-arm-none-eabi-7-2018-q2-update/bin/../lib/gcc/arm-none-eabi/7.3.1/../../../../arm-none-eabi/lib/thumb/v6-m/crt0.o
 .ARM.extab     0x0000000000000000        0x0 /opt/gcc-arm-none-eabi-7-2018-q2-update/bin/../lib/gcc/arm-none-eabi/7.3.1/../../../../arm-none-eabi/lib/thumb/v6-m/crt0.o
 .ARM.exidx     0x0000000000000000        0x8 /opt/gcc-arm-none-eabi-7-2018-q2-update/bin/../lib/gcc/arm-none-eabi/7.3.1/../../../../arm-none-eabi/lib/thumb/v6-m/crt0.o
 .ARM.attributes
                0x0000000000000000       0x1b /opt/gcc-arm-none-eabi-7-2018-q2-update/bin/../lib/gcc/arm-none-eabi/7.3.1/../../../../arm-none-eabi/lib/thumb/v6-m/crt0.o
 .text          0x0000000000000000        0x0 build/main.o
 .data          0x0000000000000000        0x0 build/main.o
 .bss           0x0000000000000000        0x0 build/main.o
 .text          0x0000000000000000        0x0 build/freertos.o
 .data          0x0000000000000000        0x0 build/freertos.o
 .bss           0x0000000000000000        0x0 build/freertos.o
 .debug_info    0x0000000000000000      0x154 build/freertos.o
 .debug_abbrev  0x0000000000000000       0x8f build/freertos.o
 .debug_aranges
                0x0000000000000000       0x18 build/freertos.o
 .debug_line    0x0000000000000000      0x152 build/freertos.o
 .debug_str     0x0000000000000000      0x22b build/freertos.o
 .comment       0x0000000000000000       0x80 build/freertos.o
[...]
Memory Configuration

Name             Origin             Length             Attributes
RAM              0x0000000020000000 0x0000000000008000 xrw
FLASH            0x0000000008000000 0x0000000000040000 xr
*default*        0x0000000000000000 0xffffffffffffffff

Linker script and memory map

LOAD /opt/gcc-arm-none-eabi-7-2018-q2-update/bin/../lib/gcc/arm-none-eabi/7.3.1/thumb/v6-m/crti.o
LOAD /opt/gcc-arm-none-eabi-7-2018-q2-update/bin/../lib/gcc/arm-none-eabi/7.3.1/thumb/v6-m/crtbegin.o
LOAD /opt/gcc-arm-none-eabi-7-2018-q2-update/bin/../lib/gcc/arm-none-eabi/7.3.1/../../../../arm-none-eabi/lib/thumb/v6-m/crt0.o
LOAD build/main.o
LOAD build/freertos.o
LOAD build/stm32f0xx_it.o
LOAD build/stm32f0xx_hal_msp.o
LOAD build/stm32f0xx_hal_timebase_tim.o
LOAD build/stm32f0xx_nucleo.o
LOAD build/stm32f0xx_hal_rcc.o
LOAD build/stm32f0xx_hal_rcc_ex.o
LOAD build/stm32f0xx_hal.o
LOAD build/stm32f0xx_hal_i2c.o
LOAD build/stm32f0xx_hal_i2c_ex.o
LOAD build/stm32f0xx_hal_gpio.o
LOAD build/stm32f0xx_hal_dma.o
LOAD build/stm32f0xx_hal_cortex.o
LOAD build/stm32f0xx_hal_pwr.o
LOAD build/stm32f0xx_hal_pwr_ex.o
LOAD build/stm32f0xx_hal_flash.o
LOAD build/stm32f0xx_hal_flash_ex.o
LOAD build/stm32f0xx_hal_exti.o
LOAD build/stm32f0xx_hal_tim.o
LOAD build/stm32f0xx_hal_tim_ex.o
LOAD build/system_stm32f0xx.o
LOAD build/croutine.o
LOAD build/event_groups.o
LOAD build/list.o
LOAD build/queue.o
LOAD build/stream_buffer.o
LOAD build/tasks.o
LOAD build/timers.o
LOAD build/cmsis_os2.o
LOAD build/heap_4.o
LOAD build/port.o
LOAD build/startup_stm32f091xc.o
LOAD /opt/gcc-arm-none-eabi-7-2018-q2-update/bin/../lib/gcc/arm-none-eabi/7.3.1/../../../../arm-none-eabi/lib/thumb/v6-m/libc_nano.a
LOAD /opt/gcc-arm-none-eabi-7-2018-q2-update/bin/../lib/gcc/arm-none-eabi/7.3.1/../../../../arm-none-eabi/lib/thumb/v6-m/libm.a
LOAD /opt/gcc-arm-none-eabi-7-2018-q2-update/bin/../lib/gcc/arm-none-eabi/7.3.1/../../../../arm-none-eabi/lib/thumb/v6-m/libnosys.a
START GROUP
LOAD /opt/gcc-arm-none-eabi-7-2018-q2-update/bin/../lib/gcc/arm-none-eabi/7.3.1/thumb/v6-m/libgcc.a
LOAD /opt/gcc-arm-none-eabi-7-2018-q2-update/bin/../lib/gcc/arm-none-eabi/7.3.1/../../../../arm-none-eabi/lib/thumb/v6-m/libc_nano.a
END GROUP
START GROUP
LOAD /opt/gcc-arm-none-eabi-7-2018-q2-update/bin/../lib/gcc/arm-none-eabi/7.3.1/thumb/v6-m/libgcc.a
LOAD /opt/gcc-arm-none-eabi-7-2018-q2-update/bin/../lib/gcc/arm-none-eabi/7.3.1/../../../../arm-none-eabi/lib/thumb/v6-m/libc_nano.a
END GROUP
LOAD /opt/gcc-arm-none-eabi-7-2018-q2-update/bin/../lib/gcc/arm-none-eabi/7.3.1/thumb/v6-m/crtend.o
LOAD /opt/gcc-arm-none-eabi-7-2018-q2-update/bin/../lib/gcc/arm-none-eabi/7.3.1/thumb/v6-m/crtn.o
                0x0000000020008000                _estack = 0x20008000
                0x0000000000000200                _Min_Heap_Size = 0x200
                0x0000000000000400                _Min_Stack_Size = 0x400

.isr_vector     0x0000000008000000       0xbc
                0x0000000008000000                . = ALIGN (0x4)
 *(.isr_vector)
 .isr_vector    0x0000000008000000       0xbc build/startup_stm32f091xc.o
                0x0000000008000000                g_pfnVectors
                0x00000000080000bc                . = ALIGN (0x4)

.text           0x00000000080000c0     0x12dc
                0x00000000080000c0                . = ALIGN (0x4)
 *(.text)
 .text          0x00000000080000c0       0x48 /opt/gcc-arm-none-eabi-7-2018-q2-update/bin/../lib/gcc/arm-none-eabi/7.3.1/thumb/v6-m/crtbegin.o
 .text          0x0000000008000108      0x114 /opt/gcc-arm-none-eabi-7-2018-q2-update/bin/../lib/gcc/arm-none-eabi/7.3.1/thumb/v6-m/libgcc.a(_udivsi3.o)
                0x0000000008000108                __udivsi3
                0x0000000008000108                __aeabi_uidiv
                0x0000000008000214                __aeabi_uidivmod
 .text          0x000000000800021c        0x4 /opt/gcc-arm-none-eabi-7-2018-q2-update/bin/../lib/gcc/arm-none-eabi/7.3.1/thumb/v6-m/libgcc.a(_dvmd_tls.o)
                0x000000000800021c                __aeabi_ldiv0
                0x000000000800021c                __aeabi_idiv0
 *(.text*)
 .text.Error_Handler
                0x0000000008000220        0x2 build/main.o
 .text.SystemClock_Config
                0x0000000008000222       0x4c build/main.o
 *fill*         0x000000000800026e        0x2 
 .text.main     0x0000000008000270       0x6c build/main.o
                0x0000000008000270                main
 .text.NMI_Handler
                0x00000000080002dc        0x2 build/stm32f0xx_it.o
                0x00000000080002dc                NMI_Handler
 .text.HardFault_Handler
                0x00000000080002de        0x2 build/stm32f0xx_it.o
                0x00000000080002de                HardFault_Handler
 .text.TIM2_IRQHandler
                0x00000000080002e0       0x10 build/stm32f0xx_it.o
                0x00000000080002e0                TIM2_IRQHandler
 .text.HAL_MspInit
                0x00000000080002f0       0x3c build/stm32f0xx_hal_msp.o
                0x00000000080002f0                HAL_MspInit
 .text.HAL_InitTick
                0x000000000800032c       0x74 build/stm32f0xx_hal_timebase_tim.o
                0x000000000800032c                HAL_InitTick
 .text.HAL_RCC_OscConfig
                0x00000000080003a0      0x540 build/stm32f0xx_hal_rcc.o
                0x00000000080003a0                HAL_RCC_OscConfig
 .text.HAL_RCC_GetSysClockFreq
                0x00000000080008e0       0x94 build/stm32f0xx_hal_rcc.o
                0x00000000080008e0                HAL_RCC_GetSysClockFreq
 .text.HAL_RCC_ClockConfig
                0x0000000008000974      0x140 build/stm32f0xx_hal_rcc.o
                0x0000000008000974                HAL_RCC_ClockConfig
 .text.HAL_RCC_GetHCLKFreq
                0x0000000008000ab4        0xc build/stm32f0xx_hal_rcc.o
                0x0000000008000ab4                HAL_RCC_GetHCLKFreq
 .text.HAL_RCC_GetPCLK1Freq
                0x0000000008000ac0       0x20 build/stm32f0xx_hal_rcc.o
                0x0000000008000ac0                HAL_RCC_GetPCLK1Freq
 .text.HAL_RCC_GetClockConfig
                0x0000000008000ae0       0x38 build/stm32f0xx_hal_rcc.o
                0x0000000008000ae0                HAL_RCC_GetClockConfig
 .text.HAL_Init
                0x0000000008000b18       0x20 build/stm32f0xx_hal.o
                0x0000000008000b18                HAL_Init
 .text.HAL_GetTick
                0x0000000008000b38        0xc build/stm32f0xx_hal.o
                0x0000000008000b38                HAL_GetTick
 .text.HAL_Delay
                0x0000000008000b44       0x24 build/stm32f0xx_hal.o
                0x0000000008000b44                HAL_Delay
 .text.HAL_GPIO_Init
                0x0000000008000b68      0x198 build/stm32f0xx_hal_gpio.o
                0x0000000008000b68                HAL_GPIO_Init
 .text.HAL_GPIO_WritePin
                0x0000000008000d00        0xc build/stm32f0xx_hal_gpio.o
                0x0000000008000d00                HAL_GPIO_WritePin
 .text.HAL_NVIC_SetPriority
                0x0000000008000d0c       0x64 build/stm32f0xx_hal_cortex.o
                0x0000000008000d0c                HAL_NVIC_SetPriority
 .text.HAL_NVIC_EnableIRQ
                0x0000000008000d70       0x18 build/stm32f0xx_hal_cortex.o
                0x0000000008000d70                HAL_NVIC_EnableIRQ
 .text.HAL_TIM_Base_MspInit
                0x0000000008000d88        0x2 build/stm32f0xx_hal_tim.o
                0x0000000008000d88                HAL_TIM_Base_MspInit
 *fill*         0x0000000008000d8a        0x2 
 .text.HAL_TIM_Base_Start_IT
                0x0000000008000d8c       0x6c build/stm32f0xx_hal_tim.o
                0x0000000008000d8c                HAL_TIM_Base_Start_IT
 .text.HAL_TIM_PeriodElapsedCallback
                0x0000000008000df8        0x2 build/stm32f0xx_hal_tim.o
                0x0000000008000df8                HAL_TIM_PeriodElapsedCallback
 .text.HAL_TIM_OC_DelayElapsedCallback
                0x0000000008000dfa        0x2 build/stm32f0xx_hal_tim.o
                0x0000000008000dfa                HAL_TIM_OC_DelayElapsedCallback
 .text.HAL_TIM_IC_CaptureCallback
                0x0000000008000dfc        0x2 build/stm32f0xx_hal_tim.o
                0x0000000008000dfc                HAL_TIM_IC_CaptureCallback
 .text.HAL_TIM_PWM_PulseFinishedCallback
                0x0000000008000dfe        0x2 build/stm32f0xx_hal_tim.o
                0x0000000008000dfe                HAL_TIM_PWM_PulseFinishedCallback
 .text.HAL_TIM_TriggerCallback
                0x0000000008000e00        0x2 build/stm32f0xx_hal_tim.o
                0x0000000008000e00                HAL_TIM_TriggerCallback
 .text.HAL_TIM_IRQHandler
                0x0000000008000e02      0x15a build/stm32f0xx_hal_tim.o
                0x0000000008000e02                HAL_TIM_IRQHandler
 .text.TIM_Base_SetConfig
                0x0000000008000f5c       0xa4 build/stm32f0xx_hal_tim.o
                0x0000000008000f5c                TIM_Base_SetConfig
 .text.HAL_TIM_Base_Init
                0x0000000008001000       0x58 build/stm32f0xx_hal_tim.o
                0x0000000008001000                HAL_TIM_Base_Init
 .text.HAL_TIMEx_CommutCallback
                0x0000000008001058        0x2 build/stm32f0xx_hal_tim_ex.o
                0x0000000008001058                HAL_TIMEx_CommutCallback
 .text.HAL_TIMEx_BreakCallback
                0x000000000800105a        0x2 build/stm32f0xx_hal_tim_ex.o
                0x000000000800105a                HAL_TIMEx_BreakCallback
 .text.SystemInit
                0x000000000800105c        0x2 build/system_stm32f0xx.o
                0x000000000800105c                SystemInit
 .text.vListInsertEnd
                0x000000000800105e       0x18 build/list.o
                0x000000000800105e                vListInsertEnd
 .text.uxListRemove
                0x0000000008001076       0x28 build/list.o
                0x0000000008001076                uxListRemove
 *fill*         0x000000000800109e        0x2 
 .text.prvResetNextTaskUnblockTime
                0x00000000080010a0       0x2c build/tasks.o
 .text.xTaskIncrementTick
                0x00000000080010cc      0x114 build/tasks.o
                0x00000000080010cc                xTaskIncrementTick
 .text.vTaskSwitchContext
                0x00000000080011e0       0x8c build/tasks.o
                0x00000000080011e0                vTaskSwitchContext
 .text.SVC_Handler
                0x000000000800126c        0x2 build/port.o
                0x000000000800126c                SVC_Handler
 .text.ulSetInterruptMaskFromISR
                0x000000000800126e        0x8 build/port.o
                0x000000000800126e                ulSetInterruptMaskFromISR
 .text.vClearInterruptMaskFromISR
                0x0000000008001276        0x6 build/port.o
                0x0000000008001276                vClearInterruptMaskFromISR
 *fill*         0x000000000800127c        0x4 
 .text.PendSV_Handler
                0x0000000008001280       0x44 build/port.o
                0x0000000008001280                PendSV_Handler
 .text.SysTick_Handler
                0x00000000080012c4       0x24 build/port.o
                0x00000000080012c4                SysTick_Handler
 .text.Reset_Handler
                0x00000000080012e8       0x50 build/startup_stm32f091xc.o
                0x00000000080012e8                Reset_Handler
 .text.Default_Handler
                0x0000000008001338        0x2 build/startup_stm32f091xc.o
                0x0000000008001338                TIM1_CC_IRQHandler
                0x0000000008001338                TSC_IRQHandler
                0x0000000008001338                ADC1_COMP_IRQHandler
                0x0000000008001338                I2C1_IRQHandler
                0x0000000008001338                RCC_CRS_IRQHandler
                0x0000000008001338                SPI1_IRQHandler
                0x0000000008001338                TIM6_DAC_IRQHandler
                0x0000000008001338                DMA1_Ch1_IRQHandler
                0x0000000008001338                EXTI2_3_IRQHandler
                0x0000000008001338                I2C2_IRQHandler
                0x0000000008001338                TIM17_IRQHandler
                0x0000000008001338                CEC_CAN_IRQHandler
                0x0000000008001338                RTC_IRQHandler
                0x0000000008001338                PVD_VDDIO2_IRQHandler
                0x0000000008001338                TIM16_IRQHandler
                0x0000000008001338                TIM3_IRQHandler
                0x0000000008001338                EXTI4_15_IRQHandler
                0x0000000008001338                USART3_8_IRQHandler
                0x0000000008001338                Default_Handler
                0x0000000008001338                TIM14_IRQHandler
                0x0000000008001338                TIM7_IRQHandler
                0x0000000008001338                TIM15_IRQHandler
                0x0000000008001338                EXTI0_1_IRQHandler
                0x0000000008001338                SPI2_IRQHandler
                0x0000000008001338                DMA1_Ch2_3_DMA2_Ch1_2_IRQHandler
                0x0000000008001338                DMA1_Ch4_7_DMA2_Ch3_5_IRQHandler
                0x0000000008001338                WWDG_IRQHandler
                0x0000000008001338                USART2_IRQHandler
                0x0000000008001338                FLASH_IRQHandler
                0x0000000008001338                USART1_IRQHandler
                0x0000000008001338                TIM1_BRK_UP_TRG_COM_IRQHandler
 *fill*         0x000000000800133a        0x2 
 .text.__libc_init_array
                0x000000000800133c       0x48 /opt/gcc-arm-none-eabi-7-2018-q2-update/bin/../lib/gcc/arm-none-eabi/7.3.1/../../../../arm-none-eabi/lib/thumb/v6-m/libc_nano.a(lib_a-init.o)
                0x000000000800133c                __libc_init_array
 *(.glue_7)
 .glue_7        0x0000000008001384        0x0 linker stubs
 *(.glue_7t)
 .glue_7t       0x0000000008001384        0x0 linker stubs
 *(.eh_frame)
 .eh_frame      0x0000000008001384        0x0 /opt/gcc-arm-none-eabi-7-2018-q2-update/bin/../lib/gcc/arm-none-eabi/7.3.1/thumb/v6-m/crtbegin.o
 *(.init)
 .init          0x0000000008001384        0x4 /opt/gcc-arm-none-eabi-7-2018-q2-update/bin/../lib/gcc/arm-none-eabi/7.3.1/thumb/v6-m/crti.o
                0x0000000008001384                _init
 .init          0x0000000008001388        0x8 /opt/gcc-arm-none-eabi-7-2018-q2-update/bin/../lib/gcc/arm-none-eabi/7.3.1/thumb/v6-m/crtn.o
 *(.fini)
 .fini          0x0000000008001390        0x4 /opt/gcc-arm-none-eabi-7-2018-q2-update/bin/../lib/gcc/arm-none-eabi/7.3.1/thumb/v6-m/crti.o
                0x0000000008001390                _fini
 .fini          0x0000000008001394        0x8 /opt/gcc-arm-none-eabi-7-2018-q2-update/bin/../lib/gcc/arm-none-eabi/7.3.1/thumb/v6-m/crtn.o
                0x000000000800139c                . = ALIGN (0x4)
                0x000000000800139c                _etext = .

.vfp11_veneer   0x000000000800139c        0x0
 .vfp11_veneer  0x000000000800139c        0x0 linker stubs

.v4_bx          0x000000000800139c        0x0
 .v4_bx         0x000000000800139c        0x0 linker stubs

.iplt           0x000000000800139c        0x0
 .iplt          0x000000000800139c        0x0 /opt/gcc-arm-none-eabi-7-2018-q2-update/bin/../lib/gcc/arm-none-eabi/7.3.1/thumb/v6-m/crtbegin.o

.rodata         0x000000000800139c       0x38
                0x000000000800139c                . = ALIGN (0x4)
 *(.rodata)
 .rodata        0x000000000800139c       0x20 build/stm32f0xx_hal_rcc.o
 *(.rodata*)
 .rodata.AHBPrescTable
                0x00000000080013bc       0x10 build/system_stm32f0xx.o
                0x00000000080013bc                AHBPrescTable
 .rodata.APBPrescTable
                0x00000000080013cc        0x8 build/system_stm32f0xx.o
                0x00000000080013cc                APBPrescTable
                0x00000000080013d4                . = ALIGN (0x4)

.rel.dyn        0x00000000080013d4        0x0
 .rel.iplt      0x00000000080013d4        0x0 /opt/gcc-arm-none-eabi-7-2018-q2-update/bin/../lib/gcc/arm-none-eabi/7.3.1/thumb/v6-m/crtbegin.o

.ARM.extab
 *(.ARM.extab* .gnu.linkonce.armextab.*)

.ARM            0x00000000080013d4        0x0
                0x00000000080013d4                __exidx_start = .
 *(.ARM.exidx*)
                0x00000000080013d4                __exidx_end = .

.preinit_array  0x00000000080013d4        0x0
                0x00000000080013d4                PROVIDE (__preinit_array_start = .)
 *(.preinit_array*)
                0x00000000080013d4                PROVIDE (__preinit_array_end = .)

.init_array     0x00000000080013d4        0x4
                0x00000000080013d4                PROVIDE (__init_array_start = .)
 *(SORT_BY_NAME(.init_array.*))
 *(.init_array*)
 .init_array    0x00000000080013d4        0x4 /opt/gcc-arm-none-eabi-7-2018-q2-update/bin/../lib/gcc/arm-none-eabi/7.3.1/thumb/v6-m/crtbegin.o
                0x00000000080013d8                PROVIDE (__init_array_end = .)

.fini_array     0x00000000080013d8        0x4
                [!provide]                        PROVIDE (__fini_array_start = .)
 *(SORT_BY_NAME(.fini_array.*))
 *(.fini_array*)
 .fini_array    0x00000000080013d8        0x4 /opt/gcc-arm-none-eabi-7-2018-q2-update/bin/../lib/gcc/arm-none-eabi/7.3.1/thumb/v6-m/crtbegin.o
                [!provide]                        PROVIDE (__fini_array_end = .)
                0x00000000080013dc                _sidata = LOADADDR (.data)

.data           0x0000000020000000        0x8 load address 0x00000000080013dc
                0x0000000020000000                . = ALIGN (0x4)
                0x0000000020000000                _sdata = .
 *(.data)
 *(.data*)
 .data.uwTickFreq
                0x0000000020000000        0x1 build/stm32f0xx_hal.o
                0x0000000020000000                uwTickFreq
 *fill*         0x0000000020000001        0x3 
 .data.SystemCoreClock
                0x0000000020000004        0x4 build/system_stm32f0xx.o
                0x0000000020000004                SystemCoreClock
                0x0000000020000008                . = ALIGN (0x4)
                0x0000000020000008                _edata = .

.igot.plt       0x0000000020000008        0x0 load address 0x00000000080013e4
 .igot.plt      0x0000000020000008        0x0 /opt/gcc-arm-none-eabi-7-2018-q2-update/bin/../lib/gcc/arm-none-eabi/7.3.1/thumb/v6-m/crtbegin.o
                0x0000000020000008                . = ALIGN (0x4)

.bss            0x0000000020000008      0x504 load address 0x00000000080013e4
                0x0000000020000008                _sbss = .
                0x0000000020000008                __bss_start__ = _sbss
 *(.bss)
 .bss           0x0000000020000008       0x1c /opt/gcc-arm-none-eabi-7-2018-q2-update/bin/../lib/gcc/arm-none-eabi/7.3.1/thumb/v6-m/crtbegin.o
 *(.bss*)
 .bss.GPIO_InitStruct
                0x0000000020000024       0x14 build/main.o
 .bss.pxCurrentTCB
                0x0000000020000038        0x4 build/tasks.o
                0x0000000020000038                pxCurrentTCB
 .bss.pxDelayedTaskList
                0x000000002000003c        0x4 build/tasks.o
 .bss.pxOverflowDelayedTaskList
                0x0000000020000040        0x4 build/tasks.o
 .bss.pxReadyTasksLists
                0x0000000020000044      0x460 build/tasks.o
 .bss.uxPendedTicks
                0x00000000200004a4        0x4 build/tasks.o
 .bss.uxSchedulerSuspended
                0x00000000200004a8        0x4 build/tasks.o
 .bss.uxTopReadyPriority
                0x00000000200004ac        0x4 build/tasks.o
 .bss.xNextTaskUnblockTime
                0x00000000200004b0        0x4 build/tasks.o
 .bss.xNumOfOverflows
                0x00000000200004b4        0x4 build/tasks.o
 .bss.xTickCount
                0x00000000200004b8        0x4 build/tasks.o
 .bss.xYieldPending
                0x00000000200004bc        0x4 build/tasks.o
 *(COMMON)
 COMMON         0x00000000200004c0       0x48 build/stm32f0xx_hal_timebase_tim.o
                0x00000000200004c0                htim2
 COMMON         0x0000000020000508        0x4 build/stm32f0xx_hal.o
                0x0000000020000508                uwTick
                0x000000002000050c                . = ALIGN (0x4)
                0x000000002000050c                _ebss = .
                0x000000002000050c                __bss_end__ = _ebss

._user_heap_stack
                0x000000002000050c      0x604 load address 0x00000000080013e4
                0x0000000020000510                . = ALIGN (0x8)
 *fill*         0x000000002000050c        0x4 
                [!provide]                        PROVIDE (end = .)
                [!provide]                        PROVIDE (_end = .)
                0x0000000020000710                . = (. + _Min_Heap_Size)
 *fill*         0x0000000020000510      0x200 
                0x0000000020000b10                . = (. + _Min_Stack_Size)
 *fill*         0x0000000020000710      0x400 
                0x0000000020000b10                . = ALIGN (0x8)

/DISCARD/
 libc.a(*)
 libm.a(*)
 libgcc.a(*)

.ARM.attributes
                0x0000000000000000       0x28
 *(.ARM.attributes)
 .ARM.attributes
                0x0000000000000000       0x1e /opt/gcc-arm-none-eabi-7-2018-q2-update/bin/../lib/gcc/arm-none-eabi/7.3.1/thumb/v6-m/crti.o
 .ARM.attributes
                0x000000000000001e       0x2c /opt/gcc-arm-none-eabi-7-2018-q2-update/bin/../lib/gcc/arm-none-eabi/7.3.1/thumb/v6-m/crtbegin.o
 .ARM.attributes
                0x000000000000004a       0x31 build/main.o
 .ARM.attributes
                0x000000000000007b       0x31 build/stm32f0xx_it.o
 .ARM.attributes
                0x00000000000000ac       0x31 build/stm32f0xx_hal_msp.o
 .ARM.attributes
                0x00000000000000dd       0x31 build/stm32f0xx_hal_timebase_tim.o
 .ARM.attributes
                0x000000000000010e       0x31 build/stm32f0xx_hal_rcc.o
 .ARM.attributes
                0x000000000000013f       0x31 build/stm32f0xx_hal.o
 .ARM.attributes
                0x0000000000000170       0x31 build/stm32f0xx_hal_gpio.o
 .ARM.attributes
                0x00000000000001a1       0x31 build/stm32f0xx_hal_cortex.o
 .ARM.attributes
                0x00000000000001d2       0x31 build/stm32f0xx_hal_tim.o
 .ARM.attributes
                0x0000000000000203       0x31 build/stm32f0xx_hal_tim_ex.o
 .ARM.attributes
                0x0000000000000234       0x31 build/system_stm32f0xx.o
 .ARM.attributes
                0x0000000000000265       0x31 build/list.o
 .ARM.attributes
                0x0000000000000296       0x31 build/tasks.o
 .ARM.attributes
                0x00000000000002c7       0x31 build/port.o
 .ARM.attributes
                0x00000000000002f8       0x21 build/startup_stm32f091xc.o
 .ARM.attributes
                0x0000000000000319       0x2c /opt/gcc-arm-none-eabi-7-2018-q2-update/bin/../lib/gcc/arm-none-eabi/7.3.1/../../../../arm-none-eabi/lib/thumb/v6-m/libc_nano.a(lib_a-init.o)
 .ARM.attributes
                0x0000000000000345       0x1e /opt/gcc-arm-none-eabi-7-2018-q2-update/bin/../lib/gcc/arm-none-eabi/7.3.1/thumb/v6-m/libgcc.a(_udivsi3.o)
 .ARM.attributes
                0x0000000000000363       0x1e /opt/gcc-arm-none-eabi-7-2018-q2-update/bin/../lib/gcc/arm-none-eabi/7.3.1/thumb/v6-m/libgcc.a(_dvmd_tls.o)
 .ARM.attributes
                0x0000000000000381       0x1e /opt/gcc-arm-none-eabi-7-2018-q2-update/bin/../lib/gcc/arm-none-eabi/7.3.1/thumb/v6-m/crtn.o
OUTPUT(build/NuceoF0_CMk.elf elf32-littlearm)

.debug_info     0x0000000000000000     0xd309
 .debug_info    0x0000000000000000      0x6a9 build/main.o
 .debug_info    0x00000000000006a9      0x78e build/stm32f0xx_it.o
 .debug_info    0x0000000000000e37      0x3a0 build/stm32f0xx_hal_msp.o
 .debug_info    0x00000000000011d7      0xb04 build/stm32f0xx_hal_timebase_tim.o
 .debug_info    0x0000000000001cdb      0xade build/stm32f0xx_hal_rcc.o
 .debug_info    0x00000000000027b9      0x7ee build/stm32f0xx_hal.o
 .debug_info    0x0000000000002fa7      0x756 build/stm32f0xx_hal_gpio.o
 .debug_info    0x00000000000036fd      0x8b1 build/stm32f0xx_hal_cortex.o
 .debug_info    0x0000000000003fae     0x3833 build/stm32f0xx_hal_tim.o
 .debug_info    0x00000000000077e1     0x18fb build/stm32f0xx_hal_tim_ex.o
 .debug_info    0x00000000000090dc      0x2d3 build/system_stm32f0xx.o
 .debug_info    0x00000000000093af      0xbe1 build/list.o
 .debug_info    0x0000000000009f90     0x3042 build/tasks.o
 .debug_info    0x000000000000cfd2      0x315 build/port.o
 .debug_info    0x000000000000d2e7       0x22 build/startup_stm32f091xc.o

.debug_abbrev   0x0000000000000000     0x1d07
 .debug_abbrev  0x0000000000000000      0x1af build/main.o
 .debug_abbrev  0x00000000000001af      0x178 build/stm32f0xx_it.o
 .debug_abbrev  0x0000000000000327      0x133 build/stm32f0xx_hal_msp.o
 .debug_abbrev  0x000000000000045a      0x202 build/stm32f0xx_hal_timebase_tim.o
 .debug_abbrev  0x000000000000065c      0x269 build/stm32f0xx_hal_rcc.o
 .debug_abbrev  0x00000000000008c5      0x209 build/stm32f0xx_hal.o
 .debug_abbrev  0x0000000000000ace      0x220 build/stm32f0xx_hal_gpio.o
 .debug_abbrev  0x0000000000000cee      0x279 build/stm32f0xx_hal_cortex.o
 .debug_abbrev  0x0000000000000f67      0x286 build/stm32f0xx_hal_tim.o
 .debug_abbrev  0x00000000000011ed      0x26d build/stm32f0xx_hal_tim_ex.o
 .debug_abbrev  0x000000000000145a      0x12a build/system_stm32f0xx.o
 .debug_abbrev  0x0000000000001584      0x21e build/list.o
 .debug_abbrev  0x00000000000017a2      0x385 build/tasks.o
 .debug_abbrev  0x0000000000001b27      0x1ce build/port.o
 .debug_abbrev  0x0000000000001cf5       0x12 build/startup_stm32f091xc.o

.debug_loc      0x0000000000000000     0xabce
 .debug_loc     0x0000000000000000       0x59 build/main.o
 .debug_loc     0x0000000000000059       0x20 build/stm32f0xx_it.o
 .debug_loc     0x0000000000000079       0x2c build/stm32f0xx_hal_msp.o
 .debug_loc     0x00000000000000a5       0xa5 build/stm32f0xx_hal_timebase_tim.o
 .debug_loc     0x000000000000014a      0x61b build/stm32f0xx_hal_rcc.o
 .debug_loc     0x0000000000000765      0x1bb build/stm32f0xx_hal.o
 .debug_loc     0x0000000000000920      0x385 build/stm32f0xx_hal_gpio.o
 .debug_loc     0x0000000000000ca5      0x3f7 build/stm32f0xx_hal_cortex.o
 .debug_loc     0x000000000000109c     0x525f build/stm32f0xx_hal_tim.o
 .debug_loc     0x00000000000062fb     0x2061 build/stm32f0xx_hal_tim_ex.o
 .debug_loc     0x000000000000835c      0x14b build/system_stm32f0xx.o
 .debug_loc     0x00000000000084a7       0x90 build/list.o
 .debug_loc     0x0000000000008537     0x2551 build/tasks.o
 .debug_loc     0x000000000000aa88      0x146 build/port.o

.debug_aranges  0x0000000000000000      0xb18
 .debug_aranges
                0x0000000000000000       0x30 build/main.o
 .debug_aranges
                0x0000000000000030       0x30 build/stm32f0xx_it.o
 .debug_aranges
                0x0000000000000060       0x20 build/stm32f0xx_hal_msp.o
 .debug_aranges
                0x0000000000000080       0x30 build/stm32f0xx_hal_timebase_tim.o
 .debug_aranges
                0x00000000000000b0       0x80 build/stm32f0xx_hal_rcc.o
 .debug_aranges
                0x0000000000000130       0xd0 build/stm32f0xx_hal.o
 .debug_aranges
                0x0000000000000200       0x58 build/stm32f0xx_hal_gpio.o
 .debug_aranges
                0x0000000000000258       0x78 build/stm32f0xx_hal_cortex.o
 .debug_aranges
                0x00000000000002d0      0x3d0 build/stm32f0xx_hal_tim.o
 .debug_aranges
                0x00000000000006a0      0x168 build/stm32f0xx_hal_tim_ex.o
 .debug_aranges
                0x0000000000000808       0x28 build/system_stm32f0xx.o
 .debug_aranges
                0x0000000000000830       0x40 build/list.o
 .debug_aranges
                0x0000000000000870      0x1f8 build/tasks.o
 .debug_aranges
                0x0000000000000a68       0x88 build/port.o
 .debug_aranges
                0x0000000000000af0       0x28 build/startup_stm32f091xc.o

.debug_ranges   0x0000000000000000      0xb88
 .debug_ranges  0x0000000000000000       0x20 build/main.o
 .debug_ranges  0x0000000000000020       0x20 build/stm32f0xx_it.o
 .debug_ranges  0x0000000000000040       0x10 build/stm32f0xx_hal_msp.o
 .debug_ranges  0x0000000000000050       0x20 build/stm32f0xx_hal_timebase_tim.o
 .debug_ranges  0x0000000000000070       0x88 build/stm32f0xx_hal_rcc.o
 .debug_ranges  0x00000000000000f8       0xc0 build/stm32f0xx_hal.o
 .debug_ranges  0x00000000000001b8       0x48 build/stm32f0xx_hal_gpio.o
 .debug_ranges  0x0000000000000200       0xc8 build/stm32f0xx_hal_cortex.o
 .debug_ranges  0x00000000000002c8      0x3c0 build/stm32f0xx_hal_tim.o
 .debug_ranges  0x0000000000000688      0x158 build/stm32f0xx_hal_tim_ex.o
 .debug_ranges  0x00000000000007e0       0x18 build/system_stm32f0xx.o
 .debug_ranges  0x00000000000007f8       0x30 build/list.o
 .debug_ranges  0x0000000000000828      0x2c8 build/tasks.o
 .debug_ranges  0x0000000000000af0       0x78 build/port.o
 .debug_ranges  0x0000000000000b68       0x20 build/startup_stm32f091xc.o

.debug_line     0x0000000000000000     0x5897
 .debug_line    0x0000000000000000      0x200 build/main.o
 .debug_line    0x0000000000000200      0x1d9 build/stm32f0xx_it.o
 .debug_line    0x00000000000003d9      0x194 build/stm32f0xx_hal_msp.o
 .debug_line    0x000000000000056d      0x227 build/stm32f0xx_hal_timebase_tim.o
 .debug_line    0x0000000000000794      0x4bc build/stm32f0xx_hal_rcc.o
 .debug_line    0x0000000000000c50      0x391 build/stm32f0xx_hal.o
 .debug_line    0x0000000000000fe1      0x30f build/stm32f0xx_hal_gpio.o
 .debug_line    0x00000000000012f0      0x348 build/stm32f0xx_hal_cortex.o
 .debug_line    0x0000000000001638     0x1e2a build/stm32f0xx_hal_tim.o
 .debug_line    0x0000000000003462      0xe78 build/stm32f0xx_hal_tim_ex.o
 .debug_line    0x00000000000042da      0x1a4 build/system_stm32f0xx.o
 .debug_line    0x000000000000447e      0x2e1 build/list.o
 .debug_line    0x000000000000475f      0xe0f build/tasks.o
 .debug_line    0x000000000000556e      0x2b2 build/port.o
 .debug_line    0x0000000000005820       0x77 build/startup_stm32f091xc.o

.debug_str      0x0000000000000000     0x3df9
 .debug_str     0x0000000000000000      0x490 build/main.o
                                        0x4e3 (size before relaxing)
 .debug_str     0x0000000000000490      0x4b8 build/stm32f0xx_it.o
                                        0x735 (size before relaxing)
 .debug_str     0x0000000000000948      0x216 build/stm32f0xx_hal_msp.o
                                        0x487 (size before relaxing)
 .debug_str     0x0000000000000b5e      0x103 build/stm32f0xx_hal_timebase_tim.o
                                        0xa9d (size before relaxing)
 .debug_str     0x0000000000000c61      0x1d7 build/stm32f0xx_hal_rcc.o
                                        0x6aa (size before relaxing)
 .debug_str     0x0000000000000e38      0x1bb build/stm32f0xx_hal.o
                                        0x6f8 (size before relaxing)
 .debug_str     0x0000000000000ff3      0x138 build/stm32f0xx_hal_gpio.o
                                        0x4aa (size before relaxing)
 .debug_str     0x000000000000112b      0x26b build/stm32f0xx_hal_cortex.o
                                        0x6e2 (size before relaxing)
 .debug_str     0x0000000000001396      0xf03 build/stm32f0xx_hal_tim.o
                                       0x16dd (size before relaxing)
 .debug_str     0x0000000000002299      0x5ba build/stm32f0xx_hal_tim_ex.o
                                        0xf07 (size before relaxing)
 .debug_str     0x0000000000002853       0x57 build/system_stm32f0xx.o
                                        0x2c1 (size before relaxing)
 .debug_str     0x00000000000028aa      0x52a build/list.o
                                        0x6c1 (size before relaxing)
 .debug_str     0x0000000000002dd4      0xf1f build/tasks.o
                                       0x15f9 (size before relaxing)
 .debug_str     0x0000000000003cf3       0xe2 build/port.o
                                        0x36d (size before relaxing)
 .debug_str     0x0000000000003dd5       0x24 build/startup_stm32f091xc.o
                                         0x42 (size before relaxing)

.comment        0x0000000000000000       0x7f
 .comment       0x0000000000000000       0x7f build/main.o
                                         0x80 (size before relaxing)
 .comment       0x000000000000007f       0x80 build/stm32f0xx_it.o
 .comment       0x000000000000007f       0x80 build/stm32f0xx_hal_msp.o
 .comment       0x000000000000007f       0x80 build/stm32f0xx_hal_timebase_tim.o
 .comment       0x000000000000007f       0x80 build/stm32f0xx_hal_rcc.o
 .comment       0x000000000000007f       0x80 build/stm32f0xx_hal.o
 .comment       0x000000000000007f       0x80 build/stm32f0xx_hal_gpio.o
 .comment       0x000000000000007f       0x80 build/stm32f0xx_hal_cortex.o
 .comment       0x000000000000007f       0x80 build/stm32f0xx_hal_tim.o
 .comment       0x000000000000007f       0x80 build/stm32f0xx_hal_tim_ex.o
 .comment       0x000000000000007f       0x80 build/system_stm32f0xx.o
 .comment       0x000000000000007f       0x80 build/list.o
 .comment       0x000000000000007f       0x80 build/tasks.o
 .comment       0x000000000000007f       0x80 build/port.o

.debug_frame    0x0000000000000000     0x1f54
 .debug_frame   0x0000000000000000       0x5c build/main.o
 .debug_frame   0x000000000000005c       0x4c build/stm32f0xx_it.o
 .debug_frame   0x00000000000000a8       0x2c build/stm32f0xx_hal_msp.o
 .debug_frame   0x00000000000000d4       0x4c build/stm32f0xx_hal_timebase_tim.o
 .debug_frame   0x0000000000000120      0x15c build/stm32f0xx_hal_rcc.o
 .debug_frame   0x000000000000027c      0x1c0 build/stm32f0xx_hal.o
 .debug_frame   0x000000000000043c       0xdc build/stm32f0xx_hal_gpio.o
 .debug_frame   0x0000000000000518       0xec build/stm32f0xx_hal_cortex.o
 .debug_frame   0x0000000000000604      0xbf0 build/stm32f0xx_hal_tim.o
 .debug_frame   0x00000000000011f4      0x488 build/stm32f0xx_hal_tim_ex.o
 .debug_frame   0x000000000000167c       0x3c build/system_stm32f0xx.o
 .debug_frame   0x00000000000016b8       0x6c build/list.o
 .debug_frame   0x0000000000001724      0x6c0 build/tasks.o
 .debug_frame   0x0000000000001de4      0x124 build/port.o
 .debug_frame   0x0000000000001f08       0x2c /opt/gcc-arm-none-eabi-7-2018-q2-update/bin/../lib/gcc/arm-none-eabi/7.3.1/../../../../arm-none-eabi/lib/thumb/v6-m/libc_nano.a(lib_a-init.o)
 .debug_frame   0x0000000000001f34       0x20 /opt/gcc-arm-none-eabi-7-2018-q2-update/bin/../lib/gcc/arm-none-eabi/7.3.1/thumb/v6-m/libgcc.a(_udivsi3.o)

Cross Reference Table

Symbol                                            File
ADC1_COMP_IRQHandler                              build/startup_stm32f091xc.o
AHBPrescTable                                     build/system_stm32f0xx.o
                                                  build/stm32f0xx_hal_rcc.o
APBPrescTable                                     build/system_stm32f0xx.o
                                                  build/stm32f0xx_hal_rcc.o
BSP_GetVersion                                    build/stm32f0xx_nucleo.o
BSP_LED_DeInit                                    build/stm32f0xx_nucleo.o
BSP_LED_Init                                      build/stm32f0xx_nucleo.o
BSP_LED_Off                                       build/stm32f0xx_nucleo.o
BSP_LED_On                                        build/stm32f0xx_nucleo.o
BSP_LED_Toggle                                    build/stm32f0xx_nucleo.o
BSP_PB_DeInit                                     build/stm32f0xx_nucleo.o
BSP_PB_GetState                                   build/stm32f0xx_nucleo.o
BSP_PB_Init                                       build/stm32f0xx_nucleo.o
BUTTON_IRQn                                       build/stm32f0xx_nucleo.o
BUTTON_PIN                                        build/stm32f0xx_nucleo.o
BUTTON_PORT                                       build/stm32f0xx_nucleo.o
CEC_CAN_IRQHandler                                build/startup_stm32f091xc.o
DMA1_Ch1_IRQHandler                               build/startup_stm32f091xc.o
DMA1_Ch2_3_DMA2_Ch1_2_IRQHandler                  build/startup_stm32f091xc.o
DMA1_Ch4_7_DMA2_Ch3_5_IRQHandler                  build/startup_stm32f091xc.o
Default_Handler                                   build/startup_stm32f091xc.o
EXTI0_1_IRQHandler                                build/startup_stm32f091xc.o
EXTI2_3_IRQHandler                                build/startup_stm32f091xc.o
EXTI4_15_IRQHandler                               build/startup_stm32f091xc.o
FLASH_IRQHandler                                  build/startup_stm32f091xc.o
FLASH_PageErase                                   build/stm32f0xx_hal_flash_ex.o
                                                  build/stm32f0xx_hal_flash.o
FLASH_WaitForLastOperation                        build/stm32f0xx_hal_flash.o
                                                  build/stm32f0xx_hal_flash_ex.o
HAL_DBGMCU_DisableDBGStandbyMode                  build/stm32f0xx_hal.o
HAL_DBGMCU_DisableDBGStopMode                     build/stm32f0xx_hal.o
HAL_DBGMCU_EnableDBGStandbyMode                   build/stm32f0xx_hal.o
HAL_DBGMCU_EnableDBGStopMode                      build/stm32f0xx_hal.o
HAL_DMA_Abort                                     build/stm32f0xx_hal_dma.o
HAL_DMA_Abort_IT                                  build/stm32f0xx_hal_dma.o
                                                  build/stm32f0xx_hal_tim_ex.o
                                                  build/stm32f0xx_hal_tim.o
                                                  build/stm32f0xx_hal_i2c.o
HAL_DMA_DeInit                                    build/stm32f0xx_hal_dma.o
HAL_DMA_GetError                                  build/stm32f0xx_hal_dma.o
HAL_DMA_GetState                                  build/stm32f0xx_hal_dma.o
                                                  build/stm32f0xx_hal_i2c.o
HAL_DMA_IRQHandler                                build/stm32f0xx_hal_dma.o
HAL_DMA_Init                                      build/stm32f0xx_hal_dma.o
HAL_DMA_PollForTransfer                           build/stm32f0xx_hal_dma.o
HAL_DMA_RegisterCallback                          build/stm32f0xx_hal_dma.o
HAL_DMA_Start                                     build/stm32f0xx_hal_dma.o
HAL_DMA_Start_IT                                  build/stm32f0xx_hal_dma.o
                                                  build/stm32f0xx_hal_tim_ex.o
                                                  build/stm32f0xx_hal_tim.o
                                                  build/stm32f0xx_hal_i2c.o
HAL_DMA_UnRegisterCallback                        build/stm32f0xx_hal_dma.o
HAL_DeInit                                        build/stm32f0xx_hal.o
HAL_Delay                                         build/stm32f0xx_hal.o
                                                  build/main.o
HAL_EXTI_ClearConfigLine                          build/stm32f0xx_hal_exti.o
HAL_EXTI_ClearPending                             build/stm32f0xx_hal_exti.o
HAL_EXTI_GenerateSWI                              build/stm32f0xx_hal_exti.o
HAL_EXTI_GetConfigLine                            build/stm32f0xx_hal_exti.o
HAL_EXTI_GetHandle                                build/stm32f0xx_hal_exti.o
HAL_EXTI_GetPending                               build/stm32f0xx_hal_exti.o
HAL_EXTI_IRQHandler                               build/stm32f0xx_hal_exti.o
HAL_EXTI_RegisterCallback                         build/stm32f0xx_hal_exti.o
HAL_EXTI_SetConfigLine                            build/stm32f0xx_hal_exti.o
HAL_FLASHEx_Erase                                 build/stm32f0xx_hal_flash_ex.o
HAL_FLASHEx_Erase_IT                              build/stm32f0xx_hal_flash_ex.o
HAL_FLASHEx_OBErase                               build/stm32f0xx_hal_flash_ex.o
HAL_FLASHEx_OBGetConfig                           build/stm32f0xx_hal_flash_ex.o
HAL_FLASHEx_OBGetUserData                         build/stm32f0xx_hal_flash_ex.o
HAL_FLASHEx_OBProgram                             build/stm32f0xx_hal_flash_ex.o
HAL_FLASH_EndOfOperationCallback                  build/stm32f0xx_hal_flash.o
HAL_FLASH_GetError                                build/stm32f0xx_hal_flash.o
HAL_FLASH_IRQHandler                              build/stm32f0xx_hal_flash.o
HAL_FLASH_Lock                                    build/stm32f0xx_hal_flash.o
HAL_FLASH_OB_Launch                               build/stm32f0xx_hal_flash.o
HAL_FLASH_OB_Lock                                 build/stm32f0xx_hal_flash.o
HAL_FLASH_OB_Unlock                               build/stm32f0xx_hal_flash.o
HAL_FLASH_OperationErrorCallback                  build/stm32f0xx_hal_flash.o
HAL_FLASH_Program                                 build/stm32f0xx_hal_flash.o
HAL_FLASH_Program_IT                              build/stm32f0xx_hal_flash.o
HAL_FLASH_Unlock                                  build/stm32f0xx_hal_flash.o
HAL_GPIO_DeInit                                   build/stm32f0xx_hal_gpio.o
                                                  build/stm32f0xx_nucleo.o
HAL_GPIO_EXTI_Callback                            build/stm32f0xx_hal_gpio.o
HAL_GPIO_EXTI_IRQHandler                          build/stm32f0xx_hal_gpio.o
HAL_GPIO_Init                                     build/stm32f0xx_hal_gpio.o
                                                  build/stm32f0xx_hal_rcc.o
                                                  build/stm32f0xx_nucleo.o
                                                  build/main.o
HAL_GPIO_LockPin                                  build/stm32f0xx_hal_gpio.o
HAL_GPIO_ReadPin                                  build/stm32f0xx_hal_gpio.o
                                                  build/stm32f0xx_nucleo.o
HAL_GPIO_TogglePin                                build/stm32f0xx_hal_gpio.o
                                                  build/stm32f0xx_nucleo.o
HAL_GPIO_WritePin                                 build/stm32f0xx_hal_gpio.o
                                                  build/stm32f0xx_nucleo.o
                                                  build/main.o
HAL_GetDEVID                                      build/stm32f0xx_hal.o
HAL_GetHalVersion                                 build/stm32f0xx_hal.o
HAL_GetREVID                                      build/stm32f0xx_hal.o
HAL_GetTick                                       build/stm32f0xx_hal.o
                                                  build/stm32f0xx_hal_flash.o
                                                  build/stm32f0xx_hal_dma.o
                                                  build/stm32f0xx_hal_i2c.o
                                                  build/stm32f0xx_hal_rcc_ex.o
                                                  build/stm32f0xx_hal_rcc.o
HAL_GetTickFreq                                   build/stm32f0xx_hal.o
HAL_GetTickPrio                                   build/stm32f0xx_hal.o
HAL_GetUIDw0                                      build/stm32f0xx_hal.o
HAL_GetUIDw1                                      build/stm32f0xx_hal.o
HAL_GetUIDw2                                      build/stm32f0xx_hal.o
HAL_I2CEx_ConfigAnalogFilter                      build/stm32f0xx_hal_i2c_ex.o
HAL_I2CEx_ConfigDigitalFilter                     build/stm32f0xx_hal_i2c_ex.o
HAL_I2CEx_DisableFastModePlus                     build/stm32f0xx_hal_i2c_ex.o
HAL_I2CEx_DisableWakeUp                           build/stm32f0xx_hal_i2c_ex.o
HAL_I2CEx_EnableFastModePlus                      build/stm32f0xx_hal_i2c_ex.o
HAL_I2CEx_EnableWakeUp                            build/stm32f0xx_hal_i2c_ex.o
HAL_I2C_AbortCpltCallback                         build/stm32f0xx_hal_i2c.o
HAL_I2C_AddrCallback                              build/stm32f0xx_hal_i2c.o
HAL_I2C_DeInit                                    build/stm32f0xx_hal_i2c.o
HAL_I2C_DisableListen_IT                          build/stm32f0xx_hal_i2c.o
HAL_I2C_ER_IRQHandler                             build/stm32f0xx_hal_i2c.o
HAL_I2C_EV_IRQHandler                             build/stm32f0xx_hal_i2c.o
HAL_I2C_EnableListen_IT                           build/stm32f0xx_hal_i2c.o
HAL_I2C_ErrorCallback                             build/stm32f0xx_hal_i2c.o
HAL_I2C_GetError                                  build/stm32f0xx_hal_i2c.o
HAL_I2C_GetMode                                   build/stm32f0xx_hal_i2c.o
HAL_I2C_GetState                                  build/stm32f0xx_hal_i2c.o
HAL_I2C_Init                                      build/stm32f0xx_hal_i2c.o
HAL_I2C_IsDeviceReady                             build/stm32f0xx_hal_i2c.o
HAL_I2C_ListenCpltCallback                        build/stm32f0xx_hal_i2c.o
HAL_I2C_MasterRxCpltCallback                      build/stm32f0xx_hal_i2c.o
HAL_I2C_MasterTxCpltCallback                      build/stm32f0xx_hal_i2c.o
HAL_I2C_Master_Abort_IT                           build/stm32f0xx_hal_i2c.o
HAL_I2C_Master_Receive                            build/stm32f0xx_hal_i2c.o
HAL_I2C_Master_Receive_DMA                        build/stm32f0xx_hal_i2c.o
HAL_I2C_Master_Receive_IT                         build/stm32f0xx_hal_i2c.o
HAL_I2C_Master_Seq_Receive_DMA                    build/stm32f0xx_hal_i2c.o
HAL_I2C_Master_Seq_Receive_IT                     build/stm32f0xx_hal_i2c.o
HAL_I2C_Master_Seq_Transmit_DMA                   build/stm32f0xx_hal_i2c.o
HAL_I2C_Master_Seq_Transmit_IT                    build/stm32f0xx_hal_i2c.o
HAL_I2C_Master_Transmit                           build/stm32f0xx_hal_i2c.o
HAL_I2C_Master_Transmit_DMA                       build/stm32f0xx_hal_i2c.o
HAL_I2C_Master_Transmit_IT                        build/stm32f0xx_hal_i2c.o
HAL_I2C_MemRxCpltCallback                         build/stm32f0xx_hal_i2c.o
HAL_I2C_MemTxCpltCallback                         build/stm32f0xx_hal_i2c.o
HAL_I2C_Mem_Read                                  build/stm32f0xx_hal_i2c.o
HAL_I2C_Mem_Read_DMA                              build/stm32f0xx_hal_i2c.o
HAL_I2C_Mem_Read_IT                               build/stm32f0xx_hal_i2c.o
HAL_I2C_Mem_Write                                 build/stm32f0xx_hal_i2c.o
HAL_I2C_Mem_Write_DMA                             build/stm32f0xx_hal_i2c.o
HAL_I2C_Mem_Write_IT                              build/stm32f0xx_hal_i2c.o
HAL_I2C_MspDeInit                                 build/stm32f0xx_hal_i2c.o
HAL_I2C_MspInit                                   build/stm32f0xx_hal_i2c.o
HAL_I2C_SlaveRxCpltCallback                       build/stm32f0xx_hal_i2c.o
HAL_I2C_SlaveTxCpltCallback                       build/stm32f0xx_hal_i2c.o
HAL_I2C_Slave_Receive                             build/stm32f0xx_hal_i2c.o
HAL_I2C_Slave_Receive_DMA                         build/stm32f0xx_hal_i2c.o
HAL_I2C_Slave_Receive_IT                          build/stm32f0xx_hal_i2c.o
HAL_I2C_Slave_Seq_Receive_DMA                     build/stm32f0xx_hal_i2c.o
HAL_I2C_Slave_Seq_Receive_IT                      build/stm32f0xx_hal_i2c.o
HAL_I2C_Slave_Seq_Transmit_DMA                    build/stm32f0xx_hal_i2c.o
HAL_I2C_Slave_Seq_Transmit_IT                     build/stm32f0xx_hal_i2c.o
HAL_I2C_Slave_Transmit                            build/stm32f0xx_hal_i2c.o
HAL_I2C_Slave_Transmit_DMA                        build/stm32f0xx_hal_i2c.o
HAL_I2C_Slave_Transmit_IT                         build/stm32f0xx_hal_i2c.o
HAL_IncTick                                       build/stm32f0xx_hal.o
HAL_Init                                          build/stm32f0xx_hal.o
                                                  build/main.o
HAL_InitTick                                      build/stm32f0xx_hal_timebase_tim.o
                                                  build/stm32f0xx_hal_rcc.o
HAL_MspDeInit                                     build/stm32f0xx_hal.o
HAL_MspInit                                       build/stm32f0xx_hal_msp.o
HAL_NVIC_ClearPendingIRQ                          build/stm32f0xx_hal_cortex.o
HAL_NVIC_DisableIRQ                               build/stm32f0xx_hal_cortex.o
                                                  build/stm32f0xx_nucleo.o
HAL_NVIC_EnableIRQ                                build/stm32f0xx_hal_cortex.o
                                                  build/stm32f0xx_nucleo.o
                                                  build/stm32f0xx_hal_timebase_tim.o
HAL_NVIC_GetPendingIRQ                            build/stm32f0xx_hal_cortex.o
HAL_NVIC_GetPriority                              build/stm32f0xx_hal_cortex.o
HAL_NVIC_SetPendingIRQ                            build/stm32f0xx_hal_cortex.o
HAL_NVIC_SetPriority                              build/stm32f0xx_hal_cortex.o
                                                  build/stm32f0xx_hal.o
                                                  build/stm32f0xx_nucleo.o
                                                  build/stm32f0xx_hal_timebase_tim.o
                                                  build/stm32f0xx_hal_msp.o
HAL_NVIC_SystemReset                              build/stm32f0xx_hal_cortex.o
HAL_PWREx_DisableVddio2Monitor                    build/stm32f0xx_hal_pwr_ex.o
HAL_PWREx_EnableVddio2Monitor                     build/stm32f0xx_hal_pwr_ex.o
HAL_PWREx_Vddio2MonitorCallback                   build/stm32f0xx_hal_pwr_ex.o
HAL_PWREx_Vddio2Monitor_IRQHandler                build/stm32f0xx_hal_pwr_ex.o
HAL_PWR_ConfigPVD                                 build/stm32f0xx_hal_pwr_ex.o
HAL_PWR_DeInit                                    build/stm32f0xx_hal_pwr.o
HAL_PWR_DisableBkUpAccess                         build/stm32f0xx_hal_pwr.o
HAL_PWR_DisablePVD                                build/stm32f0xx_hal_pwr_ex.o
HAL_PWR_DisableSEVOnPend                          build/stm32f0xx_hal_pwr.o
HAL_PWR_DisableSleepOnExit                        build/stm32f0xx_hal_pwr.o
HAL_PWR_DisableWakeUpPin                          build/stm32f0xx_hal_pwr.o
HAL_PWR_EnableBkUpAccess                          build/stm32f0xx_hal_pwr.o
HAL_PWR_EnablePVD                                 build/stm32f0xx_hal_pwr_ex.o
HAL_PWR_EnableSEVOnPend                           build/stm32f0xx_hal_pwr.o
HAL_PWR_EnableSleepOnExit                         build/stm32f0xx_hal_pwr.o
HAL_PWR_EnableWakeUpPin                           build/stm32f0xx_hal_pwr.o
HAL_PWR_EnterSLEEPMode                            build/stm32f0xx_hal_pwr.o
HAL_PWR_EnterSTANDBYMode                          build/stm32f0xx_hal_pwr.o
HAL_PWR_EnterSTOPMode                             build/stm32f0xx_hal_pwr.o
HAL_PWR_PVDCallback                               build/stm32f0xx_hal_pwr_ex.o
HAL_PWR_PVD_IRQHandler                            build/stm32f0xx_hal_pwr_ex.o
HAL_RCCEx_CRSConfig                               build/stm32f0xx_hal_rcc_ex.o
HAL_RCCEx_CRSGetSynchronizationInfo               build/stm32f0xx_hal_rcc_ex.o
HAL_RCCEx_CRSSoftwareSynchronizationGenerate      build/stm32f0xx_hal_rcc_ex.o
HAL_RCCEx_CRSWaitSynchronization                  build/stm32f0xx_hal_rcc_ex.o
HAL_RCCEx_CRS_ErrorCallback                       build/stm32f0xx_hal_rcc_ex.o
HAL_RCCEx_CRS_ExpectedSyncCallback                build/stm32f0xx_hal_rcc_ex.o
HAL_RCCEx_CRS_IRQHandler                          build/stm32f0xx_hal_rcc_ex.o
HAL_RCCEx_CRS_SyncOkCallback                      build/stm32f0xx_hal_rcc_ex.o
HAL_RCCEx_CRS_SyncWarnCallback                    build/stm32f0xx_hal_rcc_ex.o
HAL_RCCEx_GetPeriphCLKConfig                      build/stm32f0xx_hal_rcc_ex.o
HAL_RCCEx_GetPeriphCLKFreq                        build/stm32f0xx_hal_rcc_ex.o
HAL_RCCEx_PeriphCLKConfig                         build/stm32f0xx_hal_rcc_ex.o
HAL_RCC_CSSCallback                               build/stm32f0xx_hal_rcc.o
HAL_RCC_ClockConfig                               build/stm32f0xx_hal_rcc.o
                                                  build/main.o
HAL_RCC_DeInit                                    build/stm32f0xx_hal_rcc.o
HAL_RCC_DisableCSS                                build/stm32f0xx_hal_rcc.o
HAL_RCC_EnableCSS                                 build/stm32f0xx_hal_rcc.o
HAL_RCC_GetClockConfig                            build/stm32f0xx_hal_rcc.o
                                                  build/stm32f0xx_hal_timebase_tim.o
HAL_RCC_GetHCLKFreq                               build/stm32f0xx_hal_rcc.o
HAL_RCC_GetOscConfig                              build/stm32f0xx_hal_rcc.o
HAL_RCC_GetPCLK1Freq                              build/stm32f0xx_hal_rcc.o
                                                  build/stm32f0xx_hal_rcc_ex.o
                                                  build/stm32f0xx_hal_timebase_tim.o
HAL_RCC_GetSysClockFreq                           build/stm32f0xx_hal_rcc.o
                                                  build/stm32f0xx_hal_rcc_ex.o
HAL_RCC_MCOConfig                                 build/stm32f0xx_hal_rcc.o
HAL_RCC_NMI_IRQHandler                            build/stm32f0xx_hal_rcc.o
HAL_RCC_OscConfig                                 build/stm32f0xx_hal_rcc.o
                                                  build/main.o
HAL_ResumeTick                                    build/stm32f0xx_hal_timebase_tim.o
HAL_SYSTICK_CLKSourceConfig                       build/stm32f0xx_hal_cortex.o
HAL_SYSTICK_Callback                              build/stm32f0xx_hal_cortex.o
HAL_SYSTICK_Config                                build/stm32f0xx_hal_cortex.o
                                                  build/stm32f0xx_hal.o
HAL_SYSTICK_IRQHandler                            build/stm32f0xx_hal_cortex.o
HAL_SetTickFreq                                   build/stm32f0xx_hal.o
HAL_SuspendTick                                   build/stm32f0xx_hal_timebase_tim.o
HAL_TIMEx_BreakCallback                           build/stm32f0xx_hal_tim_ex.o
                                                  build/stm32f0xx_hal_tim.o
HAL_TIMEx_CommutCallback                          build/stm32f0xx_hal_tim_ex.o
                                                  build/stm32f0xx_hal_tim.o
HAL_TIMEx_CommutHalfCpltCallback                  build/stm32f0xx_hal_tim_ex.o
HAL_TIMEx_ConfigBreakDeadTime                     build/stm32f0xx_hal_tim_ex.o
HAL_TIMEx_ConfigCommutEvent                       build/stm32f0xx_hal_tim_ex.o
HAL_TIMEx_ConfigCommutEvent_DMA                   build/stm32f0xx_hal_tim_ex.o
HAL_TIMEx_ConfigCommutEvent_IT                    build/stm32f0xx_hal_tim_ex.o
HAL_TIMEx_GetChannelNState                        build/stm32f0xx_hal_tim_ex.o
HAL_TIMEx_HallSensor_DeInit                       build/stm32f0xx_hal_tim_ex.o
HAL_TIMEx_HallSensor_GetState                     build/stm32f0xx_hal_tim_ex.o
HAL_TIMEx_HallSensor_Init                         build/stm32f0xx_hal_tim_ex.o
HAL_TIMEx_HallSensor_MspDeInit                    build/stm32f0xx_hal_tim_ex.o
HAL_TIMEx_HallSensor_MspInit                      build/stm32f0xx_hal_tim_ex.o
HAL_TIMEx_HallSensor_Start                        build/stm32f0xx_hal_tim_ex.o
HAL_TIMEx_HallSensor_Start_DMA                    build/stm32f0xx_hal_tim_ex.o
HAL_TIMEx_HallSensor_Start_IT                     build/stm32f0xx_hal_tim_ex.o
HAL_TIMEx_HallSensor_Stop                         build/stm32f0xx_hal_tim_ex.o
HAL_TIMEx_HallSensor_Stop_DMA                     build/stm32f0xx_hal_tim_ex.o
HAL_TIMEx_HallSensor_Stop_IT                      build/stm32f0xx_hal_tim_ex.o
HAL_TIMEx_MasterConfigSynchronization             build/stm32f0xx_hal_tim_ex.o
HAL_TIMEx_OCN_Start                               build/stm32f0xx_hal_tim_ex.o
HAL_TIMEx_OCN_Start_DMA                           build/stm32f0xx_hal_tim_ex.o
HAL_TIMEx_OCN_Start_IT                            build/stm32f0xx_hal_tim_ex.o
HAL_TIMEx_OCN_Stop                                build/stm32f0xx_hal_tim_ex.o
HAL_TIMEx_OCN_Stop_DMA                            build/stm32f0xx_hal_tim_ex.o
HAL_TIMEx_OCN_Stop_IT                             build/stm32f0xx_hal_tim_ex.o
HAL_TIMEx_OnePulseN_Start                         build/stm32f0xx_hal_tim_ex.o
HAL_TIMEx_OnePulseN_Start_IT                      build/stm32f0xx_hal_tim_ex.o
HAL_TIMEx_OnePulseN_Stop                          build/stm32f0xx_hal_tim_ex.o
HAL_TIMEx_OnePulseN_Stop_IT                       build/stm32f0xx_hal_tim_ex.o
HAL_TIMEx_PWMN_Start                              build/stm32f0xx_hal_tim_ex.o
HAL_TIMEx_PWMN_Start_DMA                          build/stm32f0xx_hal_tim_ex.o
HAL_TIMEx_PWMN_Start_IT                           build/stm32f0xx_hal_tim_ex.o
HAL_TIMEx_PWMN_Stop                               build/stm32f0xx_hal_tim_ex.o
HAL_TIMEx_PWMN_Stop_DMA                           build/stm32f0xx_hal_tim_ex.o
HAL_TIMEx_PWMN_Stop_IT                            build/stm32f0xx_hal_tim_ex.o
HAL_TIMEx_RemapConfig                             build/stm32f0xx_hal_tim_ex.o
HAL_TIM_Base_DeInit                               build/stm32f0xx_hal_tim.o
HAL_TIM_Base_GetState                             build/stm32f0xx_hal_tim.o
HAL_TIM_Base_Init                                 build/stm32f0xx_hal_tim.o
                                                  build/stm32f0xx_hal_timebase_tim.o
HAL_TIM_Base_MspDeInit                            build/stm32f0xx_hal_tim.o
HAL_TIM_Base_MspInit                              build/stm32f0xx_hal_tim.o
HAL_TIM_Base_Start                                build/stm32f0xx_hal_tim.o
HAL_TIM_Base_Start_DMA                            build/stm32f0xx_hal_tim.o
HAL_TIM_Base_Start_IT                             build/stm32f0xx_hal_tim.o
                                                  build/stm32f0xx_hal_timebase_tim.o
HAL_TIM_Base_Stop                                 build/stm32f0xx_hal_tim.o
HAL_TIM_Base_Stop_DMA                             build/stm32f0xx_hal_tim.o
HAL_TIM_Base_Stop_IT                              build/stm32f0xx_hal_tim.o
HAL_TIM_ConfigClockSource                         build/stm32f0xx_hal_tim.o
HAL_TIM_ConfigOCrefClear                          build/stm32f0xx_hal_tim.o
HAL_TIM_ConfigTI1Input                            build/stm32f0xx_hal_tim.o
HAL_TIM_DMABurstState                             build/stm32f0xx_hal_tim.o
HAL_TIM_DMABurst_MultiReadStart                   build/stm32f0xx_hal_tim.o
HAL_TIM_DMABurst_MultiWriteStart                  build/stm32f0xx_hal_tim.o
HAL_TIM_DMABurst_ReadStart                        build/stm32f0xx_hal_tim.o
HAL_TIM_DMABurst_ReadStop                         build/stm32f0xx_hal_tim.o
HAL_TIM_DMABurst_WriteStart                       build/stm32f0xx_hal_tim.o
HAL_TIM_DMABurst_WriteStop                        build/stm32f0xx_hal_tim.o
HAL_TIM_Encoder_DeInit                            build/stm32f0xx_hal_tim.o
HAL_TIM_Encoder_GetState                          build/stm32f0xx_hal_tim.o
HAL_TIM_Encoder_Init                              build/stm32f0xx_hal_tim.o
HAL_TIM_Encoder_MspDeInit                         build/stm32f0xx_hal_tim.o
HAL_TIM_Encoder_MspInit                           build/stm32f0xx_hal_tim.o
HAL_TIM_Encoder_Start                             build/stm32f0xx_hal_tim.o
HAL_TIM_Encoder_Start_DMA                         build/stm32f0xx_hal_tim.o
HAL_TIM_Encoder_Start_IT                          build/stm32f0xx_hal_tim.o
HAL_TIM_Encoder_Stop                              build/stm32f0xx_hal_tim.o
HAL_TIM_Encoder_Stop_DMA                          build/stm32f0xx_hal_tim.o
HAL_TIM_Encoder_Stop_IT                           build/stm32f0xx_hal_tim.o
HAL_TIM_ErrorCallback                             build/stm32f0xx_hal_tim.o
                                                  build/stm32f0xx_hal_tim_ex.o
HAL_TIM_GenerateEvent                             build/stm32f0xx_hal_tim.o
HAL_TIM_GetActiveChannel                          build/stm32f0xx_hal_tim.o
HAL_TIM_GetChannelState                           build/stm32f0xx_hal_tim.o
HAL_TIM_IC_CaptureCallback                        build/stm32f0xx_hal_tim.o
HAL_TIM_IC_CaptureHalfCpltCallback                build/stm32f0xx_hal_tim.o
HAL_TIM_IC_ConfigChannel                          build/stm32f0xx_hal_tim.o
HAL_TIM_IC_DeInit                                 build/stm32f0xx_hal_tim.o
HAL_TIM_IC_GetState                               build/stm32f0xx_hal_tim.o
HAL_TIM_IC_Init                                   build/stm32f0xx_hal_tim.o
HAL_TIM_IC_MspDeInit                              build/stm32f0xx_hal_tim.o
HAL_TIM_IC_MspInit                                build/stm32f0xx_hal_tim.o
HAL_TIM_IC_Start                                  build/stm32f0xx_hal_tim.o
HAL_TIM_IC_Start_DMA                              build/stm32f0xx_hal_tim.o
HAL_TIM_IC_Start_IT                               build/stm32f0xx_hal_tim.o
HAL_TIM_IC_Stop                                   build/stm32f0xx_hal_tim.o
HAL_TIM_IC_Stop_DMA                               build/stm32f0xx_hal_tim.o
HAL_TIM_IC_Stop_IT                                build/stm32f0xx_hal_tim.o
HAL_TIM_IRQHandler                                build/stm32f0xx_hal_tim.o
                                                  build/stm32f0xx_it.o
HAL_TIM_OC_ConfigChannel                          build/stm32f0xx_hal_tim.o
HAL_TIM_OC_DeInit                                 build/stm32f0xx_hal_tim.o
HAL_TIM_OC_DelayElapsedCallback                   build/stm32f0xx_hal_tim.o
HAL_TIM_OC_GetState                               build/stm32f0xx_hal_tim.o
HAL_TIM_OC_Init                                   build/stm32f0xx_hal_tim.o
HAL_TIM_OC_MspDeInit                              build/stm32f0xx_hal_tim.o
HAL_TIM_OC_MspInit                                build/stm32f0xx_hal_tim.o
HAL_TIM_OC_Start                                  build/stm32f0xx_hal_tim.o
HAL_TIM_OC_Start_DMA                              build/stm32f0xx_hal_tim.o
HAL_TIM_OC_Start_IT                               build/stm32f0xx_hal_tim.o
HAL_TIM_OC_Stop                                   build/stm32f0xx_hal_tim.o
HAL_TIM_OC_Stop_DMA                               build/stm32f0xx_hal_tim.o
HAL_TIM_OC_Stop_IT                                build/stm32f0xx_hal_tim.o
HAL_TIM_OnePulse_ConfigChannel                    build/stm32f0xx_hal_tim.o
HAL_TIM_OnePulse_DeInit                           build/stm32f0xx_hal_tim.o
HAL_TIM_OnePulse_GetState                         build/stm32f0xx_hal_tim.o
HAL_TIM_OnePulse_Init                             build/stm32f0xx_hal_tim.o
HAL_TIM_OnePulse_MspDeInit                        build/stm32f0xx_hal_tim.o
HAL_TIM_OnePulse_MspInit                          build/stm32f0xx_hal_tim.o
HAL_TIM_OnePulse_Start                            build/stm32f0xx_hal_tim.o
HAL_TIM_OnePulse_Start_IT                         build/stm32f0xx_hal_tim.o
HAL_TIM_OnePulse_Stop                             build/stm32f0xx_hal_tim.o
HAL_TIM_OnePulse_Stop_IT                          build/stm32f0xx_hal_tim.o
HAL_TIM_PWM_ConfigChannel                         build/stm32f0xx_hal_tim.o
HAL_TIM_PWM_DeInit                                build/stm32f0xx_hal_tim.o
HAL_TIM_PWM_GetState                              build/stm32f0xx_hal_tim.o
HAL_TIM_PWM_Init                                  build/stm32f0xx_hal_tim.o
HAL_TIM_PWM_MspDeInit                             build/stm32f0xx_hal_tim.o
HAL_TIM_PWM_MspInit                               build/stm32f0xx_hal_tim.o
HAL_TIM_PWM_PulseFinishedCallback                 build/stm32f0xx_hal_tim.o
                                                  build/stm32f0xx_hal_tim_ex.o
HAL_TIM_PWM_PulseFinishedHalfCpltCallback         build/stm32f0xx_hal_tim.o
HAL_TIM_PWM_Start                                 build/stm32f0xx_hal_tim.o
HAL_TIM_PWM_Start_DMA                             build/stm32f0xx_hal_tim.o
HAL_TIM_PWM_Start_IT                              build/stm32f0xx_hal_tim.o
HAL_TIM_PWM_Stop                                  build/stm32f0xx_hal_tim.o
HAL_TIM_PWM_Stop_DMA                              build/stm32f0xx_hal_tim.o
HAL_TIM_PWM_Stop_IT                               build/stm32f0xx_hal_tim.o
HAL_TIM_PeriodElapsedCallback                     build/stm32f0xx_hal_tim.o
HAL_TIM_PeriodElapsedHalfCpltCallback             build/stm32f0xx_hal_tim.o
HAL_TIM_ReadCapturedValue                         build/stm32f0xx_hal_tim.o
HAL_TIM_SlaveConfigSynchro                        build/stm32f0xx_hal_tim.o
HAL_TIM_SlaveConfigSynchro_IT                     build/stm32f0xx_hal_tim.o
HAL_TIM_TriggerCallback                           build/stm32f0xx_hal_tim.o
HAL_TIM_TriggerHalfCpltCallback                   build/stm32f0xx_hal_tim.o
HardFault_Handler                                 build/stm32f0xx_it.o
I2C1_IRQHandler                                   build/startup_stm32f091xc.o
I2C2_IRQHandler                                   build/startup_stm32f091xc.o
LED_PIN                                           build/stm32f0xx_nucleo.o
LED_PORT                                          build/stm32f0xx_nucleo.o
NMI_Handler                                       build/stm32f0xx_it.o
PVD_VDDIO2_IRQHandler                             build/startup_stm32f091xc.o
PendSV_Handler                                    build/port.o
RCC_CRS_IRQHandler                                build/startup_stm32f091xc.o
RTC_IRQHandler                                    build/startup_stm32f091xc.o
Reset_Handler                                     build/startup_stm32f091xc.o
SPI1_IRQHandler                                   build/startup_stm32f091xc.o
SPI2_IRQHandler                                   build/startup_stm32f091xc.o
SVC_Handler                                       build/port.o
SysTick_Handler                                   build/port.o
SystemCoreClock                                   build/system_stm32f0xx.o
                                                  build/port.o
                                                  build/cmsis_os2.o
                                                  build/stm32f0xx_hal.o
                                                  build/stm32f0xx_hal_rcc.o
SystemCoreClockUpdate                             build/system_stm32f0xx.o
SystemInit                                        build/system_stm32f0xx.o
                                                  build/startup_stm32f091xc.o
TIM14_IRQHandler                                  build/startup_stm32f091xc.o
TIM15_IRQHandler                                  build/startup_stm32f091xc.o
TIM16_IRQHandler                                  build/startup_stm32f091xc.o
TIM17_IRQHandler                                  build/startup_stm32f091xc.o
TIM1_BRK_UP_TRG_COM_IRQHandler                    build/startup_stm32f091xc.o
TIM1_CC_IRQHandler                                build/startup_stm32f091xc.o
TIM2_IRQHandler                                   build/stm32f0xx_it.o
TIM3_IRQHandler                                   build/startup_stm32f091xc.o
TIM6_DAC_IRQHandler                               build/startup_stm32f091xc.o
TIM7_IRQHandler                                   build/startup_stm32f091xc.o
TIMEx_DMACommutationCplt                          build/stm32f0xx_hal_tim_ex.o
                                                  build/stm32f0xx_hal_tim.o
TIMEx_DMACommutationHalfCplt                      build/stm32f0xx_hal_tim_ex.o
                                                  build/stm32f0xx_hal_tim.o
TIM_Base_SetConfig                                build/stm32f0xx_hal_tim.o
                                                  build/stm32f0xx_hal_tim_ex.o
TIM_CCxChannelCmd                                 build/stm32f0xx_hal_tim.o
                                                  build/stm32f0xx_hal_tim_ex.o
TIM_DMACaptureCplt                                build/stm32f0xx_hal_tim.o
                                                  build/stm32f0xx_hal_tim_ex.o
TIM_DMACaptureHalfCplt                            build/stm32f0xx_hal_tim.o
                                                  build/stm32f0xx_hal_tim_ex.o
TIM_DMADelayPulseHalfCplt                         build/stm32f0xx_hal_tim.o
                                                  build/stm32f0xx_hal_tim_ex.o
TIM_DMAError                                      build/stm32f0xx_hal_tim.o
                                                  build/stm32f0xx_hal_tim_ex.o
TIM_ETR_SetConfig                                 build/stm32f0xx_hal_tim.o
TIM_OC2_SetConfig                                 build/stm32f0xx_hal_tim.o
                                                  build/stm32f0xx_hal_tim_ex.o
TIM_TI1_SetConfig                                 build/stm32f0xx_hal_tim.o
                                                  build/stm32f0xx_hal_tim_ex.o
TSC_IRQHandler                                    build/startup_stm32f091xc.o
USART1_IRQHandler                                 build/startup_stm32f091xc.o
USART2_IRQHandler                                 build/startup_stm32f091xc.o
USART3_8_IRQHandler                               build/startup_stm32f091xc.o
WWDG_IRQHandler                                   build/startup_stm32f091xc.o
__aeabi_idiv0                                     /opt/gcc-arm-none-eabi-7-2018-q2-update/bin/../lib/gcc/arm-none-eabi/7.3.1/thumb/v6-m/libgcc.a(_dvmd_tls.o)
                                                  /opt/gcc-arm-none-eabi-7-2018-q2-update/bin/../lib/gcc/arm-none-eabi/7.3.1/thumb/v6-m/libgcc.a(_udivsi3.o)
__aeabi_ldiv0                                     /opt/gcc-arm-none-eabi-7-2018-q2-update/bin/../lib/gcc/arm-none-eabi/7.3.1/thumb/v6-m/libgcc.a(_dvmd_tls.o)
__aeabi_uidiv                                     /opt/gcc-arm-none-eabi-7-2018-q2-update/bin/../lib/gcc/arm-none-eabi/7.3.1/thumb/v6-m/libgcc.a(_udivsi3.o)
                                                  build/port.o
                                                  build/cmsis_os2.o
                                                  build/system_stm32f0xx.o
                                                  build/stm32f0xx_hal_dma.o
                                                  build/stm32f0xx_hal.o
                                                  build/stm32f0xx_hal_rcc.o
                                                  build/stm32f0xx_hal_timebase_tim.o
__aeabi_uidivmod                                  /opt/gcc-arm-none-eabi-7-2018-q2-update/bin/../lib/gcc/arm-none-eabi/7.3.1/thumb/v6-m/libgcc.a(_udivsi3.o)
__bss_end__                                       /opt/gcc-arm-none-eabi-7-2018-q2-update/bin/../lib/gcc/arm-none-eabi/7.3.1/../../../../arm-none-eabi/lib/thumb/v6-m/crt0.o
__bss_start__                                     /opt/gcc-arm-none-eabi-7-2018-q2-update/bin/../lib/gcc/arm-none-eabi/7.3.1/../../../../arm-none-eabi/lib/thumb/v6-m/crt0.o
__call_exitprocs                                  /opt/gcc-arm-none-eabi-7-2018-q2-update/bin/../lib/gcc/arm-none-eabi/7.3.1/../../../../arm-none-eabi/lib/thumb/v6-m/libc_nano.a(lib_a-exit.o)
__deregister_frame_info                           /opt/gcc-arm-none-eabi-7-2018-q2-update/bin/../lib/gcc/arm-none-eabi/7.3.1/thumb/v6-m/crtbegin.o
__dso_handle                                      /opt/gcc-arm-none-eabi-7-2018-q2-update/bin/../lib/gcc/arm-none-eabi/7.3.1/thumb/v6-m/crtbegin.o
__init_array_end                                  /opt/gcc-arm-none-eabi-7-2018-q2-update/bin/../lib/gcc/arm-none-eabi/7.3.1/../../../../arm-none-eabi/lib/thumb/v6-m/libc_nano.a(lib_a-init.o)
__init_array_start                                /opt/gcc-arm-none-eabi-7-2018-q2-update/bin/../lib/gcc/arm-none-eabi/7.3.1/../../../../arm-none-eabi/lib/thumb/v6-m/libc_nano.a(lib_a-init.o)
__libc_fini_array                                 /opt/gcc-arm-none-eabi-7-2018-q2-update/bin/../lib/gcc/arm-none-eabi/7.3.1/../../../../arm-none-eabi/lib/thumb/v6-m/crt0.o
__libc_init_array                                 /opt/gcc-arm-none-eabi-7-2018-q2-update/bin/../lib/gcc/arm-none-eabi/7.3.1/../../../../arm-none-eabi/lib/thumb/v6-m/libc_nano.a(lib_a-init.o)
                                                  build/startup_stm32f091xc.o
                                                  /opt/gcc-arm-none-eabi-7-2018-q2-update/bin/../lib/gcc/arm-none-eabi/7.3.1/../../../../arm-none-eabi/lib/thumb/v6-m/crt0.o
__preinit_array_end                               /opt/gcc-arm-none-eabi-7-2018-q2-update/bin/../lib/gcc/arm-none-eabi/7.3.1/../../../../arm-none-eabi/lib/thumb/v6-m/libc_nano.a(lib_a-init.o)
__preinit_array_start                             /opt/gcc-arm-none-eabi-7-2018-q2-update/bin/../lib/gcc/arm-none-eabi/7.3.1/../../../../arm-none-eabi/lib/thumb/v6-m/libc_nano.a(lib_a-init.o)
__register_frame_info                             /opt/gcc-arm-none-eabi-7-2018-q2-update/bin/../lib/gcc/arm-none-eabi/7.3.1/thumb/v6-m/crtbegin.o
__sf_fake_stderr                                  /opt/gcc-arm-none-eabi-7-2018-q2-update/bin/../lib/gcc/arm-none-eabi/7.3.1/../../../../arm-none-eabi/lib/thumb/v6-m/libc_nano.a(lib_a-impure.o)
__sf_fake_stdin                                   /opt/gcc-arm-none-eabi-7-2018-q2-update/bin/../lib/gcc/arm-none-eabi/7.3.1/../../../../arm-none-eabi/lib/thumb/v6-m/libc_nano.a(lib_a-impure.o)
__sf_fake_stdout                                  /opt/gcc-arm-none-eabi-7-2018-q2-update/bin/../lib/gcc/arm-none-eabi/7.3.1/../../../../arm-none-eabi/lib/thumb/v6-m/libc_nano.a(lib_a-impure.o)
__stack                                           /opt/gcc-arm-none-eabi-7-2018-q2-update/bin/../lib/gcc/arm-none-eabi/7.3.1/../../../../arm-none-eabi/lib/thumb/v6-m/crt0.o
__udivsi3                                         /opt/gcc-arm-none-eabi-7-2018-q2-update/bin/../lib/gcc/arm-none-eabi/7.3.1/thumb/v6-m/libgcc.a(_udivsi3.o)
_ebss                                             build/startup_stm32f091xc.o
_edata                                            build/startup_stm32f091xc.o
_estack                                           build/startup_stm32f091xc.o
_exit                                             /opt/gcc-arm-none-eabi-7-2018-q2-update/bin/../lib/gcc/arm-none-eabi/7.3.1/../../../../arm-none-eabi/lib/thumb/v6-m/libnosys.a(_exit.o)
                                                  /opt/gcc-arm-none-eabi-7-2018-q2-update/bin/../lib/gcc/arm-none-eabi/7.3.1/../../../../arm-none-eabi/lib/thumb/v6-m/libc_nano.a(lib_a-exit.o)
_fini                                             /opt/gcc-arm-none-eabi-7-2018-q2-update/bin/../lib/gcc/arm-none-eabi/7.3.1/thumb/v6-m/crti.o
_global_impure_ptr                                /opt/gcc-arm-none-eabi-7-2018-q2-update/bin/../lib/gcc/arm-none-eabi/7.3.1/../../../../arm-none-eabi/lib/thumb/v6-m/libc_nano.a(lib_a-impure.o)
                                                  /opt/gcc-arm-none-eabi-7-2018-q2-update/bin/../lib/gcc/arm-none-eabi/7.3.1/../../../../arm-none-eabi/lib/thumb/v6-m/libc_nano.a(lib_a-exit.o)
_impure_ptr                                       /opt/gcc-arm-none-eabi-7-2018-q2-update/bin/../lib/gcc/arm-none-eabi/7.3.1/../../../../arm-none-eabi/lib/thumb/v6-m/libc_nano.a(lib_a-impure.o)
_init                                             /opt/gcc-arm-none-eabi-7-2018-q2-update/bin/../lib/gcc/arm-none-eabi/7.3.1/thumb/v6-m/crti.o
                                                  /opt/gcc-arm-none-eabi-7-2018-q2-update/bin/../lib/gcc/arm-none-eabi/7.3.1/../../../../arm-none-eabi/lib/thumb/v6-m/libc_nano.a(lib_a-init.o)
_mainCRTStartup                                   /opt/gcc-arm-none-eabi-7-2018-q2-update/bin/../lib/gcc/arm-none-eabi/7.3.1/../../../../arm-none-eabi/lib/thumb/v6-m/crt0.o
_sbss                                             build/startup_stm32f091xc.o
_sdata                                            build/startup_stm32f091xc.o
_sidata                                           build/startup_stm32f091xc.o
_start                                            /opt/gcc-arm-none-eabi-7-2018-q2-update/bin/../lib/gcc/arm-none-eabi/7.3.1/../../../../arm-none-eabi/lib/thumb/v6-m/crt0.o
atexit                                            /opt/gcc-arm-none-eabi-7-2018-q2-update/bin/../lib/gcc/arm-none-eabi/7.3.1/../../../../arm-none-eabi/lib/thumb/v6-m/crt0.o
eTaskGetState                                     build/tasks.o
                                                  build/cmsis_os2.o
exit                                              /opt/gcc-arm-none-eabi-7-2018-q2-update/bin/../lib/gcc/arm-none-eabi/7.3.1/../../../../arm-none-eabi/lib/thumb/v6-m/libc_nano.a(lib_a-exit.o)
                                                  /opt/gcc-arm-none-eabi-7-2018-q2-update/bin/../lib/gcc/arm-none-eabi/7.3.1/../../../../arm-none-eabi/lib/thumb/v6-m/crt0.o
g_pfnVectors                                      build/startup_stm32f091xc.o
hardware_init_hook                                /opt/gcc-arm-none-eabi-7-2018-q2-update/bin/../lib/gcc/arm-none-eabi/7.3.1/../../../../arm-none-eabi/lib/thumb/v6-m/crt0.o
htim2                                             build/stm32f0xx_hal_timebase_tim.o
                                                  build/stm32f0xx_it.o
main                                              build/main.o
                                                  build/startup_stm32f091xc.o
                                                  /opt/gcc-arm-none-eabi-7-2018-q2-update/bin/../lib/gcc/arm-none-eabi/7.3.1/../../../../arm-none-eabi/lib/thumb/v6-m/crt0.o
memcpy                                            /opt/gcc-arm-none-eabi-7-2018-q2-update/bin/../lib/gcc/arm-none-eabi/7.3.1/../../../../arm-none-eabi/lib/thumb/v6-m/libc_nano.a(lib_a-memcpy-stub.o)
                                                  build/cmsis_os2.o
                                                  build/stream_buffer.o
                                                  build/queue.o
memset                                            /opt/gcc-arm-none-eabi-7-2018-q2-update/bin/../lib/gcc/arm-none-eabi/7.3.1/../../../../arm-none-eabi/lib/thumb/v6-m/libc_nano.a(lib_a-memset.o)
                                                  build/tasks.o
                                                  build/stream_buffer.o
                                                  /opt/gcc-arm-none-eabi-7-2018-q2-update/bin/../lib/gcc/arm-none-eabi/7.3.1/../../../../arm-none-eabi/lib/thumb/v6-m/crt0.o
osDelay                                           build/cmsis_os2.o
osDelayUntil                                      build/cmsis_os2.o
osEventFlagsClear                                 build/cmsis_os2.o
osEventFlagsDelete                                build/cmsis_os2.o
osEventFlagsGet                                   build/cmsis_os2.o
osEventFlagsNew                                   build/cmsis_os2.o
osEventFlagsSet                                   build/cmsis_os2.o
osEventFlagsWait                                  build/cmsis_os2.o
osKernelGetInfo                                   build/cmsis_os2.o
osKernelGetState                                  build/cmsis_os2.o
osKernelGetSysTimerCount                          build/cmsis_os2.o
osKernelGetSysTimerFreq                           build/cmsis_os2.o
osKernelGetTickCount                              build/cmsis_os2.o
osKernelGetTickFreq                               build/cmsis_os2.o
osKernelInitialize                                build/cmsis_os2.o
osKernelLock                                      build/cmsis_os2.o
osKernelRestoreLock                               build/cmsis_os2.o
osKernelStart                                     build/cmsis_os2.o
osKernelUnlock                                    build/cmsis_os2.o
osMessageQueueDelete                              build/cmsis_os2.o
osMessageQueueGet                                 build/cmsis_os2.o
osMessageQueueGetCapacity                         build/cmsis_os2.o
osMessageQueueGetCount                            build/cmsis_os2.o
osMessageQueueGetMsgSize                          build/cmsis_os2.o
osMessageQueueGetSpace                            build/cmsis_os2.o
osMessageQueueNew                                 build/cmsis_os2.o
osMessageQueuePut                                 build/cmsis_os2.o
osMessageQueueReset                               build/cmsis_os2.o
osMutexAcquire                                    build/cmsis_os2.o
osMutexDelete                                     build/cmsis_os2.o
osMutexGetOwner                                   build/cmsis_os2.o
osMutexNew                                        build/cmsis_os2.o
osMutexRelease                                    build/cmsis_os2.o
osSemaphoreAcquire                                build/cmsis_os2.o
osSemaphoreDelete                                 build/cmsis_os2.o
osSemaphoreGetCount                               build/cmsis_os2.o
osSemaphoreNew                                    build/cmsis_os2.o
osSemaphoreRelease                                build/cmsis_os2.o
osThreadEnumerate                                 build/cmsis_os2.o
osThreadExit                                      build/cmsis_os2.o
osThreadFlagsClear                                build/cmsis_os2.o
osThreadFlagsGet                                  build/cmsis_os2.o
osThreadFlagsSet                                  build/cmsis_os2.o
osThreadFlagsWait                                 build/cmsis_os2.o
osThreadGetCount                                  build/cmsis_os2.o
osThreadGetId                                     build/cmsis_os2.o
osThreadGetName                                   build/cmsis_os2.o
osThreadGetPriority                               build/cmsis_os2.o
osThreadGetStackSize                              build/cmsis_os2.o
osThreadGetStackSpace                             build/cmsis_os2.o
osThreadGetState                                  build/cmsis_os2.o
osThreadNew                                       build/cmsis_os2.o
osThreadResume                                    build/cmsis_os2.o
osThreadSetPriority                               build/cmsis_os2.o
osThreadSuspend                                   build/cmsis_os2.o
osThreadTerminate                                 build/cmsis_os2.o
osThreadYield                                     build/cmsis_os2.o
osTimerDelete                                     build/cmsis_os2.o
osTimerGetName                                    build/cmsis_os2.o
osTimerIsRunning                                  build/cmsis_os2.o
osTimerNew                                        build/cmsis_os2.o
osTimerStart                                      build/cmsis_os2.o
osTimerStop                                       build/cmsis_os2.o
pFlash                                            build/stm32f0xx_hal_flash.o
                                                  build/stm32f0xx_hal_flash_ex.o
pcQueueGetName                                    build/queue.o
pcTaskGetName                                     build/tasks.o
                                                  build/cmsis_os2.o
pcTimerGetName                                    build/timers.o
                                                  build/cmsis_os2.o
pvPortMalloc                                      build/heap_4.o
                                                  build/cmsis_os2.o
                                                  build/timers.o
                                                  build/tasks.o
                                                  build/stream_buffer.o
                                                  build/queue.o
                                                  build/event_groups.o
pvTaskIncrementMutexHeldCount                     build/tasks.o
                                                  build/queue.o
pvTimerGetTimerID                                 build/timers.o
                                                  build/cmsis_os2.o
pxCurrentTCB                                      build/tasks.o
                                                  build/port.o
pxPortInitialiseStack                             build/port.o
                                                  build/tasks.o
software_init_hook                                /opt/gcc-arm-none-eabi-7-2018-q2-update/bin/../lib/gcc/arm-none-eabi/7.3.1/../../../../arm-none-eabi/lib/thumb/v6-m/crt0.o
ucQueueGetQueueType                               build/queue.o
ucStreamBufferGetStreamBufferType                 build/stream_buffer.o
ulSetInterruptMaskFromISR                         build/port.o
                                                  build/cmsis_os2.o
                                                  build/tasks.o
                                                  build/stream_buffer.o
                                                  build/queue.o
                                                  build/event_groups.o
ulTaskNotifyTake                                  build/tasks.o
uwTick                                            build/stm32f0xx_hal.o
uwTickFreq                                        build/stm32f0xx_hal.o
uwTickPrio                                        build/stm32f0xx_hal.o
                                                  build/stm32f0xx_hal_rcc.o
uxEventGroupGetNumber                             build/event_groups.o
uxListRemove                                      build/list.o
                                                  build/timers.o
                                                  build/tasks.o
uxQueueGetQueueNumber                             build/queue.o
uxQueueMessagesWaiting                            build/queue.o
                                                  build/cmsis_os2.o
uxQueueMessagesWaitingFromISR                     build/queue.o
                                                  build/cmsis_os2.o
uxQueueSpacesAvailable                            build/queue.o
                                                  build/cmsis_os2.o
uxStreamBufferGetStreamBufferNumber               build/stream_buffer.o
uxTaskGetNumberOfTasks                            build/tasks.o
                                                  build/cmsis_os2.o
uxTaskGetStackHighWaterMark                       build/tasks.o
                                                  build/cmsis_os2.o
uxTaskGetSystemState                              build/tasks.o
                                                  build/cmsis_os2.o
uxTaskGetTaskNumber                               build/tasks.o
uxTaskPriorityGet                                 build/tasks.o
                                                  build/cmsis_os2.o
uxTaskPriorityGetFromISR                          build/tasks.o
uxTaskResetEventItemValue                         build/tasks.o
                                                  build/event_groups.o
uxTimerGetTimerNumber                             build/timers.o
vApplicationGetIdleTaskMemory                     build/cmsis_os2.o
                                                  build/tasks.o
vApplicationGetTimerTaskMemory                    build/cmsis_os2.o
                                                  build/timers.o
vClearInterruptMaskFromISR                        build/port.o
                                                  build/cmsis_os2.o
                                                  build/tasks.o
                                                  build/stream_buffer.o
                                                  build/queue.o
                                                  build/event_groups.o
vEventGroupClearBitsCallback                      build/event_groups.o
vEventGroupDelete                                 build/event_groups.o
                                                  build/cmsis_os2.o
vEventGroupSetBitsCallback                        build/event_groups.o
vEventGroupSetNumber                              build/event_groups.o
vListInitialise                                   build/list.o
                                                  build/timers.o
                                                  build/tasks.o
                                                  build/queue.o
                                                  build/event_groups.o
vListInitialiseItem                               build/list.o
                                                  build/timers.o
                                                  build/tasks.o
vListInsert                                       build/list.o
                                                  build/timers.o
                                                  build/tasks.o
vListInsertEnd                                    build/list.o
                                                  build/tasks.o
vPortEndScheduler                                 build/port.o
                                                  build/tasks.o
vPortEnterCritical                                build/port.o
                                                  build/timers.o
                                                  build/tasks.o
                                                  build/stream_buffer.o
                                                  build/queue.o
                                                  build/event_groups.o
vPortExitCritical                                 build/port.o
                                                  build/timers.o
                                                  build/tasks.o
                                                  build/stream_buffer.o
                                                  build/queue.o
                                                  build/event_groups.o
vPortFree                                         build/heap_4.o
                                                  build/cmsis_os2.o
                                                  build/timers.o
                                                  build/tasks.o
                                                  build/stream_buffer.o
                                                  build/queue.o
                                                  build/event_groups.o
vPortInitialiseBlocks                             build/heap_4.o
vPortYield                                        build/port.o
                                                  build/cmsis_os2.o
                                                  build/timers.o
                                                  build/tasks.o
                                                  build/queue.o
                                                  build/event_groups.o
vQueueAddToRegistry                               build/queue.o
                                                  build/cmsis_os2.o
                                                  build/timers.o
vQueueDelete                                      build/queue.o
                                                  build/cmsis_os2.o
vQueueSetQueueNumber                              build/queue.o
vQueueUnregisterQueue                             build/queue.o
                                                  build/cmsis_os2.o
vQueueWaitForMessageRestricted                    build/queue.o
                                                  build/timers.o
vStreamBufferDelete                               build/stream_buffer.o
vStreamBufferSetStreamBufferNumber                build/stream_buffer.o
vTaskDelay                                        build/tasks.o
                                                  build/cmsis_os2.o
vTaskDelayUntil                                   build/tasks.o
                                                  build/cmsis_os2.o
vTaskDelete                                       build/tasks.o
                                                  build/cmsis_os2.o
vTaskEndScheduler                                 build/tasks.o
vTaskGetInfo                                      build/tasks.o
vTaskInternalSetTimeOutState                      build/tasks.o
                                                  build/queue.o
vTaskMissedYield                                  build/tasks.o
                                                  build/queue.o
vTaskNotifyGiveFromISR                            build/tasks.o
vTaskPlaceOnEventList                             build/tasks.o
                                                  build/queue.o
vTaskPlaceOnEventListRestricted                   build/tasks.o
                                                  build/queue.o
vTaskPlaceOnUnorderedEventList                    build/tasks.o
                                                  build/event_groups.o
vTaskPriorityDisinheritAfterTimeout               build/tasks.o
                                                  build/queue.o
vTaskPrioritySet                                  build/tasks.o
                                                  build/cmsis_os2.o
vTaskRemoveFromUnorderedEventList                 build/tasks.o
                                                  build/event_groups.o
vTaskResume                                       build/tasks.o
                                                  build/cmsis_os2.o
vTaskSetTaskNumber                                build/tasks.o
vTaskSetTimeOutState                              build/tasks.o
                                                  build/stream_buffer.o
vTaskStartScheduler                               build/tasks.o
                                                  build/cmsis_os2.o
vTaskSuspend                                      build/tasks.o
                                                  build/cmsis_os2.o
vTaskSuspendAll                                   build/tasks.o
                                                  build/heap_4.o
                                                  build/cmsis_os2.o
                                                  build/timers.o
                                                  build/stream_buffer.o
                                                  build/queue.o
                                                  build/event_groups.o
vTaskSwitchContext                                build/tasks.o
                                                  build/port.o
vTimerSetTimerID                                  build/timers.o
vTimerSetTimerNumber                              build/timers.o
xEventGroupClearBits                              build/event_groups.o
                                                  build/cmsis_os2.o
xEventGroupClearBitsFromISR                       build/event_groups.o
                                                  build/cmsis_os2.o
xEventGroupCreate                                 build/event_groups.o
                                                  build/cmsis_os2.o
xEventGroupCreateStatic                           build/event_groups.o
                                                  build/cmsis_os2.o
xEventGroupGetBitsFromISR                         build/event_groups.o
                                                  build/cmsis_os2.o